Component: ARM Compiler 5.06 update 4 (build 422) Tool: armlink [4d35d2]

==============================================================================

Section Cross References

    main.o(i.Beep_Init) refers to stm32f10x_rcc.o(i.RCC_APB2PeriphClockCmd) for RCC_APB2PeriphClockCmd
    main.o(i.Beep_Init) refers to stm32f10x_gpio.o(i.GPIO_Init) for GPIO_Init
    main.o(i.Data_pack) refers to _printf_percent.o(.ARM.Collect$$_printf_percent$$00000000) for _printf_percent
    main.o(i.Data_pack) refers to _printf_s.o(.ARM.Collect$$_printf_percent$$00000014) for _printf_s
    main.o(i.Data_pack) refers to _printf_str.o(.text) for _printf_str
    main.o(i.Data_pack) refers to noretval__2printf.o(.text) for __2printf
    main.o(i.Data_pack) refers to main.o(i.data_write) for data_write
    main.o(i.Data_pack) refers to tasks.o(i.vTaskDelay) for vTaskDelay
    main.o(i.Data_pack) refers to main.o(.constdata) for __func__
    main.o(i.Data_sema) refers to _printf_percent.o(.ARM.Collect$$_printf_percent$$00000000) for _printf_percent
    main.o(i.Data_sema) refers to _printf_s.o(.ARM.Collect$$_printf_percent$$00000014) for _printf_s
    main.o(i.Data_sema) refers to _printf_str.o(.text) for _printf_str
    main.o(i.Data_sema) refers to noretval__2printf.o(.text) for __2printf
    main.o(i.Data_sema) refers to tasks.o(i.vTaskDelay) for vTaskDelay
    main.o(i.Data_sema) refers to main.o(.constdata) for __func__
    main.o(i.Data_transfer) refers to _printf_percent.o(.ARM.Collect$$_printf_percent$$00000000) for _printf_percent
    main.o(i.Data_transfer) refers to _printf_s.o(.ARM.Collect$$_printf_percent$$00000014) for _printf_s
    main.o(i.Data_transfer) refers to _printf_str.o(.text) for _printf_str
    main.o(i.Data_transfer) refers to noretval__2printf.o(.text) for __2printf
    main.o(i.Data_transfer) refers to main.o(i.data_read) for data_read
    main.o(i.Data_transfer) refers to tasks.o(i.vTaskDelay) for vTaskDelay
    main.o(i.Data_transfer) refers to main.o(.constdata) for __func__
    main.o(i.Delay_ms) refers to _printf_percent.o(.ARM.Collect$$_printf_percent$$00000000) for _printf_percent
    main.o(i.Delay_ms) refers to _printf_s.o(.ARM.Collect$$_printf_percent$$00000014) for _printf_s
    main.o(i.Delay_ms) refers to _printf_str.o(.text) for _printf_str
    main.o(i.Delay_ms) refers to noretval__2printf.o(.text) for __2printf
    main.o(i.Delay_ms) refers to main.o(.data) for TimingDelay
    main.o(i.Delay_ms) refers to main.o(.constdata) for __func__
    main.o(i.GPIO_Configure) refers to stm32f10x_gpio.o(i.GPIO_Init) for GPIO_Init
    main.o(i.GPIO_Configure) refers to main.o(.data) for GPIO_InitStructure
    main.o(i.Key_Init) refers to stm32f10x_rcc.o(i.RCC_APB2PeriphClockCmd) for RCC_APB2PeriphClockCmd
    main.o(i.Key_Init) refers to stm32f10x_gpio.o(i.GPIO_Init) for GPIO_Init
    main.o(i.Led_Init) refers to stm32f10x_rcc.o(i.RCC_APB2PeriphClockCmd) for RCC_APB2PeriphClockCmd
    main.o(i.Led_Init) refers to stm32f10x_gpio.o(i.GPIO_Init) for GPIO_Init
    main.o(i.Led_Init) refers to stm32f10x_gpio.o(i.GPIO_SetBits) for GPIO_SetBits
    main.o(i.NVIC_Config) refers to misc.o(i.NVIC_Init) for NVIC_Init
    main.o(i.SendChar) refers to stm32f10x_usart.o(i.USART_SendData) for USART_SendData
    main.o(i.SendChar) refers to stm32f10x_usart.o(i.USART_GetFlagStatus) for USART_GetFlagStatus
    main.o(i.TIM2_IRQHandler) refers to stm32f10x_tim.o(i.TIM_GetITStatus) for TIM_GetITStatus
    main.o(i.TIM2_IRQHandler) refers to stm32f10x_tim.o(i.TIM_ClearITPendingBit) for TIM_ClearITPendingBit
    main.o(i.TIM2_IRQHandler) refers to main.o(.data) for TimingDelay
    main.o(i.TIM2_NVIC_Configuration) refers to misc.o(i.NVIC_PriorityGroupConfig) for NVIC_PriorityGroupConfig
    main.o(i.TIM2_NVIC_Configuration) refers to misc.o(i.NVIC_Init) for NVIC_Init
    main.o(i.TIMx_Configuration) refers to stm32f10x_rcc.o(i.RCC_APB1PeriphClockCmd) for RCC_APB1PeriphClockCmd
    main.o(i.TIMx_Configuration) refers to stm32f10x_tim.o(i.TIM_TimeBaseInit) for TIM_TimeBaseInit
    main.o(i.TIMx_Configuration) refers to stm32f10x_tim.o(i.TIM_ClearFlag) for TIM_ClearFlag
    main.o(i.TIMx_Configuration) refers to stm32f10x_tim.o(i.TIM_ITConfig) for TIM_ITConfig
    main.o(i.TIMx_Configuration) refers to stm32f10x_tim.o(i.TIM_Cmd) for TIM_Cmd
    main.o(i.USART_Configure) refers to stm32f10x_usart.o(i.USART_Init) for USART_Init
    main.o(i.USART_Configure) refers to stm32f10x_usart.o(i.USART_Cmd) for USART_Cmd
    main.o(i.USART_Configure) refers to stm32f10x_usart.o(i.USART_ITConfig) for USART_ITConfig
    main.o(i.USART_Configure) refers to main.o(.bss) for USART_InitStructure
    main.o(i.data_read) refers to _printf_percent.o(.ARM.Collect$$_printf_percent$$00000000) for _printf_percent
    main.o(i.data_read) refers to _printf_d.o(.ARM.Collect$$_printf_percent$$00000009) for _printf_d
[...]
    i.create_chain                           0x080032b8   Section        0  ff.o(i.create_chain)
    create_chain                             0x080032b9   Thumb Code   182  ff.o(i.create_chain)
    i.create_name                            0x08003370   Section        0  ff.o(i.create_name)
    create_name                              0x08003371   Thumb Code   318  ff.o(i.create_name)
    i.data_read                              0x080034bc   Section        0  main.o(i.data_read)
    i.data_write                             0x08003580   Section        0  main.o(i.data_write)
    i.dir_find                               0x08003690   Section        0  ff.o(i.dir_find)
    dir_find                                 0x08003691   Thumb Code    92  ff.o(i.dir_find)
    i.dir_next                               0x080036ec   Section        0  ff.o(i.dir_next)
    dir_next                                 0x080036ed   Thumb Code   278  ff.o(i.dir_next)
    i.dir_read                               0x08003802   Section        0  ff.o(i.dir_read)
    dir_read                                 0x08003803   Thumb Code    86  ff.o(i.dir_read)
    i.dir_register                           0x08003858   Section        0  ff.o(i.dir_register)
    dir_register                             0x08003859   Thumb Code   120  ff.o(i.dir_register)
    i.dir_remove                             0x080038d0   Section        0  ff.o(i.dir_remove)
    dir_remove                               0x080038d1   Thumb Code    44  ff.o(i.dir_remove)
    i.dir_seek                               0x080038fc   Section        0  ff.o(i.dir_seek)
    dir_seek                                 0x080038fd   Thumb Code   156  ff.o(i.dir_seek)
    i.disk_initialize                        0x08003998   Section        0  diskio.o(i.disk_initialize)
    i.disk_ioctl                             0x080039c4   Section        0  diskio.o(i.disk_ioctl)
    i.disk_read                              0x080039ca   Section        0  diskio.o(i.disk_read)
    i.disk_status                            0x08003a14   Section        0  diskio.o(i.disk_status)
    i.disk_write                             0x08003a3c   Section        0  diskio.o(i.disk_write)
    i.f_close                                0x08003a86   Section        0  ff.o(i.f_close)
    i.f_lseek                                0x08003a9c   Section        0  ff.o(i.f_lseek)
    i.f_mount                                0x08003c5c   Section        0  ff.o(i.f_mount)
    i.f_open                                 0x08003c88   Section        0  ff.o(i.f_open)
    i.f_read                                 0x08003e14   Section        0  ff.o(i.f_read)
    i.f_sync                                 0x08003fe6   Section        0  ff.o(i.f_sync)
    i.f_unlink                               0x0800409e   Section        0  ff.o(i.f_unlink)
    i.f_write                                0x08004158   Section        0  ff.o(i.f_write)
    i.ferror                                 0x08004368   Section        0  retarget.o(i.ferror)
    i.follow_path                            0x08004370   Section        0  ff.o(i.follow_path)
    follow_path                              0x08004371   Thumb Code   166  ff.o(i.follow_path)
    i.fputc                                  0x08004416   Section        0  retarget.o(i.fputc)
    i.get_fat                                0x08004424   Section        0  ff.o(i.get_fat)
    i.get_fattime                            0x08004536   Section        0  diskio.o(i.get_fattime)
    i.main                                   0x0800453c   Section        0  main.o(i.main)
    i.main_FreeRTos                          0x080046d8   Section        0  main.o(i.main_FreeRTos)
    i.mem_cmp                                0x08004938   Section        0  ff.o(i.mem_cmp)
    mem_cmp                                  0x08004939   Thumb Code    38  ff.o(i.mem_cmp)
    i.mem_cpy                                0x0800495e   Section        0  ff.o(i.mem_cpy)
    mem_cpy                                  0x0800495f   Thumb Code    26  ff.o(i.mem_cpy)
    i.mem_set                                0x08004978   Section        0  ff.o(i.mem_set)
    mem_set                                  0x08004979   Thumb Code    20  ff.o(i.mem_set)
    i.move_window                            0x0800498c   Section        0  ff.o(i.move_window)
    move_window                              0x0800498d   Thumb Code   114  ff.o(i.move_window)
    i.prvAddCurrentTaskToDelayedList         0x08004a00   Section        0  tasks.o(i.prvAddCurrentTaskToDelayedList)
    prvAddCurrentTaskToDelayedList           0x08004a01   Thumb Code   124  tasks.o(i.prvAddCurrentTaskToDelayedList)
    i.prvAddNewTaskToReadyList               0x08004a98   Section        0  tasks.o(i.prvAddNewTaskToReadyList)
    prvAddNewTaskToReadyList                 0x08004a99   Thumb Code   150  tasks.o(i.prvAddNewTaskToReadyList)
    i.prvCheckForValidListAndQueue           0x08004b4c   Section        0  timers.o(i.prvCheckForValidListAndQueue)
    prvCheckForValidListAndQueue             0x08004b4d   Thumb Code    56  timers.o(i.prvCheckForValidListAndQueue)
    i.prvCheckTasksWaitingTermination        0x08004b98   Section        0  tasks.o(i.prvCheckTasksWaitingTermination)
    prvCheckTasksWaitingTermination          0x08004b99   Thumb Code    60  tasks.o(i.prvCheckTasksWaitingTermination)
    i.prvCopyDataFromQueue                   0x08004be0   Section        0  queue.o(i.prvCopyDataFromQueue)
    prvCopyDataFromQueue                     0x08004be1   Thumb Code    42  queue.o(i.prvCopyDataFromQueue)
    i.prvCopyDataToQueue                     0x08004c0a   Section        0  queue.o(i.prvCopyDataToQueue)
    prvCopyDataToQueue                       0x08004c0b   Thumb Code   106  queue.o(i.prvCopyDataToQueue)
    i.prvDeleteTCB                           0x08004c74   Section        0  tasks.o(i.prvDeleteTCB)
    prvDeleteTCB                             0x08004c75   Thumb Code    18  tasks.o(i.prvDeleteTCB)
    i.prvGetNextExpireTime                   0x08004c88   Section        0  timers.o(i.prvGetNextExpireTime)
    prvGetNextExpireTime                     0x08004c89   Thumb Code    36  timers.o(i.prvGetNextExpireTime)
    i.prvHeapInit                            0x08004cb0   Section        0  heap_2.o(i.prvHeapInit)
    prvHeapInit                              0x08004cb1   Thumb Code    42  heap_2.o(i.prvHeapInit)
    i.prvIdleTask                            0x08004ce8   Section        0  tasks.o(i.prvIdleTask)
    prvIdleTask                              0x08004ce9   Thumb Code    32  tasks.o(i.prvIdleTask)
    i.prvInitialiseNewQueue                  0x08004d10   Section        0  queue.o(i.prvInitialiseNewQueue)
    prvInitialiseNewQueue                    0x08004d11   Thumb Code    38  queue.o(i.prvInitialiseNewQueue)
    i.prvInitialiseNewTask                   0x08004d36   Section        0  tasks.o(i.prvInitialiseNewTask)
    prvInitialiseNewTask                     0x08004d37   Thumb Code   152  tasks.o(i.prvInitialiseNewTask)
    i.prvInitialiseNewTimer                  0x08004dce   Section        0  timers.o(i.prvInitialiseNewTimer)
    prvInitialiseNewTimer                    0x08004dcf   Thumb Code    58  timers.o(i.prvInitialiseNewTimer)
    i.prvInitialiseTaskLists                 0x08004e08   Section        0  tasks.o(i.prvInitialiseTaskLists)
    prvInitialiseTaskLists                   0x08004e09   Thumb Code    70  tasks.o(i.prvInitialiseTaskLists)
    i.prvInsertTimerInActiveList             0x08004e70   Section        0  timers.o(i.prvInsertTimerInActiveList)
    prvInsertTimerInActiveList               0x08004e71   Thumb Code    80  timers.o(i.prvInsertTimerInActiveList)
    i.prvIsQueueEmpty                        0x08004ec8   Section        0  queue.o(i.prvIsQueueEmpty)
    prvIsQueueEmpty                          0x08004ec9   Thumb Code    26  queue.o(i.prvIsQueueEmpty)
    i.prvIsQueueFull                         0x08004ee2   Section        0  queue.o(i.prvIsQueueFull)
    prvIsQueueFull                           0x08004ee3   Thumb Code    30  queue.o(i.prvIsQueueFull)
    i.prvProcessExpiredTimer                 0x08004f00   Section        0  timers.o(i.prvProcessExpiredTimer)
    prvProcessExpiredTimer                   0x08004f01   Thumb Code    86  timers.o(i.prvProcessExpiredTimer)
    i.prvProcessReceivedCommands             0x08004f5c   Section        0  timers.o(i.prvProcessReceivedCommands)
    prvProcessReceivedCommands               0x08004f5d   Thumb Code   246  timers.o(i.prvProcessReceivedCommands)
    i.prvProcessTimerOrBlockTask             0x08005058   Section        0  timers.o(i.prvProcessTimerOrBlockTask)
    prvProcessTimerOrBlockTask               0x08005059   Thumb Code   102  timers.o(i.prvProcessTimerOrBlockTask)
    i.prvResetNextTaskUnblockTime            0x080050cc   Section        0  tasks.o(i.prvResetNextTaskUnblockTime)
    prvResetNextTaskUnblockTime              0x080050cd   Thumb Code    42  tasks.o(i.prvResetNextTaskUnblockTime)
    i.prvSampleTimeNow                       0x08005100   Section        0  timers.o(i.prvSampleTimeNow)
    prvSampleTimeNow                         0x08005101   Thumb Code    40  timers.o(i.prvSampleTimeNow)
    i.prvSwitchTimerLists                    0x0800512c   Section        0  timers.o(i.prvSwitchTimerLists)
    prvSwitchTimerLists                      0x0800512d   Thumb Code   126  timers.o(i.prvSwitchTimerLists)
    i.prvTaskExitError                       0x080051b4   Section        0  port.o(i.prvTaskExitError)
    prvTaskExitError                         0x080051b5   Thumb Code    22  port.o(i.prvTaskExitError)
    i.prvTimerTask                           0x080051ca   Section        0  timers.o(i.prvTimerTask)
    prvTimerTask                             0x080051cb   Thumb Code    26  timers.o(i.prvTimerTask)
    i.prvUnlockQueue                         0x080051e4   Section        0  queue.o(i.prvUnlockQueue)
    prvUnlockQueue                           0x080051e5   Thumb Code   126  queue.o(i.prvUnlockQueue)
    i.put_fat                                0x08005262   Section        0  ff.o(i.put_fat)
    i.pvPortMalloc                           0x080053a8   Section        0  heap_2.o(i.pvPortMalloc)
    i.pxPortInitialiseStack                  0x08005460   Section        0  port.o(i.pxPortInitialiseStack)
    i.remove_chain                           0x08005484   Section        0  ff.o(i.remove_chain)
    remove_chain                             0x08005485   Thumb Code   104  ff.o(i.remove_chain)
    i.sync                                   0x080054ec   Section        0  ff.o(i.sync)
    sync                                     0x080054ed   Thumb Code   202  ff.o(i.sync)
    i.test1Timer_HandleCallback              0x080055b8   Section        0  main.o(i.test1Timer_HandleCallback)
    i.uxListRemove                           0x080055e0   Section        0  list.o(i.uxListRemove)
    i.vListInitialise                        0x08005608   Section        0  list.o(i.vListInitialise)
    i.vListInitialiseItem                    0x08005622   Section        0  list.o(i.vListInitialiseItem)
    i.vListInsert                            0x08005628   Section        0  list.o(i.vListInsert)
    i.vListInsertEnd                         0x0800565c   Section        0  list.o(i.vListInsertEnd)
    i.vPortEnterCritical                     0x08005674   Section        0  port.o(i.vPortEnterCritical)
    i.vPortExitCritical                      0x08005698   Section        0  port.o(i.vPortExitCritical)
    i.vPortFree                              0x080056b8   Section        0  heap_2.o(i.vPortFree)
    i.vPortSetupTimerInterrupt               0x080056f8   Section        0  port.o(i.vPortSetupTimerInterrupt)
    i.vQueueWaitForMessageRestricted         0x08005710   Section        0  queue.o(i.vQueueWaitForMessageRestricted)
    i.vTaskDelay                             0x0800575c   Section        0  tasks.o(i.vTaskDelay)
    i.vTaskInternalSetTimeOutState           0x08005790   Section        0  tasks.o(i.vTaskInternalSetTimeOutState)
    i.vTaskMissedYield                       0x080057a8   Section        0  tasks.o(i.vTaskMissedYield)
    i.vTaskPlaceOnEventList                  0x080057b4   Section        0  tasks.o(i.vTaskPlaceOnEventList)
    i.vTaskPlaceOnEventListRestricted        0x080057d4   Section        0  tasks.o(i.vTaskPlaceOnEventListRestricted)
    i.vTaskStartScheduler                    0x080057fc   Section        0  tasks.o(i.vTaskStartScheduler)
    i.vTaskSuspendAll                        0x0800586c   Section        0  tasks.o(i.vTaskSuspendAll)
    i.vTaskSwitchContext                     0x0800587c   Section        0  tasks.o(i.vTaskSwitchContext)
    i.validate                               0x080058dc   Section        0  ff.o(i.validate)
    validate                                 0x080058dd   Thumb Code    42  ff.o(i.validate)
    i.xPortStartScheduler                    0x08005908   Section        0  port.o(i.xPortStartScheduler)
    i.xPortSysTickHandler                    0x0800593c   Section        0  port.o(i.xPortSysTickHandler)
    i.xQueueGenericCreate                    0x08005970   Section        0  queue.o(i.xQueueGenericCreate)
    i.xQueueGenericReset                     0x080059ac   Section        0  queue.o(i.xQueueGenericReset)
    i.xQueueGenericSend                      0x08005a2c   Section        0  queue.o(i.xQueueGenericSend)
    i.xQueueGenericSendFromISR               0x08005b44   Section        0  queue.o(i.xQueueGenericSendFromISR)
    i.xQueueReceive                          0x08005bcc   Section        0  queue.o(i.xQueueReceive)
    i.xTaskCheckForTimeOut                   0x08005cd0   Section        0  tasks.o(i.xTaskCheckForTimeOut)
    i.xTaskCreate                            0x08005d2c   Section        0  tasks.o(i.xTaskCreate)
    i.xTaskGetSchedulerState                 0x08005d8c   Section        0  tasks.o(i.xTaskGetSchedulerState)
    i.xTaskGetTickCount                      0x08005dac   Section        0  tasks.o(i.xTaskGetTickCount)
    i.xTaskIncrementTick                     0x08005db8   Section        0  tasks.o(i.xTaskIncrementTick)
    i.xTaskRemoveFromEventList               0x08005ed4   Section        0  tasks.o(i.xTaskRemoveFromEventList)
    i.xTaskResumeAll                         0x08005f54   Section        0  tasks.o(i.xTaskResumeAll)
    i.xTimerCreate                           0x0800603c   Section        0  timers.o(i.xTimerCreate)
    i.xTimerCreateTimerTask                  0x08006074   Section        0  timers.o(i.xTimerCreateTimerTask)
    i.xTimerGenericCommand                   0x080060b0   Section        0  timers.o(i.xTimerGenericCommand)
    .constdata                               0x0800611c   Section      104  main.o(.constdata)
    __func__                                 0x0800611c   Data           9  main.o(.constdata)
    __func__                                 0x08006125   Data          26  main.o(.constdata)
    __func__                                 0x0800613f   Data          11  main.o(.constdata)
    __func__                                 0x0800614a   Data          10  main.o(.constdata)
    __func__                                 0x08006154   Data          14  main.o(.constdata)
    __func__                                 0x08006162   Data          10  main.o(.constdata)
    __func__                                 0x0800616c   Data          10  main.o(.constdata)
    __func__                                 0x08006176   Data          14  main.o(.constdata)
    .data                                    0x20000000   Section       53  main.o(.data)
    fac_ms                                   0x20000004   Data           2  main.o(.data)
    count                                    0x20000008   Data           4  main.o(.data)
    TimingDelay                              0x2000000c   Data           4  main.o(.data)
    cnt                                      0x20000030   Data           4  main.o(.data)
    flag                                     0x20000034   Data           1  main.o(.data)
    .data                                    0x20000038   Section        8  retarget.o(.data)
    .data                                    0x20000040   Section       20  stm32f10x_rcc.o(.data)
    APBAHBPrescTable                         0x20000040   Data          16  stm32f10x_rcc.o(.data)
    ADCPrescTable                            0x20000050   Data           4  stm32f10x_rcc.o(.data)
    .data                                    0x20000054   Section       60  tasks.o(.data)
    pxDelayedTaskList                        0x20000058   Data           4  tasks.o(.data)
    pxOverflowDelayedTaskList                0x2000005c   Data           4  tasks.o(.data)
    uxDeletedTasksWaitingCleanUp             0x20000060   Data           4  tasks.o(.data)
    uxCurrentNumberOfTasks                   0x20000064   Data           4  tasks.o(.data)
    xTickCount                               0x20000068   Data           4  tasks.o(.data)
    uxTopReadyPriority                       0x2000006c   Data           4  tasks.o(.data)
    xSchedulerRunning                        0x20000070   Data           4  tasks.o(.data)
    uxPendedTicks                            0x20000074   Data           4  tasks.o(.data)
    xYieldPending                            0x20000078   Data           4  tasks.o(.data)
    xNumOfOverflows                          0x2000007c   Data           4  tasks.o(.data)
    uxTaskNumber                             0x20000080   Data           4  tasks.o(.data)
    xNextTaskUnblockTime                     0x20000084   Data           4  tasks.o(.data)
    xIdleTaskHandle                          0x20000088   Data           4  tasks.o(.data)
    uxSchedulerSuspended                     0x2000008c   Data           4  tasks.o(.data)
    .data                                    0x20000090   Section       20  timers.o(.data)
    pxCurrentTimerList                       0x20000090   Data           4  timers.o(.data)
    pxOverflowTimerList                      0x20000094   Data           4  timers.o(.data)
    xTimerQueue                              0x20000098   Data           4  timers.o(.data)
    xTimerTaskHandle                         0x2000009c   Data           4  timers.o(.data)
    xLastTime                                0x200000a0   Data           4  timers.o(.data)
    .data                                    0x200000a4   Section       24  heap_2.o(.data)
    xStart                                   0x200000a4   Data           8  heap_2.o(.data)
    xEnd                                     0x200000ac   Data           8  heap_2.o(.data)
    xFreeBytesRemaining                      0x200000b4   Data           4  heap_2.o(.data)
    xHeapHasBeenInitialised                  0x200000b8   Data           4  heap_2.o(.data)
    .data                                    0x200000bc   Section        4  port.o(.data)
    uxCriticalNesting                        0x200000bc   Data           4  port.o(.data)
    .data                                    0x200000c0   Section       40  stm32_eval_sdio_sd.o(.data)
    CardType                                 0x200000c0   Data           4  stm32_eval_sdio_sd.o(.data)
    RCA                                      0x200000c4   Data           4  stm32_eval_sdio_sd.o(.data)
    DeviceMode                               0x200000c8   Data           4  stm32_eval_sdio_sd.o(.data)
    TotalNumberOfBytes                       0x200000cc   Data           4  stm32_eval_sdio_sd.o(.data)
    StopCondition                            0x200000d0   Data           4  stm32_eval_sdio_sd.o(.data)
    .data                                    0x200000e8   Section        6  ff.o(.data)
    FatFs                                    0x200000e8   Data           4  ff.o(.data)
    Fsid                                     0x200000ec   Data           2  ff.o(.data)
    .bss                                     0x200000f0   Section     2872  main.o(.bss)
    .bss                                     0x20000c28   Section      200  tasks.o(.bss)
    pxReadyTasksLists                        0x20000c28   Data         100  tasks.o(.bss)
    xDelayedTaskList1                        0x20000c8c   Data          20  tasks.o(.bss)
    xDelayedTaskList2                        0x20000ca0   Data          20  tasks.o(.bss)
    xPendingReadyList                        0x20000cb4   Data          20  tasks.o(.bss)
    xTasksWaitingTermination                 0x20000cc8   Data          20  tasks.o(.bss)
    xSuspendedTaskList                       0x20000cdc   Data          20  tasks.o(.bss)
    .bss                                     0x20000cf0   Section       40  timers.o(.bss)
    xActiveTimerList1                        0x20000cf0   Data          20  timers.o(.bss)
    xActiveTimerList2                        0x20000d04   Data          20  timers.o(.bss)
    .bss                                     0x20000d18   Section    17408  heap_2.o(.bss)
    ucHeap                                   0x20000d18   Data       17408  heap_2.o(.bss)
    .bss                                     0x20005118   Section      180  stm32_eval_sdio_sd.o(.bss)
    CSD_Tab                                  0x20005118   Data          16  stm32_eval_sdio_sd.o(.bss)
    CID_Tab                                  0x20005128   Data          16  stm32_eval_sdio_sd.o(.bss)
    .bss                                     0x200051cc   Section       96  libspace.o(.bss)
    HEAP                                     0x20005230   Section      512  startup_stm32f10x_hd.o(HEAP)
    Heap_Mem                                 0x20005230   Data         512  startup_stm32f10x_hd.o(HEAP)
    STACK                                    0x20005430   Section      512  startup_stm32f10x_hd.o(STACK)
    Stack_Mem                                0x20005430   Data         512  startup_stm32f10x_hd.o(STACK)
    __initial_sp                             0x20005630   Data           0  startup_stm32f10x_hd.o(STACK)

    Global Symbols

    Symbol Name                              Value     Ov Type        Size  Object(Section)

    BuildAttributes$$THM_ISAv4$P$D$K$B$S$PE$A:L22UL41UL21$X:L11$S22US41US21$IEEE1$IW$USESV6$~STKCKD$USESV7$~SHL$OSPACE$ROPI$EBA8$UX$STANDARDLIB$REQ8$PRES8$EABIv2 0x00000000   Number         0  anon$$obj.o ABSOLUTE
    __ARM_use_no_argv                        0x00000000   Number         0  main.o ABSOLUTE
    _printf_flags                            0x00000000   Number         0  printf_stubs.o ABSOLUTE
    _printf_return_value                     0x00000000   Number         0  printf_stubs.o ABSOLUTE
    _printf_sizespec                         0x00000000   Number         0  printf_stubs.o ABSOLUTE
    _printf_widthprec                        0x00000000   Number         0  printf_stubs.o ABSOLUTE
    __ARM_exceptions_init                     - Undefined Weak Reference
    __alloca_initialize                       - Undefined Weak Reference
    __arm_preinit_                            - Undefined Weak Reference
    __cpp_initialize__aeabi_                  - Undefined Weak Reference
    __cxa_finalize                            - Undefined Weak Reference
    __rt_locale                               - Undefined Weak Reference
    __sigvec_lookup                           - Undefined Weak Reference
    _atexit_init                              - Undefined Weak Reference
    _call_atexit_fns                          - Undefined Weak Reference
    _clock_init                               - Undefined Weak Reference
    _fp_trap_init                             - Undefined Weak Reference
    _fp_trap_shutdown                         - Undefined Weak Reference
    _get_lc_collate                           - Undefined Weak Reference
    _get_lc_ctype                             - Undefined Weak Reference
    _get_lc_monetary                          - Undefined Weak Reference
    _get_lc_numeric                           - Undefined Weak Reference
    _get_lc_time                              - Undefined Weak Reference
    _getenv_init                              - Undefined Weak Reference
    _handle_redirection                       - Undefined Weak Reference
    _init_alloc                               - Undefined Weak Reference
    _init_user_alloc                          - Undefined Weak Reference
    _initio                                   - Undefined Weak Reference
    _printf_mbtowc                            - Undefined Weak Reference
    _printf_post_padding                      - Undefined Weak Reference
    _printf_pre_padding                       - Undefined Weak Reference
    _printf_truncate_signed                   - Undefined Weak Reference
    _printf_truncate_unsigned                 - Undefined Weak Reference
    _rand_init                                - Undefined Weak Reference
    _signal_finish                            - Undefined Weak Reference
    _signal_init                              - Undefined Weak Reference
    _terminate_alloc                          - Undefined Weak Reference
    _terminate_user_alloc                     - Undefined Weak Reference
    _terminateio                              - Undefined Weak Reference
    __Vectors_Size                           0x00000130   Number         0  startup_stm32f10x_hd.o ABSOLUTE
    __Vectors                                0x08000000   Data           4  startup_stm32f10x_hd.o(RESET)
    __Vectors_End                            0x08000130   Data           0  startup_stm32f10x_hd.o(RESET)
    __main                                   0x08000131   Thumb Code     8  __main.o(!!!main)
    __scatterload                            0x08000139   Thumb Code     0  __scatter.o(!!!scatter)
    __scatterload_rt2                        0x08000139   Thumb Code    44  __scatter.o(!!!scatter)
    __scatterload_rt2_thumb_only             0x08000139   Thumb Code     0  __scatter.o(!!!scatter)
    __scatterload_null                       0x08000147   Thumb Code     0  __scatter.o(!!!scatter)
    __scatterload_copy                       0x0800016d   Thumb Code    26  __scatter_copy.o(!!handler_copy)
    __scatterload_zeroinit                   0x08000189   Thumb Code    28  __scatter_zi.o(!!handler_zi)
    _printf_d                                0x080001a5   Thumb Code     0  _printf_d.o(.ARM.Collect$$_printf_percent$$00000009)
    _printf_percent                          0x080001a5   Thumb Code     0  _printf_percent.o(.ARM.Collect$$_printf_percent$$00000000)
    _printf_s                                0x080001ab   Thumb Code     0  _printf_s.o(.ARM.Collect$$_printf_percent$$00000014)
    _printf_percent_end                      0x080001b1   Thumb Code     0  _printf_percent_end.o(.ARM.Collect$$_printf_percent$$00000017)
    __rt_lib_init                            0x080001b5   Thumb Code     0  libinit.o(.ARM.Collect$$libinit$$00000000)
    __rt_lib_init_alloca_1                   0x080001b7   Thumb Code     0  libinit2.o(.ARM.Collect$$libinit$$0000002E)
    __rt_lib_init_argv_1                     0x080001b7   Thumb Code     0  libinit2.o(.ARM.Collect$$libinit$$0000002C)
    __rt_lib_init_atexit_1                   0x080001b7   Thumb Code     0  libinit2.o(.ARM.Collect$$libinit$$0000001B)
    __rt_lib_init_clock_1                    0x080001b7   Thumb Code     0  libinit2.o(.ARM.Collect$$libinit$$00000021)
    __rt_lib_init_cpp_1                      0x080001b7   Thumb Code     0  libinit2.o(.ARM.Collect$$libinit$$00000032)
    __rt_lib_init_exceptions_1               0x080001b7   Thumb Code     0  libinit2.o(.ARM.Collect$$libinit$$00000030)
    __rt_lib_init_fp_1                       0x080001b7   Thumb Code     0  libinit2.o(.ARM.Collect$$libinit$$00000002)
    __rt_lib_init_fp_trap_1                  0x080001b7   Thumb Code     0  libinit2.o(.ARM.Collect$$libinit$$0000001F)
    __rt_lib_init_getenv_1                   0x080001b7   Thumb Code     0  libinit2.o(.ARM.Collect$$libinit$$00000023)
    __rt_lib_init_heap_1                     0x080001b7   Thumb Code     0  libinit2.o(.ARM.Collect$$libinit$$0000000A)
    __rt_lib_init_lc_collate_1               0x080001b7   Thumb Code     0  libinit2.o(.ARM.Collect$$libinit$$00000011)
    __rt_lib_init_lc_ctype_1                 0x080001b7   Thumb Code     0  libinit2.o(.ARM.Collect$$libinit$$00000013)
    __rt_lib_init_lc_monetary_1              0x080001b7   Thumb Code     0  libinit2.o(.ARM.Collect$$libinit$$00000015)
    __rt_lib_init_lc_numeric_1               0x080001b7   Thumb Code     0  libinit2.o(.ARM.Collect$$libinit$$00000017)
    __rt_lib_init_lc_time_1                  0x080001b7   Thumb Code     0  libinit2.o(.ARM.Collect$$libinit$$00000019)
    __rt_lib_init_preinit_1                  0x080001b7   Thumb Code     0  libinit2.o(.ARM.Collect$$libinit$$00000004)
    __rt_lib_init_rand_1                     0x080001b7   Thumb Code     0  libinit2.o(.ARM.Collect$$libinit$$0000000E)
    __rt_lib_init_return                     0x080001b7   Thumb Code     0  libinit2.o(.ARM.Collect$$libinit$$00000033)
    __rt_lib_init_signal_1                   0x080001b7   Thumb Code     0  libinit2.o(.ARM.Collect$$libinit$$0000001D)
    __rt_lib_init_stdio_1                    0x080001b7   Thumb Code     0  libinit2.o(.ARM.Collect$$libinit$$00000025)
    __rt_lib_init_user_alloc_1               0x080001b7   Thumb Code     0  libinit2.o(.ARM.Collect$$libinit$$0000000C)
    __rt_lib_shutdown                        0x080001b9   Thumb Code     0  libshutdown.o(.ARM.Collect$$libshutdown$$00000000)
    __rt_lib_shutdown_cpp_1                  0x080001bb   Thumb Code     0  libshutdown2.o(.ARM.Collect$$libshutdown$$00000002)
    __rt_lib_shutdown_fp_trap_1              0x080001bb   Thumb Code     0  libshutdown2.o(.ARM.Collect$$libshutdown$$00000007)
    __rt_lib_shutdown_heap_1                 0x080001bb   Thumb Code     0  libshutdown2.o(.ARM.Collect$$libshutdown$$0000000F)
    __rt_lib_shutdown_return                 0x080001bb   Thumb Code     0  libshutdown2.o(.ARM.Collect$$libshutdown$$00000010)
    __rt_lib_shutdown_signal_1               0x080001bb   Thumb Code     0  libshutdown2.o(.ARM.Collect$$libshutdown$$0000000A)
    __rt_lib_shutdown_stdio_1                0x080001bb   Thumb Code     0  libshutdown2.o(.ARM.Collect$$libshutdown$$00000004)
    __rt_lib_shutdown_user_alloc_1           0x080001bb   Thumb Code     0  libshutdown2.o(.ARM.Collect$$libshutdown$$0000000C)
    __rt_entry                               0x080001bd   Thumb Code     0  __rtentry.o(.ARM.Collect$$rtentry$$00000000)
    __rt_entry_presh_1                       0x080001bd   Thumb Code     0  __rtentry2.o(.ARM.Collect$$rtentry$$00000002)
    __rt_entry_sh                            0x080001bd   Thumb Code     0  __rtentry4.o(.ARM.Collect$$rtentry$$00000004)
    __rt_entry_li                            0x080001c3   Thumb Code     0  __rtentry2.o(.ARM.Collect$$rtentry$$0000000A)
    __rt_entry_postsh_1                      0x080001c3   Thumb Code     0  __rtentry2.o(.ARM.Collect$$rtentry$$00000009)
    __rt_entry_main                          0x080001c7   Thumb Code     0  __rtentry2.o(.ARM.Collect$$rtentry$$0000000D)
    __rt_entry_postli_1                      0x080001c7   Thumb Code     0  __rtentry2.o(.ARM.Collect$$rtentry$$0000000C)
    __rt_exit                                0x080001cf   Thumb Code     0  rtexit.o(.ARM.Collect$$rtexit$$00000000)
    __rt_exit_ls                             0x080001d1   Thumb Code     0  rtexit2.o(.ARM.Collect$$rtexit$$00000003)
    __rt_exit_prels_1                        0x080001d1   Thumb Code     0  rtexit2.o(.ARM.Collect$$rtexit$$00000002)
    __rt_exit_exit                           0x080001d5   Thumb Code     0  rtexit2.o(.ARM.Collect$$rtexit$$00000004)
    xPortSVCHandler                          0x080001dd   Thumb Code    32  port.o(.emb_text)
    __asm___6_port_c_39a90d8d__prvStartFirstTask 0x08000201   Thumb Code    28  port.o(.emb_text)
    xPortPendSVHandler                       0x08000221   Thumb Code    72  port.o(.emb_text)
    vPortGetIPSR                             0x0800026d   Thumb Code     6  port.o(.emb_text)
    Reset_Handler                            0x08000275   Thumb Code     8  startup_stm32f10x_hd.o(.text)
    ADC1_2_IRQHandler                        0x0800028f   Thumb Code     0  startup_stm32f10x_hd.o(.text)
    ADC3_IRQHandler                          0x0800028f   Thumb Code     0  startup_stm32f10x_hd.o(.text)
    CAN1_RX1_IRQHandler                      0x0800028f   Thumb Code     0  startup_stm32f10x_hd.o(.text)
    CAN1_SCE_IRQHandler                      0x0800028f   Thumb Code     0  startup_stm32f10x_hd.o(.text)
    DMA1_Channel1_IRQHandler                 0x0800028f   Thumb Code     0  startup_stm32f10x_hd.o(.text)
    DMA1_Channel2_IRQHandler                 0x0800028f   Thumb Code     0  startup_stm32f10x_hd.o(.text)
    DMA1_Channel3_IRQHandler                 0x0800028f   Thumb Code     0  startup_stm32f10x_hd.o(.text)
    DMA1_Channel4_IRQHandler                 0x0800028f   Thumb Code     0  startup_stm32f10x_hd.o(.text)
    DMA1_Channel5_IRQHandler                 0x0800028f   Thumb Code     0  startup_stm32f10x_hd.o(.text)
    DMA1_Channel6_IRQHandler                 0x0800028f   Thumb Code     0  startup_stm32f10x_hd.o(.text)
    DMA1_Channel7_IRQHandler                 0x0800028f   Thumb Code     0  startup_stm32f10x_hd.o(.text)
    DMA2_Channel1_IRQHandler                 0x0800028f   Thumb Code     0  startup_stm32f10x_hd.o(.text)
    DMA2_Channel2_IRQHandler                 0x0800028f   Thumb Code     0  startup_stm32f10x_hd.o(.text)
    DMA2_Channel3_IRQHandler                 0x0800028f   Thumb Code     0  startup_stm32f10x_hd.o(.text)
    DMA2_Channel4_5_IRQHandler               0x0800028f   Thumb Code     0  startup_stm32f10x_hd.o(.text)
    EXTI0_IRQHandler                         0x0800028f   Thumb Code     0  startup_stm32f10x_hd.o(.text)
    EXTI15_10_IRQHandler                     0x0800028f   Thumb Code     0  startup_stm32f10x_hd.o(.text)
    EXTI1_IRQHandler                         0x0800028f   Thumb Code     0  startup_stm32f10x_hd.o(.text)
    EXTI2_IRQHandler                         0x0800028f   Thumb Code     0  startup_stm32f10x_hd.o(.text)
    EXTI3_IRQHandler                         0x0800028f   Thumb Code     0  startup_stm32f10x_hd.o(.text)
    EXTI4_IRQHandler                         0x0800028f   Thumb Code     0  startup_stm32f10x_hd.o(.text)
    EXTI9_5_IRQHandler                       0x0800028f   Thumb Code     0  startup_stm32f10x_hd.o(.text)
    FLASH_IRQHandler                         0x0800028f   Thumb Code     0  startup_stm32f10x_hd.o(.text)
    FSMC_IRQHandler                          0x0800028f   Thumb Code     0  startup_stm32f10x_hd.o(.text)
    I2C1_ER_IRQHandler                       0x0800028f   Thumb Code     0  startup_stm32f10x_hd.o(.text)
    I2C1_EV_IRQHandler                       0x0800028f   Thumb Code     0  startup_stm32f10x_hd.o(.text)
    I2C2_ER_IRQHandler                       0x0800028f   Thumb Code     0  startup_stm32f10x_hd.o(.text)
    I2C2_EV_IRQHandler                       0x0800028f   Thumb Code     0  startup_stm32f10x_hd.o(.text)
    PVD_IRQHandler                           0x0800028f   Thumb Code     0  startup_stm32f10x_hd.o(.text)
    RCC_IRQHandler                           0x0800028f   Thumb Code     0  startup_stm32f10x_hd.o(.text)
    RTCAlarm_IRQHandler                      0x0800028f   Thumb Code     0  startup_stm32f10x_hd.o(.text)
    RTC_IRQHandler                           0x0800028f   Thumb Code     0  startup_stm32f10x_hd.o(.text)
    SDIO_IRQHandler                          0x0800028f   Thumb Code     0  startup_stm32f10x_hd.o(.text)
    SPI1_IRQHandler                          0x0800028f   Thumb Code     0  startup_stm32f10x_hd.o(.text)
    SPI2_IRQHandler                          0x0800028f   Thumb Code     0  startup_stm32f10x_hd.o(.text)
    SPI3_IRQHandler                          0x0800028f   Thumb Code     0  startup_stm32f10x_hd.o(.text)
    TAMPER_IRQHandler                        0x0800028f   Thumb Code     0  startup_stm32f10x_hd.o(.text)
    TIM1_BRK_IRQHandler                      0x0800028f   Thumb Code     0  startup_stm32f10x_hd.o(.text)
    TIM1_CC_IRQHandler                       0x0800028f   Thumb Code     0  startup_stm32f10x_hd.o(.text)
    TIM1_TRG_COM_IRQHandler                  0x0800028f   Thumb Code     0  startup_stm32f10x_hd.o(.text)
    TIM1_UP_IRQHandler                       0x0800028f   Thumb Code     0  startup_stm32f10x_hd.o(.text)
    TIM3_IRQHandler                          0x0800028f   Thumb Code     0  startup_stm32f10x_hd.o(.text)
    TIM4_IRQHandler                          0x0800028f   Thumb Code     0  startup_stm32f10x_hd.o(.text)
    TIM5_IRQHandler                          0x0800028f   Thumb Code     0  startup_stm32f10x_hd.o(.text)
    TIM6_IRQHandler                          0x0800028f   Thumb Code     0  startup_stm32f10x_hd.o(.text)
    TIM7_IRQHandler                          0x0800028f   Thumb Code     0  startup_stm32f10x_hd.o(.text)
    TIM8_BRK_IRQHandler                      0x0800028f   Thumb Code     0  startup_stm32f10x_hd.o(.text)
    TIM8_CC_IRQHandler                       0x0800028f   Thumb Code     0  startup_stm32f10x_hd.o(.text)
    TIM8_TRG_COM_IRQHandler                  0x0800028f   Thumb Code     0  startup_stm32f10x_hd.o(.text)
    TIM8_UP_IRQHandler                       0x0800028f   Thumb Code     0  startup_stm32f10x_hd.o(.text)
    UART4_IRQHandler                         0x0800028f   Thumb Code     0  startup_stm32f10x_hd.o(.text)
    UART5_IRQHandler                         0x0800028f   Thumb Code     0  startup_stm32f10x_hd.o(.text)
    USART1_IRQHandler                        0x0800028f   Thumb Code     0  startup_stm32f10x_hd.o(.text)
    USART2_IRQHandler                        0x0800028f   Thumb Code     0  startup_stm32f10x_hd.o(.text)
    USART3_IRQHandler                        0x0800028f   Thumb Code     0  startup_stm32f10x_hd.o(.text)
    USBWakeUp_IRQHandler                     0x0800028f   Thumb Code     0  startup_stm32f10x_hd.o(.text)
    USB_HP_CAN1_TX_IRQHandler                0x0800028f   Thumb Code     0  startup_stm32f10x_hd.o(.text)
    USB_LP_CAN1_RX0_IRQHandler               0x0800028f   Thumb Code     0  startup_stm32f10x_hd.o(.text)
    WWDG_IRQHandler                          0x0800028f   Thumb Code     0  startup_stm32f10x_hd.o(.text)
    __user_initial_stackheap                 0x08000291   Thumb Code     0  startup_stm32f10x_hd.o(.text)
    __I$use$semihosting                      0x080002b5   Thumb Code     0  use_no_semi.o(.text)
    __use_no_semihosting_swi                 0x080002b5   Thumb Code     2  use_no_semi.o(.text)
    __2printf                                0x080002b9   Thumb Code    20  noretval__2printf.o(.text)
    __2sprintf                               0x080002d1   Thumb Code    34  noretval__2sprintf.o(.text)
    _printf_str                              0x080002f9   Thumb Code    82  _printf_str.o(.text)
    _printf_int_dec                          0x0800034d   Thumb Code   104  _printf_dec.o(.text)
    __printf                                 0x080003c5   Thumb Code   184  __printf_ss.o(.text)
    strlen                                   0x0800047d   Thumb Code    62  strlen.o(.text)
    __aeabi_memcpy                           0x080004bb   Thumb Code     0  rt_memcpy_v6.o(.text)
    __rt_memcpy                              0x080004bb   Thumb Code   138  rt_memcpy_v6.o(.text)
    _memcpy_lastbytes                        0x08000521   Thumb Code     0  rt_memcpy_v6.o(.text)
    __aeabi_memcpy4                          0x08000545   Thumb Code     0  rt_memcpy_w.o(.text)
    __aeabi_memcpy8                          0x08000545   Thumb Code     0  rt_memcpy_w.o(.text)
    __rt_memcpy_w                            0x08000545   Thumb Code   100  rt_memcpy_w.o(.text)
    _memcpy_lastbytes_aligned                0x0800058d   Thumb Code     0  rt_memcpy_w.o(.text)
    __aeabi_memset                           0x080005a9   Thumb Code    16  aeabi_memset.o(.text)
    __aeabi_memclr4                          0x080005b9   Thumb Code     0  rt_memclr_w.o(.text)
    __aeabi_memclr8                          0x080005b9   Thumb Code     0  rt_memclr_w.o(.text)
    __rt_memclr_w                            0x080005b9   Thumb Code    78  rt_memclr_w.o(.text)
    _memset_w                                0x080005bd   Thumb Code     0  rt_memclr_w.o(.text)
    __use_two_region_memory                  0x08000607   Thumb Code     2  heapauxi.o(.text)
    __rt_heap_escrow$2region                 0x08000609   Thumb Code     2  heapauxi.o(.text)
    __rt_heap_expand$2region                 0x0800060b   Thumb Code     2  heapauxi.o(.text)
    _printf_int_common                       0x0800060d   Thumb Code   178  _printf_intcommon.o(.text)
    _printf_char_common                      0x080006cb   Thumb Code    32  _printf_char_common.o(.text)
    _sputc                                   0x080006f1   Thumb Code    10  _sputc.o(.text)
    _printf_cs_common                        0x080006fb   Thumb Code    20  _printf_char.o(.text)
    _printf_char                             0x0800070f   Thumb Code    16  _printf_char.o(.text)
    _printf_string                           0x0800071f   Thumb Code     8  _printf_char.o(.text)
    _printf_char_file                        0x08000729   Thumb Code    32  _printf_char_file.o(.text)
    __aeabi_memclr                           0x0800074d   Thumb Code     0  rt_memclr.o(.text)
    __rt_memclr                              0x0800074d   Thumb Code    68  rt_memclr.o(.text)
    _memset                                  0x08000751   Thumb Code     0  rt_memclr.o(.text)
    __user_setup_stackheap                   0x08000791   Thumb Code    74  sys_stackheap_outer.o(.text)
    exit                                     0x080007db   Thumb Code    18  exit.o(.text)
    __user_libspace                          0x080007ed   Thumb Code     8  libspace.o(.text)
    __user_perproc_libspace                  0x080007ed   Thumb Code     0  libspace.o(.text)
    __user_perthread_libspace                0x080007ed   Thumb Code     0  libspace.o(.text)
    BusFault_Handler                         0x080007f5   Thumb Code     4  stm32f10x_it.o(i.BusFault_Handler)
    DMA_ClearFlag                            0x08000ac5   Thumb Code    18  stm32f10x_dma.o(i.DMA_ClearFlag)
    DMA_Cmd                                  0x08000ae1   Thumb Code    24  stm32f10x_dma.o(i.DMA_Cmd)
    DMA_GetFlagStatus                        0x08000af9   Thumb Code    36  stm32f10x_dma.o(i.DMA_GetFlagStatus)
    DMA_Init                                 0x08000b25   Thumb Code    60  stm32f10x_dma.o(i.DMA_Init)
    Data_pack                                0x08000b61   Thumb Code    30  main.o(i.Data_pack)
    Data_sema                                0x08000ba5   Thumb Code    26  main.o(i.Data_sema)
    Data_transfer                            0x08000be5   Thumb Code    30  main.o(i.Data_transfer)
    DebugMon_Handler                         0x08000c29   Thumb Code     2  stm32f10x_it.o(i.DebugMon_Handler)
    GPIO_Configure                           0x08000dc9   Thumb Code    44  main.o(i.GPIO_Configure)
    GPIO_Init                                0x08000dfd   Thumb Code   278  stm32f10x_gpio.o(i.GPIO_Init)
    HardFault_Handler                        0x08000f13   Thumb Code     4  stm32f10x_it.o(i.HardFault_Handler)
    MemManage_Handler                        0x080010b5   Thumb Code     4  stm32f10x_it.o(i.MemManage_Handler)
    NMI_Handler                              0x080010b9   Thumb Code     2  stm32f10x_it.o(i.NMI_Handler)
    NVIC_Init                                0x080010bd   Thumb Code   100  misc.o(i.NVIC_Init)
    NVIC_PriorityGroupConfig                 0x0800112d   Thumb Code    10  misc.o(i.NVIC_PriorityGroupConfig)
    RCC_AHBPeriphClockCmd                    0x08001141   Thumb Code    26  stm32f10x_rcc.o(i.RCC_AHBPeriphClockCmd)
    RCC_APB1PeriphClockCmd                   0x08001161   Thumb Code    26  stm32f10x_rcc.o(i.RCC_APB1PeriphClockCmd)
    RCC_APB2PeriphClockCmd                   0x08001181   Thumb Code    26  stm32f10x_rcc.o(i.RCC_APB2PeriphClockCmd)
    RCC_GetClocksFreq                        0x080011a1   Thumb Code   192  stm32f10x_rcc.o(i.RCC_GetClocksFreq)
    SDIO_ClearFlag                           0x08001399   Thumb Code     6  stm32f10x_sdio.o(i.SDIO_ClearFlag)
    SDIO_ClockCmd                            0x080013a5   Thumb Code     6  stm32f10x_sdio.o(i.SDIO_ClockCmd)
    SDIO_DMACmd                              0x080013b1   Thumb Code     6  stm32f10x_sdio.o(i.SDIO_DMACmd)
    SDIO_DataConfig                          0x080013bd   Thumb Code    42  stm32f10x_sdio.o(i.SDIO_DataConfig)
    SDIO_DeInit                              0x080013ed   Thumb Code    28  stm32f10x_sdio.o(i.SDIO_DeInit)
    SDIO_GetCommandResponse                  0x08001411   Thumb Code     8  stm32f10x_sdio.o(i.SDIO_GetCommandResponse)
    SDIO_GetFlagStatus                       0x0800141d   Thumb Code    20  stm32f10x_sdio.o(i.SDIO_GetFlagStatus)
    SDIO_GetPowerState                       0x08001435   Thumb Code    10  stm32f10x_sdio.o(i.SDIO_GetPowerState)
    SDIO_GetResponse                         0x08001445   Thumb Code    20  stm32f10x_sdio.o(i.SDIO_GetResponse)
    SDIO_ITConfig                            0x0800145d   Thumb Code    26  stm32f10x_sdio.o(i.SDIO_ITConfig)
    SDIO_Init                                0x0800147d   Thumb Code    42  stm32f10x_sdio.o(i.SDIO_Init)
    SDIO_ReadData                            0x080014ad   Thumb Code     6  stm32f10x_sdio.o(i.SDIO_ReadData)
    SDIO_SendCommand                         0x080014b9   Thumb Code    38  stm32f10x_sdio.o(i.SDIO_SendCommand)
    SDIO_SetPowerState                       0x080014e5   Thumb Code    22  stm32f10x_sdio.o(i.SDIO_SetPowerState)
    SDIO_WriteData                           0x08001501   Thumb Code     6  stm32f10x_sdio.o(i.SDIO_WriteData)
    SD_DMAEndOfTransferStatus                0x0800150d   Thumb Code    10  stm3210e_eval.o(i.SD_DMAEndOfTransferStatus)
    SD_EnableWideBusOperation                0x0800151d   Thumb Code   144  stm32_eval_sdio_sd.o(i.SD_EnableWideBusOperation)
    SD_GetCardInfo                           0x080015b5   Thumb Code   700  stm32_eval_sdio_sd.o(i.SD_GetCardInfo)
    SD_Init                                  0x08001881   Thumb Code   124  stm32_eval_sdio_sd.o(i.SD_Init)
    SD_InitializeCards                       0x08001905   Thumb Code   300  stm32_eval_sdio_sd.o(i.SD_InitializeCards)
    SD_LowLevel_DMA_RxConfig                 0x08001a45   Thumb Code    86  stm3210e_eval.o(i.SD_LowLevel_DMA_RxConfig)
    SD_LowLevel_DMA_TxConfig                 0x08001aa9   Thumb Code    86  stm3210e_eval.o(i.SD_LowLevel_DMA_TxConfig)
    SD_LowLevel_Init                         0x08001b0d   Thumb Code    92  stm3210e_eval.o(i.SD_LowLevel_Init)
    SD_PowerON                               0x08001b75   Thumb Code   384  stm32_eval_sdio_sd.o(i.SD_PowerON)
    SD_ReadBlock                             0x08001d05   Thumb Code   592  stm32_eval_sdio_sd.o(i.SD_ReadBlock)
    SD_ReadMultiBlocks                       0x08001f81   Thumb Code   712  stm32_eval_sdio_sd.o(i.SD_ReadMultiBlocks)
    SD_SelectDeselect                        0x08002275   Thumb Code    48  stm32_eval_sdio_sd.o(i.SD_SelectDeselect)
    SD_SetDeviceMode                         0x080022a9   Thumb Code    24  stm32_eval_sdio_sd.o(i.SD_SetDeviceMode)
    SD_WriteBlock                            0x080022c5   Thumb Code   828  stm32_eval_sdio_sd.o(i.SD_WriteBlock)
    SD_WriteMultiBlocks                      0x08002631   Thumb Code   992  stm32_eval_sdio_sd.o(i.SD_WriteMultiBlocks)
    SendChar                                 0x08002a41   Thumb Code    30  main.o(i.SendChar)
    SystemInit                               0x08002b4d   Thumb Code    78  system_stm32f10x.o(i.SystemInit)
    TIM2_IRQHandler                          0x08002bad   Thumb Code    32  main.o(i.TIM2_IRQHandler)
    TIM2_NVIC_Configuration                  0x08002bd1   Thumb Code    42  main.o(i.TIM2_NVIC_Configuration)
    TIM_ClearFlag                            0x08002bfb   Thumb Code     6  stm32f10x_tim.o(i.TIM_ClearFlag)
    TIM_ClearITPendingBit                    0x08002c01   Thumb Code     6  stm32f10x_tim.o(i.TIM_ClearITPendingBit)
    TIM_Cmd                                  0x08002c07   Thumb Code    24  stm32f10x_tim.o(i.TIM_Cmd)
    TIM_GetITStatus                          0x08002c1f   Thumb Code    34  stm32f10x_tim.o(i.TIM_GetITStatus)
    TIM_ITConfig                             0x08002c41   Thumb Code    18  stm32f10x_tim.o(i.TIM_ITConfig)
    TIM_TimeBaseInit                         0x08002c55   Thumb Code   122  stm32f10x_tim.o(i.TIM_TimeBaseInit)
    TIMx_Configuration                       0x08002cf9   Thumb Code    80  main.o(i.TIMx_Configuration)
    USART_Cmd                                0x08002d49   Thumb Code    24  stm32f10x_usart.o(i.USART_Cmd)
    USART_Configure                          0x08002d61   Thumb Code    70  main.o(i.USART_Configure)
    USART_GetFlagStatus                      0x08002db5   Thumb Code    26  stm32f10x_usart.o(i.USART_GetFlagStatus)
    USART_ITConfig                           0x08002dcf   Thumb Code    74  stm32f10x_usart.o(i.USART_ITConfig)
    USART_Init                               0x08002e19   Thumb Code   210  stm32f10x_usart.o(i.USART_Init)
    USART_SendData                           0x08002ef1   Thumb Code     8  stm32f10x_usart.o(i.USART_SendData)
    UsageFault_Handler                       0x08002ef9   Thumb Code     4  stm32f10x_it.o(i.UsageFault_Handler)
    _sys_exit                                0x08002efd   Thumb Code     4  retarget.o(i._sys_exit)
    chk_mounted                              0x08002fa5   Thumb Code   726  ff.o(i.chk_mounted)
    clust2sect                               0x0800328d   Thumb Code    26  ff.o(i.clust2sect)
    data_read                                0x080034bd   Thumb Code    90  main.o(i.data_read)
    data_write                               0x08003581   Thumb Code   142  main.o(i.data_write)
    disk_initialize                          0x08003999   Thumb Code    26  diskio.o(i.disk_initialize)
    disk_ioctl                               0x080039c5   Thumb Code     6  diskio.o(i.disk_ioctl)
    disk_read                                0x080039cb   Thumb Code    74  diskio.o(i.disk_read)
    disk_status                              0x08003a15   Thumb Code    20  diskio.o(i.disk_status)
    disk_write                               0x08003a3d   Thumb Code    74  diskio.o(i.disk_write)
    f_close                                  0x08003a87   Thumb Code    22  ff.o(i.f_close)
    f_lseek                                  0x08003a9d   Thumb Code   448  ff.o(i.f_lseek)
    f_mount                                  0x08003c5d   Thumb Code    38  ff.o(i.f_mount)
    f_open                                   0x08003c89   Thumb Code   396  ff.o(i.f_open)
    f_read                                   0x08003e15   Thumb Code   466  ff.o(i.f_read)
    f_sync                                   0x08003fe7   Thumb Code   184  ff.o(i.f_sync)
    f_unlink                                 0x0800409f   Thumb Code   186  ff.o(i.f_unlink)
    f_write                                  0x08004159   Thumb Code   528  ff.o(i.f_write)
    ferror                                   0x08004369   Thumb Code     8  retarget.o(i.ferror)
    fputc                                    0x08004417   Thumb Code    14  retarget.o(i.fputc)
    get_fat                                  0x08004425   Thumb Code   274  ff.o(i.get_fat)
    get_fattime                              0x08004537   Thumb Code     4  diskio.o(i.get_fattime)
    main                                     0x0800453d   Thumb Code   158  main.o(i.main)
    main_FreeRTos                            0x080046d9   Thumb Code   192  main.o(i.main_FreeRTos)
    put_fat                                  0x08005263   Thumb Code   326  ff.o(i.put_fat)
    pvPortMalloc                             0x080053a9   Thumb Code   166  heap_2.o(i.pvPortMalloc)
    pxPortInitialiseStack                    0x08005461   Thumb Code    30  port.o(i.pxPortInitialiseStack)
    test1Timer_HandleCallback                0x080055b9   Thumb Code    14  main.o(i.test1Timer_HandleCallback)
    uxListRemove                             0x080055e1   Thumb Code    40  list.o(i.uxListRemove)
    vListInitialise                          0x08005609   Thumb Code    26  list.o(i.vListInitialise)
    vListInitialiseItem                      0x08005623   Thumb Code     6  list.o(i.vListInitialiseItem)
    vListInsert                              0x08005629   Thumb Code    52  list.o(i.vListInsert)
    vListInsertEnd                           0x0800565d   Thumb Code    24  list.o(i.vListInsertEnd)
    vPortEnterCritical                       0x08005675   Thumb Code    30  port.o(i.vPortEnterCritical)
    vPortExitCritical                        0x08005699   Thumb Code    28  port.o(i.vPortExitCritical)
    vPortFree                                0x080056b9   Thumb Code    56  heap_2.o(i.vPortFree)
    vPortSetupTimerInterrupt                 0x080056f9   Thumb Code    20  port.o(i.vPortSetupTimerInterrupt)
    vQueueWaitForMessageRestricted           0x08005711   Thumb Code    74  queue.o(i.vQueueWaitForMessageRestricted)
    vTaskDelay                               0x0800575d   Thumb Code    46  tasks.o(i.vTaskDelay)
    vTaskInternalSetTimeOutState             0x08005791   Thumb Code    14  tasks.o(i.vTaskInternalSetTimeOutState)
    vTaskMissedYield                         0x080057a9   Thumb Code     8  tasks.o(i.vTaskMissedYield)
    vTaskPlaceOnEventList                    0x080057b5   Thumb Code    28  tasks.o(i.vTaskPlaceOnEventList)
    vTaskPlaceOnEventListRestricted          0x080057d5   Thumb Code    36  tasks.o(i.vTaskPlaceOnEventListRestricted)
    vTaskStartScheduler                      0x080057fd   Thumb Code    82  tasks.o(i.vTaskStartScheduler)
    vTaskSuspendAll                          0x0800586d   Thumb Code    12  tasks.o(i.vTaskSuspendAll)
    vTaskSwitchContext                       0x0800587d   Thumb Code    76  tasks.o(i.vTaskSwitchContext)
    xPortStartScheduler                      0x08005909   Thumb Code    42  port.o(i.xPortStartScheduler)
    xPortSysTickHandler                      0x0800593d   Thumb Code    46  port.o(i.xPortSysTickHandler)
    xQueueGenericCreate                      0x08005971   Thumb Code    58  queue.o(i.xQueueGenericCreate)
    xQueueGenericReset                       0x080059ad   Thumb Code   122  queue.o(i.xQueueGenericReset)
    xQueueGenericSend                        0x08005a2d   Thumb Code   276  queue.o(i.xQueueGenericSend)
    xQueueGenericSendFromISR                 0x08005b45   Thumb Code   134  queue.o(i.xQueueGenericSendFromISR)
    xQueueReceive                            0x08005bcd   Thumb Code   256  queue.o(i.xQueueReceive)
    xTaskCheckForTimeOut                     0x08005cd1   Thumb Code    84  tasks.o(i.xTaskCheckForTimeOut)
    xTaskCreate                              0x08005d2d   Thumb Code    96  tasks.o(i.xTaskCreate)
    xTaskGetSchedulerState                   0x08005d8d   Thumb Code    24  tasks.o(i.xTaskGetSchedulerState)
    xTaskGetTickCount                        0x08005dad   Thumb Code     6  tasks.o(i.xTaskGetTickCount)
    xTaskIncrementTick                       0x08005db9   Thumb Code   238  tasks.o(i.xTaskIncrementTick)
    xTaskRemoveFromEventList                 0x08005ed5   Thumb Code   104  tasks.o(i.xTaskRemoveFromEventList)
    xTaskResumeAll                           0x08005f55   Thumb Code   196  tasks.o(i.xTaskResumeAll)
    xTimerCreate                             0x0800603d   Thumb Code    54  timers.o(i.xTimerCreate)
    xTimerCreateTimerTask                    0x08006075   Thumb Code    40  timers.o(i.xTimerCreateTimerTask)
    xTimerGenericCommand                     0x080060b1   Thumb Code   102  timers.o(i.xTimerGenericCommand)
    Region$$Table$$Base                      0x08006184   Number         0  anon$$obj.o(Region$$Table)
    Region$$Table$$Limit                     0x080061a4   Number         0  anon$$obj.o(Region$$Table)
    GPIO_InitStructure                       0x20000000   Data           4  main.o(.data)
    data_pack_task                           0x20000010   Data           4  main.o(.data)
    data_transfer_task                       0x20000014   Data           4  main.o(.data)
    data_sema                                0x20000018   Data           4  main.o(.data)
    test1Timer_Handle                        0x2000001c   Data           4  main.o(.data)
    br                                       0x20000020   Data           4  main.o(.data)
    bw                                       0x20000024   Data           4  main.o(.data)
    res                                      0x20000028   Data           1  main.o(.data)
    tom_size                                 0x2000002c   Data           4  main.o(.data)
    __stdout                                 0x20000038   Data           4  retarget.o(.data)
    __stdin                                  0x2000003c   Data           4  retarget.o(.data)
    pxCurrentTCB                             0x20000054   Data           4  tasks.o(.data)
    SrcBuffer                                0x200000d4   Data           4  stm32_eval_sdio_sd.o(.data)
    DestBuffer                               0x200000d8   Data           4  stm32_eval_sdio_sd.o(.data)
    TransferError                            0x200000dc   Data           1  stm32_eval_sdio_sd.o(.data)
    TransferEnd                              0x200000e0   Data           4  stm32_eval_sdio_sd.o(.data)
    NumberOfBytes                            0x200000e4   Data           4  stm32_eval_sdio_sd.o(.data)
    USART_InitStructure                      0x200000f0   Data          16  main.o(.bss)
    fs                                       0x20000100   Data         560  main.o(.bss)
    fsrc                                     0x20000330   Data         548  main.o(.bss)
    fdst                                     0x20000554   Data         548  main.o(.bss)
    buffer                                   0x20000778   Data         512  main.o(.bss)
    r_buf                                    0x20000978   Data         128  main.o(.bss)
    tom_fs                                   0x200009f8   Data         560  main.o(.bss)
    SDCardInfo                               0x20005138   Data          80  stm32_eval_sdio_sd.o(.bss)
    SDIO_InitStructure                       0x20005188   Data          24  stm32_eval_sdio_sd.o(.bss)
    SDIO_CmdInitStructure                    0x200051a0   Data          20  stm32_eval_sdio_sd.o(.bss)
    SDIO_DataInitStructure                   0x200051b4   Data          24  stm32_eval_sdio_sd.o(.bss)
    __libspace_start                         0x200051cc   Data          96  libspace.o(.bss)
    __temporary_stack_top$libspace           0x2000522c   Data           0  libspace.o(.bss)



==============================================================================

Memory Map of the image

  Image Entry point : 0x08000131

  Load Region LR_IROM1 (Base: 0x08000000, Size: 0x00006294, Max: 0x00040000, ABSOLUTE)

    Execution Region ER_IROM1 (Base: 0x08000000, Size: 0x000061a4, Max: 0x00040000, ABSOLUTE)

    Base Addr    Size         Type   Attr      Idx    E Section Name        Object

    0x08000000   0x00000130   Data   RO          493    RESET               startup_stm32f10x_hd.o
    0x08000130   0x00000008   Code   RO         4886  * !!!main             c_w.l(__main.o)
    0x08000138   0x00000034   Code   RO         5052    !!!scatter          c_w.l(__scatter.o)
    0x0800016c   0x0000001a   Code   RO         5054    !!handler_copy      c_w.l(__scatter_copy.o)
    0x08000186   0x00000002   PAD
    0x08000188   0x0000001c   Code   RO         5056    !!handler_zi        c_w.l(__scatter_zi.o)
    0x080001a4   0x00000000   Code   RO         4873    .ARM.Collect$$_printf_percent$$00000000  c_w.l(_printf_percent.o)
    0x080001a4   0x00000006   Code   RO         4872    .ARM.Collect$$_printf_percent$$00000009  c_w.l(_printf_d.o)
    0x080001aa   0x00000006   Code   RO         4871    .ARM.Collect$$_printf_percent$$00000014  c_w.l(_printf_s.o)
    0x080001b0   0x00000004   Code   RO         4899    .ARM.Collect$$_printf_percent$$00000017  c_w.l(_printf_percent_end.o)
    0x080001b4   0x00000002   Code   RO         4928    .ARM.Collect$$libinit$$00000000  c_w.l(libinit.o)
    0x080001b6   0x00000000   Code   RO         4935    .ARM.Collect$$libinit$$00000002  c_w.l(libinit2.o)
    0x080001b6   0x00000000   Code   RO         4937    .ARM.Collect$$libinit$$00000004  c_w.l(libinit2.o)
    0x080001b6   0x00000000   Code   RO         4940    .ARM.Collect$$libinit$$0000000A  c_w.l(libinit2.o)
    0x080001b6   0x00000000   Code   RO         4942    .ARM.Collect$$libinit$$0000000C  c_w.l(libinit2.o)
    0x080001b6   0x00000000   Code   RO         4944    .ARM.Collect$$libinit$$0000000E  c_w.l(libinit2.o)
    0x080001b6   0x00000000   Code   RO         4947    .ARM.Collect$$libinit$$00000011  c_w.l(libinit2.o)
    0x080001b6   0x00000000   Code   RO         4949    .ARM.Collect$$libinit$$00000013  c_w.l(libinit2.o)
    0x080001b6   0x00000000   Code   RO         4951    .ARM.Collect$$libinit$$00000015  c_w.l(libinit2.o)
    0x080001b6   0x00000000   Code   RO         4953    .ARM.Collect$$libinit$$00000017  c_w.l(libinit2.o)
    0x080001b6   0x00000000   Code   RO         4955    .ARM.Collect$$libinit$$00000019  c_w.l(libinit2.o)
    0x080001b6   0x00000000   Code   RO         4957    .ARM.Collect$$libinit$$0000001B  c_w.l(libinit2.o)
    0x080001b6   0x00000000   Code   RO         4959    .ARM.Collect$$libinit$$0000001D  c_w.l(libinit2.o)
    0x080001b6   0x00000000   Code   RO         4961    .ARM.Collect$$libinit$$0000001F  c_w.l(libinit2.o)
    0x080001b6   0x00000000   Code   RO         4963    .ARM.Collect$$libinit$$00000021  c_w.l(libinit2.o)
    0x080001b6   0x00000000   Code   RO         4965    .ARM.Collect$$libinit$$00000023  c_w.l(libinit2.o)
    0x080001b6   0x00000000   Code   RO         4967    .ARM.Collect$$libinit$$00000025  c_w.l(libinit2.o)
    0x080001b6   0x00000000   Code   RO         4971    .ARM.Collect$$libinit$$0000002C  c_w.l(libinit2.o)
    0x080001b6   0x00000000   Code   RO         4973    .ARM.Collect$$libinit$$0000002E  c_w.l(libinit2.o)
    0x080001b6   0x00000000   Code   RO         4975    .ARM.Collect$$libinit$$00000030  c_w.l(libinit2.o)
    0x080001b6   0x00000000   Code   RO         4977    .ARM.Collect$$libinit$$00000032  c_w.l(libinit2.o)
    0x080001b6   0x00000002   Code   RO         4978    .ARM.Collect$$libinit$$00000033  c_w.l(libinit2.o)
    0x080001b8   0x00000002   Code   RO         4996    .ARM.Collect$$libshutdown$$00000000  c_w.l(libshutdown.o)
    0x080001ba   0x00000000   Code   RO         5006    .ARM.Collect$$libshutdown$$00000002  c_w.l(libshutdown2.o)
    0x080001ba   0x00000000   Code   RO         5008    .ARM.Collect$$libshutdown$$00000004  c_w.l(libshutdown2.o)
    0x080001ba   0x00000000   Code   RO         5011    .ARM.Collect$$libshutdown$$00000007  c_w.l(libshutdown2.o)
    0x080001ba   0x00000000   Code   RO         5014    .ARM.Collect$$libshutdown$$0000000A  c_w.l(libshutdown2.o)
    0x080001ba   0x00000000   Code   RO         5016    .ARM.Collect$$libshutdown$$0000000C  c_w.l(libshutdown2.o)
    0x080001ba   0x00000000   Code   RO         5019    .ARM.Collect$$libshutdown$$0000000F  c_w.l(libshutdown2.o)
    0x080001ba   0x00000002   Code   RO         5020    .ARM.Collect$$libshutdown$$00000010  c_w.l(libshutdown2.o)
    0x080001bc   0x00000000   Code   RO         4888    .ARM.Collect$$rtentry$$00000000  c_w.l(__rtentry.o)
    0x080001bc   0x00000000   Code   RO         4903    .ARM.Collect$$rtentry$$00000002  c_w.l(__rtentry2.o)
    0x080001bc   0x00000006   Code   RO         4915    .ARM.Collect$$rtentry$$00000004  c_w.l(__rtentry4.o)
    0x080001c2   0x00000000   Code   RO         4905    .ARM.Collect$$rtentry$$00000009  c_w.l(__rtentry2.o)
    0x080001c2   0x00000004   Code   RO         4906    .ARM.Collect$$rtentry$$0000000A  c_w.l(__rtentry2.o)
    0x080001c6   0x00000000   Code   RO         4908    .ARM.Collect$$rtentry$$0000000C  c_w.l(__rtentry2.o)
    0x080001c6   0x00000008   Code   RO         4909    .ARM.Collect$$rtentry$$0000000D  c_w.l(__rtentry2.o)
    0x080001ce   0x00000002   Code   RO         4932    .ARM.Collect$$rtexit$$00000000  c_w.l(rtexit.o)
    0x080001d0   0x00000000   Code   RO         4980    .ARM.Collect$$rtexit$$00000002  c_w.l(rtexit2.o)
    0x080001d0   0x00000004   Code   RO         4981    .ARM.Collect$$rtexit$$00000003  c_w.l(rtexit2.o)
    0x080001d4   0x00000006   Code   RO         4982    .ARM.Collect$$rtexit$$00000004  c_w.l(rtexit2.o)
    0x080001da   0x00000002   PAD
    0x080001dc   0x00000096   Code   RO         4150    .emb_text           port.o
    0x08000272   0x00000002   PAD
    0x08000274   0x00000040   Code   RO          494    .text               startup_stm32f10x_hd.o
    0x080002b4   0x00000002   Code   RO         4835    .text               c_w.l(use_no_semi.o)
    0x080002b6   0x00000002   PAD
    0x080002b8   0x00000018   Code   RO         4841    .text               c_w.l(noretval__2printf.o)
    0x080002d0   0x00000028   Code   RO         4843    .text               c_w.l(noretval__2sprintf.o)
    0x080002f8   0x00000052   Code   RO         4847    .text               c_w.l(_printf_str.o)
    0x0800034a   0x00000002   PAD
    0x0800034c   0x00000078   Code   RO         4849    .text               c_w.l(_printf_dec.o)
    0x080003c4   0x000000b8   Code   RO         4854    .text               c_w.l(__printf_ss.o)
    0x0800047c   0x0000003e   Code   RO         4874    .text               c_w.l(strlen.o)
    0x080004ba   0x0000008a   Code   RO         4876    .text               c_w.l(rt_memcpy_v6.o)
    0x08000544   0x00000064   Code   RO         4878    .text               c_w.l(rt_memcpy_w.o)
    0x080005a8   0x00000010   Code   RO         4880    .text               c_w.l(aeabi_memset.o)
    0x080005b8   0x0000004e   Code   RO         4882    .text               c_w.l(rt_memclr_w.o)
    0x08000606   0x00000006   Code   RO         4884    .text               c_w.l(heapauxi.o)
    0x0800060c   0x000000b2   Code   RO         4889    .text               c_w.l(_printf_intcommon.o)
    0x080006be   0x00000002   PAD
    0x080006c0   0x00000030   Code   RO         4891    .text               c_w.l(_printf_char_common.o)
    0x080006f0   0x0000000a   Code   RO         4893    .text               c_w.l(_sputc.o)
    0x080006fa   0x0000002c   Code   RO         4895    .text               c_w.l(_printf_char.o)
    0x08000726   0x00000002   PAD
    0x08000728   0x00000024   Code   RO         4897    .text               c_w.l(_printf_char_file.o)
    0x0800074c   0x00000044   Code   RO         4900    .text               c_w.l(rt_memclr.o)
    0x08000790   0x0000004a   Code   RO         4919    .text               c_w.l(sys_stackheap_outer.o)
    0x080007da   0x00000012   Code   RO         4921    .text               c_w.l(exit.o)
    0x080007ec   0x00000008   Code   RO         4929    .text               c_w.l(libspace.o)
    0x080007f4   0x00000004   Code   RO          287    i.BusFault_Handler  stm32f10x_it.o
    0x080007f8   0x0000002c   Code   RO         4227    i.CmdError          stm32_eval_sdio_sd.o
    0x08000824   0x00000134   Code   RO         4228    i.CmdResp1Error     stm32_eval_sdio_sd.o
    0x08000958   0x0000004c   Code   RO         4229    i.CmdResp2Error     stm32_eval_sdio_sd.o
    0x080009a4   0x00000038   Code   RO         4230    i.CmdResp3Error     stm32_eval_sdio_sd.o
    0x080009dc   0x0000009c   Code   RO         4231    i.CmdResp6Error     stm32_eval_sdio_sd.o
    0x08000a78   0x0000004c   Code   RO         4232    i.CmdResp7Error     stm32_eval_sdio_sd.o
    0x08000ac4   0x0000001c   Code   RO         1223    i.DMA_ClearFlag     stm32f10x_dma.o
    0x08000ae0   0x00000018   Code   RO         1225    i.DMA_Cmd           stm32f10x_dma.o
    0x08000af8   0x0000002c   Code   RO         1228    i.DMA_GetFlagStatus  stm32f10x_dma.o
    0x08000b24   0x0000003c   Code   RO         1231    i.DMA_Init          stm32f10x_dma.o
    0x08000b60   0x00000044   Code   RO            2    i.Data_pack         main.o
    0x08000ba4   0x00000040   Code   RO            3    i.Data_sema         main.o
    0x08000be4   0x00000044   Code   RO            4    i.Data_transfer     main.o
    0x08000c28   0x00000002   Code   RO          288    i.DebugMon_Handler  stm32f10x_it.o
    0x08000c2a   0x00000002   PAD
    0x08000c2c   0x0000019c   Code   RO         4233    i.FindSCR           stm32_eval_sdio_sd.o
    0x08000dc8   0x00000034   Code   RO            6    i.GPIO_Configure    main.o
    0x08000dfc   0x00000116   Code   RO         1649    i.GPIO_Init         stm32f10x_gpio.o
    0x08000f12   0x00000004   Code   RO          289    i.HardFault_Handler  stm32f10x_it.o
    0x08000f16   0x00000002   PAD
    0x08000f18   0x0000019c   Code   RO         4234    i.IsCardProgramming  stm32_eval_sdio_sd.o
    0x080010b4   0x00000004   Code   RO          290    i.MemManage_Handler  stm32f10x_it.o
    0x080010b8   0x00000002   Code   RO          291    i.NMI_Handler       stm32f10x_it.o
    0x080010ba   0x00000002   PAD
    0x080010bc   0x00000070   Code   RO          498    i.NVIC_Init         misc.o
    0x0800112c   0x00000014   Code   RO          499    i.NVIC_PriorityGroupConfig  misc.o
    0x08001140   0x00000020   Code   RO         2064    i.RCC_AHBPeriphClockCmd  stm32f10x_rcc.o
    0x08001160   0x00000020   Code   RO         2065    i.RCC_APB1PeriphClockCmd  stm32f10x_rcc.o
    0x08001180   0x00000020   Code   RO         2067    i.RCC_APB2PeriphClockCmd  stm32f10x_rcc.o
    0x080011a0   0x000000d4   Code   RO         2075    i.RCC_GetClocksFreq  stm32f10x_rcc.o
    0x08001274   0x00000124   Code   RO         4235    i.SDEnWideBus       stm32_eval_sdio_sd.o
    0x08001398   0x0000000c   Code   RO         2354    i.SDIO_ClearFlag    stm32f10x_sdio.o
    0x080013a4   0x0000000c   Code   RO         2356    i.SDIO_ClockCmd     stm32f10x_sdio.o
    0x080013b0   0x0000000c   Code   RO         2359    i.SDIO_DMACmd       stm32f10x_sdio.o
    0x080013bc   0x00000030   Code   RO         2360    i.SDIO_DataConfig   stm32f10x_sdio.o
    0x080013ec   0x00000024   Code   RO         2362    i.SDIO_DeInit       stm32f10x_sdio.o
    0x08001410   0x0000000c   Code   RO         2363    i.SDIO_GetCommandResponse  stm32f10x_sdio.o
    0x0800141c   0x00000018   Code   RO         2366    i.SDIO_GetFlagStatus  stm32f10x_sdio.o
    0x08001434   0x00000010   Code   RO         2368    i.SDIO_GetPowerState  stm32f10x_sdio.o
    0x08001444   0x00000018   Code   RO         2369    i.SDIO_GetResponse  stm32f10x_sdio.o
    0x0800145c   0x00000020   Code   RO         2370    i.SDIO_ITConfig     stm32f10x_sdio.o
    0x0800147c   0x00000030   Code   RO         2371    i.SDIO_Init         stm32f10x_sdio.o
    0x080014ac   0x0000000c   Code   RO         2372    i.SDIO_ReadData     stm32f10x_sdio.o
    0x080014b8   0x0000002c   Code   RO         2374    i.SDIO_SendCommand  stm32f10x_sdio.o
    0x080014e4   0x0000001c   Code   RO         2376    i.SDIO_SetPowerState  stm32f10x_sdio.o
    0x08001500   0x0000000c   Code   RO         2382    i.SDIO_WriteData    stm32f10x_sdio.o
    0x0800150c   0x00000010   Code   RO         4430    i.SD_DMAEndOfTransferStatus  stm3210e_eval.o
    0x0800151c   0x00000098   Code   RO         4238    i.SD_EnableWideBusOperation  stm32_eval_sdio_sd.o
    0x080015b4   0x000002cc   Code   RO         4240    i.SD_GetCardInfo    stm32_eval_sdio_sd.o
    0x08001880   0x00000084   Code   RO         4244    i.SD_Init           stm32_eval_sdio_sd.o
    0x08001904   0x00000140   Code   RO         4245    i.SD_InitializeCards  stm32_eval_sdio_sd.o
    0x08001a44   0x00000064   Code   RO         4431    i.SD_LowLevel_DMA_RxConfig  stm3210e_eval.o
    0x08001aa8   0x00000064   Code   RO         4432    i.SD_LowLevel_DMA_TxConfig  stm3210e_eval.o
    0x08001b0c   0x00000068   Code   RO         4434    i.SD_LowLevel_Init  stm3210e_eval.o
    0x08001b74   0x00000190   Code   RO         4247    i.SD_PowerON        stm32_eval_sdio_sd.o
    0x08001d04   0x0000027c   Code   RO         4249    i.SD_ReadBlock      stm32_eval_sdio_sd.o
    0x08001f80   0x000002f4   Code   RO         4250    i.SD_ReadMultiBlocks  stm32_eval_sdio_sd.o
    0x08002274   0x00000034   Code   RO         4251    i.SD_SelectDeselect  stm32_eval_sdio_sd.o
    0x080022a8   0x0000001c   Code   RO         4254    i.SD_SetDeviceMode  stm32_eval_sdio_sd.o
    0x080022c4   0x0000036c   Code   RO         4256    i.SD_WriteBlock     stm32_eval_sdio_sd.o
    0x08002630   0x00000410   Code   RO         4257    i.SD_WriteMultiBlocks  stm32_eval_sdio_sd.o
    0x08002a40   0x00000024   Code   RO           11    i.SendChar          main.o
    0x08002a64   0x00000008   Code   RO          438    i.SetSysClock       system_stm32f10x.o
    0x08002a6c   0x000000e0   Code   RO          439    i.SetSysClockTo72   system_stm32f10x.o
    0x08002b4c   0x00000060   Code   RO          441    i.SystemInit        system_stm32f10x.o
    0x08002bac   0x00000024   Code   RO           12    i.TIM2_IRQHandler   main.o
    0x08002bd0   0x0000002a   Code   RO           13    i.TIM2_NVIC_Configuration  main.o
    0x08002bfa   0x00000006   Code   RO         2693    i.TIM_ClearFlag     stm32f10x_tim.o
    0x08002c00   0x00000006   Code   RO         2694    i.TIM_ClearITPendingBit  stm32f10x_tim.o
    0x08002c06   0x00000018   Code   RO         2699    i.TIM_Cmd           stm32f10x_tim.o
    0x08002c1e   0x00000022   Code   RO         2720    i.TIM_GetITStatus   stm32f10x_tim.o
    0x08002c40   0x00000012   Code   RO         2724    i.TIM_ITConfig      stm32f10x_tim.o
    0x08002c52   0x00000002   PAD
    0x08002c54   0x000000a4   Code   RO         2770    i.TIM_TimeBaseInit  stm32f10x_tim.o
    0x08002cf8   0x00000050   Code   RO           14    i.TIMx_Configuration  main.o
    0x08002d48   0x00000018   Code   RO         3235    i.USART_Cmd         stm32f10x_usart.o
    0x08002d60   0x00000054   Code   RO           15    i.USART_Configure   main.o
    0x08002db4   0x0000001a   Code   RO         3238    i.USART_GetFlagStatus  stm32f10x_usart.o
    0x08002dce   0x0000004a   Code   RO         3241    i.USART_ITConfig    stm32f10x_usart.o
    0x08002e18   0x000000d8   Code   RO         3242    i.USART_Init        stm32f10x_usart.o
    0x08002ef0   0x00000008   Code   RO         3252    i.USART_SendData    stm32f10x_usart.o
    0x08002ef8   0x00000004   Code   RO          295    i.UsageFault_Handler  stm32f10x_it.o
    0x08002efc   0x00000004   Code   RO          350    i._sys_exit         retarget.o
    0x08002f00   0x00000090   Code   RO         4591    i.check_fs          ff.o
    0x08002f90   0x00000014   Code   RO         4592    i.chk_chr           ff.o
    0x08002fa4   0x000002e8   Code   RO         4593    i.chk_mounted       ff.o
    0x0800328c   0x0000001a   Code   RO         4594    i.clust2sect        ff.o
    0x080032a6   0x00000012   Code   RO         4258    i.convert_from_bytes_to_power_of_two  stm32_eval_sdio_sd.o
    0x080032b8   0x000000b6   Code   RO         4595    i.create_chain      ff.o
    0x0800336e   0x00000002   PAD
    0x08003370   0x0000014c   Code   RO         4596    i.create_name       ff.o
    0x080034bc   0x000000c4   Code   RO           16    i.data_read         main.o
    0x08003580   0x00000110   Code   RO           17    i.data_write        main.o
    0x08003690   0x0000005c   Code   RO         4597    i.dir_find          ff.o
    0x080036ec   0x00000116   Code   RO         4598    i.dir_next          ff.o
    0x08003802   0x00000056   Code   RO         4599    i.dir_read          ff.o
    0x08003858   0x00000078   Code   RO         4600    i.dir_register      ff.o
    0x080038d0   0x0000002c   Code   RO         4601    i.dir_remove        ff.o
    0x080038fc   0x0000009c   Code   RO         4602    i.dir_seek          ff.o
    0x08003998   0x0000002c   Code   RO         4537    i.disk_initialize   diskio.o
    0x080039c4   0x00000006   Code   RO         4538    i.disk_ioctl        diskio.o
    0x080039ca   0x0000004a   Code   RO         4539    i.disk_read         diskio.o
    0x08003a14   0x00000028   Code   RO         4540    i.disk_status       diskio.o
    0x08003a3c   0x0000004a   Code   RO         4541    i.disk_write        diskio.o
    0x08003a86   0x00000016   Code   RO         4604    i.f_close           ff.o
    0x08003a9c   0x000001c0   Code   RO         4606    i.f_lseek           ff.o
    0x08003c5c   0x0000002c   Code   RO         4609    i.f_mount           ff.o
    0x08003c88   0x0000018c   Code   RO         4610    i.f_open            ff.o
    0x08003e14   0x000001d2   Code   RO         4612    i.f_read            ff.o
    0x08003fe6   0x000000b8   Code   RO         4616    i.f_sync            ff.o
    0x0800409e   0x000000ba   Code   RO         4618    i.f_unlink          ff.o
    0x08004158   0x00000210   Code   RO         4620    i.f_write           ff.o
    0x08004368   0x00000008   Code   RO          352    i.ferror            retarget.o
    0x08004370   0x000000a6   Code   RO         4621    i.follow_path       ff.o
    0x08004416   0x0000000e   Code   RO          354    i.fputc             retarget.o
    0x08004424   0x00000112   Code   RO         4622    i.get_fat           ff.o
    0x08004536   0x00000004   Code   RO         4542    i.get_fattime       diskio.o
    0x0800453a   0x00000002   PAD
    0x0800453c   0x0000019c   Code   RO           19    i.main              main.o
    0x080046d8   0x00000260   Code   RO           20    i.main_FreeRTos     main.o
    0x08004938   0x00000026   Code   RO         4624    i.mem_cmp           ff.o
    0x0800495e   0x0000001a   Code   RO         4625    i.mem_cpy           ff.o
    0x08004978   0x00000014   Code   RO         4626    i.mem_set           ff.o
    0x0800498c   0x00000072   Code   RO         4627    i.move_window       ff.o
    0x080049fe   0x00000002   PAD
    0x08004a00   0x00000098   Code   RO         3671    i.prvAddCurrentTaskToDelayedList  tasks.o
    0x08004a98   0x000000b4   Code   RO         3672    i.prvAddNewTaskToReadyList  tasks.o
    0x08004b4c   0x0000004c   Code   RO         3985    i.prvCheckForValidListAndQueue  timers.o
    0x08004b98   0x00000048   Code   RO         3673    i.prvCheckTasksWaitingTermination  tasks.o
    0x08004be0   0x0000002a   Code   RO         3513    i.prvCopyDataFromQueue  queue.o
    0x08004c0a   0x0000006a   Code   RO         3514    i.prvCopyDataToQueue  queue.o
    0x08004c74   0x00000012   Code   RO         3674    i.prvDeleteTCB      tasks.o
    0x08004c86   0x00000002   PAD
    0x08004c88   0x00000028   Code   RO         3986    i.prvGetNextExpireTime  timers.o
    0x08004cb0   0x00000038   Code   RO         4112    i.prvHeapInit       heap_2.o
    0x08004ce8   0x00000028   Code   RO         3675    i.prvIdleTask       tasks.o
    0x08004d10   0x00000026   Code   RO         3515    i.prvInitialiseNewQueue  queue.o
    0x08004d36   0x00000098   Code   RO         3676    i.prvInitialiseNewTask  tasks.o
    0x08004dce   0x0000003a   Code   RO         3987    i.prvInitialiseNewTimer  timers.o
    0x08004e08   0x00000068   Code   RO         3677    i.prvInitialiseTaskLists  tasks.o
    0x08004e70   0x00000058   Code   RO         3988    i.prvInsertTimerInActiveList  timers.o
    0x08004ec8   0x0000001a   Code   RO         3516    i.prvIsQueueEmpty   queue.o
    0x08004ee2   0x0000001e   Code   RO         3517    i.prvIsQueueFull    queue.o
    0x08004f00   0x0000005c   Code   RO         3989    i.prvProcessExpiredTimer  timers.o
    0x08004f5c   0x000000fc   Code   RO         3990    i.prvProcessReceivedCommands  timers.o
    0x08005058   0x00000074   Code   RO         3991    i.prvProcessTimerOrBlockTask  timers.o
    0x080050cc   0x00000034   Code   RO         3678    i.prvResetNextTaskUnblockTime  tasks.o
    0x08005100   0x0000002c   Code   RO         3992    i.prvSampleTimeNow  timers.o
    0x0800512c   0x00000088   Code   RO         3993    i.prvSwitchTimerLists  timers.o
    0x080051b4   0x00000016   Code   RO         4151    i.prvTaskExitError  port.o
    0x080051ca   0x0000001a   Code   RO         3994    i.prvTimerTask      timers.o
    0x080051e4   0x0000007e   Code   RO         3518    i.prvUnlockQueue    queue.o
    0x08005262   0x00000146   Code   RO         4628    i.put_fat           ff.o
    0x080053a8   0x000000b8   Code   RO         4113    i.pvPortMalloc      heap_2.o
    0x08005460   0x00000024   Code   RO         4152    i.pxPortInitialiseStack  port.o
    0x08005484   0x00000068   Code   RO         4629    i.remove_chain      ff.o
    0x080054ec   0x000000ca   Code   RO         4630    i.sync              ff.o
    0x080055b6   0x00000002   PAD
    0x080055b8   0x00000028   Code   RO           21    i.test1Timer_HandleCallback  main.o
    0x080055e0   0x00000028   Code   RO         3465    i.uxListRemove      list.o
    0x08005608   0x0000001a   Code   RO         3466    i.vListInitialise   list.o
    0x08005622   0x00000006   Code   RO         3467    i.vListInitialiseItem  list.o
    0x08005628   0x00000034   Code   RO         3468    i.vListInsert       list.o
    0x0800565c   0x00000018   Code   RO         3469    i.vListInsertEnd    list.o
    0x08005674   0x00000024   Code   RO         4154    i.vPortEnterCritical  port.o
    0x08005698   0x00000020   Code   RO         4155    i.vPortExitCritical  port.o
    0x080056b8   0x00000040   Code   RO         4114    i.vPortFree         heap_2.o
    0x080056f8   0x00000018   Code   RO         4156    i.vPortSetupTimerInterrupt  port.o
    0x08005710   0x0000004a   Code   RO         3523    i.vQueueWaitForMessageRestricted  queue.o
    0x0800575a   0x00000002   PAD
    0x0800575c   0x00000034   Code   RO         3687    i.vTaskDelay        tasks.o
    0x08005790   0x00000018   Code   RO         3691    i.vTaskInternalSetTimeOutState  tasks.o
    0x080057a8   0x0000000c   Code   RO         3692    i.vTaskMissedYield  tasks.o
    0x080057b4   0x00000020   Code   RO         3694    i.vTaskPlaceOnEventList  tasks.o
    0x080057d4   0x00000028   Code   RO         3695    i.vTaskPlaceOnEventListRestricted  tasks.o
    0x080057fc   0x00000070   Code   RO         3701    i.vTaskStartScheduler  tasks.o
    0x0800586c   0x00000010   Code   RO         3703    i.vTaskSuspendAll   tasks.o
    0x0800587c   0x00000060   Code   RO         3704    i.vTaskSwitchContext  tasks.o
    0x080058dc   0x0000002a   Code   RO         4631    i.validate          ff.o
    0x08005906   0x00000002   PAD
    0x08005908   0x00000034   Code   RO         4157    i.xPortStartScheduler  port.o
    0x0800593c   0x00000034   Code   RO         4158    i.xPortSysTickHandler  port.o
    0x08005970   0x0000003a   Code   RO         3524    i.xQueueGenericCreate  queue.o
    0x080059aa   0x00000002   PAD
    0x080059ac   0x00000080   Code   RO         3525    i.xQueueGenericReset  queue.o
    0x08005a2c   0x00000118   Code   RO         3526    i.xQueueGenericSend  queue.o
    0x08005b44   0x00000086   Code   RO         3527    i.xQueueGenericSendFromISR  queue.o
    0x08005bca   0x00000002   PAD
    0x08005bcc   0x00000104   Code   RO         3533    i.xQueueReceive     queue.o
    0x08005cd0   0x0000005c   Code   RO         3705    i.xTaskCheckForTimeOut  tasks.o
    0x08005d2c   0x00000060   Code   RO         3706    i.xTaskCreate       tasks.o
    0x08005d8c   0x00000020   Code   RO         3710    i.xTaskGetSchedulerState  tasks.o
    0x08005dac   0x0000000c   Code   RO         3711    i.xTaskGetTickCount  tasks.o
    0x08005db8   0x0000011c   Code   RO         3713    i.xTaskIncrementTick  tasks.o
    0x08005ed4   0x00000080   Code   RO         3716    i.xTaskRemoveFromEventList  tasks.o
    0x08005f54   0x000000e8   Code   RO         3717    i.xTaskResumeAll    tasks.o
    0x0800603c   0x00000036   Code   RO         3998    i.xTimerCreate      timers.o
    0x08006072   0x00000002   PAD
    0x08006074   0x0000003c   Code   RO         3999    i.xTimerCreateTimerTask  timers.o
    0x080060b0   0x0000006c   Code   RO         4000    i.xTimerGenericCommand  timers.o
    0x0800611c   0x00000068   Data   RO           23    .constdata          main.o
    0x08006184   0x00000020   Data   RO         5050    Region$$Table       anon$$obj.o


    Execution Region RW_IRAM1 (Base: 0x20000000, Size: 0x00005630, Max: 0x00020000, ABSOLUTE)

    Base Addr    Size         Type   Attr      Idx    E Section Name        Object

    0x20000000   0x00000035   Data   RW           24    .data               main.o
    0x20000035   0x00000003   PAD
    0x20000038   0x00000008   Data   RW          355    .data               retarget.o
    0x20000040   0x00000014   Data   RW         2095    .data               stm32f10x_rcc.o
    0x20000054   0x0000003c   Data   RW         3720    .data               tasks.o
    0x20000090   0x00000014   Data   RW         4006    .data               timers.o
    0x200000a4   0x00000018   Data   RW         4118    .data               heap_2.o
    0x200000bc   0x00000004   Data   RW         4159    .data               port.o
    0x200000c0   0x00000028   Data   RW         4260    .data               stm32_eval_sdio_sd.o
    0x200000e8   0x00000006   Data   RW         4633    .data               ff.o
    0x200000ee   0x00000002   PAD
    0x200000f0   0x00000b38   Zero   RW           22    .bss                main.o
    0x20000c28   0x000000c8   Zero   RW         3719    .bss                tasks.o
    0x20000cf0   0x00000028   Zero   RW         4005    .bss                timers.o
    0x20000d18   0x00004400   Zero   RW         4117    .bss                heap_2.o
    0x20005118   0x000000b4   Zero   RW         4259    .bss                stm32_eval_sdio_sd.o
    0x200051cc   0x00000060   Zero   RW         4930    .bss                c_w.l(libspace.o)
    0x2000522c   0x00000004   PAD
    0x20005230   0x00000200   Zero   RW          492    HEAP                startup_stm32f10x_hd.o
    0x20005430   0x00000200   Zero   RW          491    STACK               startup_stm32f10x_hd.o


==============================================================================

Image component sizes


      Code (inc. data)   RO Data    RW Data    ZI Data      Debug   Object Name

         0          0          0          0          0         32   core_cm3.o
       242         38          0          0          0      10888   diskio.o
      5810         44          0          6          0      26709   ff.o
       304         40          0         24      17408       3431   heap_2.o
       148          0          0          0          0       4390   list.o
      2058       1078        104         53       2872     301209   main.o
       132         22          0          0          0       1603   misc.o
       404         48          0          4          0       8872   port.o
      1302         14          0          0          0      20815   queue.o
        26          0          0          8          0       3111   retarget.o
        64         26        304          0       1024        884   startup_stm32f10x_hd.o
       320         46          0          0          0       3241   stm3210e_eval.o
      6958        334          0         40        180      28620   stm32_eval_sdio_sd.o
       156         18          0          0          0       3993   stm32f10x_dma.o
       278          0          0          0          0       2008   stm32f10x_gpio.o
        20          0          0          0          0       2425   stm32f10x_it.o
       308         38          0         20          0       5106   stm32f10x_rcc.o
       372         86          0          0          0       9935   stm32f10x_sdio.o
       252         42          0          0          0       4218   stm32f10x_tim.o
       348          6          0          0          0       4969   stm32f10x_usart.o
       328         28          0          0          0       2141   system_stm32f10x.o
      2030        332          0         60        200      25196   tasks.o
      1150        108          0         20         40      12130   timers.o

    ----------------------------------------------------------------------
     23040       2348        440        240      21724     485926   Object Totals
         0          0         32          0          0          0   (incl. Generated)
        30          0          0          5          0          0   (incl. Padding)

    ----------------------------------------------------------------------

      Code (inc. data)   RO Data    RW Data    ZI Data      Debug   Library Member Name

         8          0          0          0          0         68   __main.o
       184          0          0          0          0         84   __printf_ss.o
         0          0          0          0          0          0   __rtentry.o
        12          0          0          0          0          0   __rtentry2.o
         6          0          0          0          0          0   __rtentry4.o
        52          8          0          0          0          0   __scatter.o
        26          0          0          0          0          0   __scatter_copy.o
        28          0          0          0          0          0   __scatter_zi.o
        44          0          0          0          0        108   _printf_char.o
        48          6          0          0          0         96   _printf_char_common.o
        36          4          0          0          0         80   _printf_char_file.o
         6          0          0          0          0          0   _printf_d.o
       120         16          0          0          0         92   _printf_dec.o
       178          0          0          0          0         88   _printf_intcommon.o
         0          0          0          0          0          0   _printf_percent.o
         4          0          0          0          0          0   _printf_percent_end.o
         6          0          0          0          0          0   _printf_s.o
        82          0          0          0          0         80   _printf_str.o
        10          0          0          0          0         68   _sputc.o
        16          0          0          0          0         68   aeabi_memset.o
        18          0          0          0          0         80   exit.o
         6          0          0          0          0        152   heapauxi.o
         2          0          0          0          0          0   libinit.o
         2          0          0          0          0          0   libinit2.o
         2          0          0          0          0          0   libshutdown.o
         2          0          0          0          0          0   libshutdown2.o
         8          4          0          0         96         68   libspace.o
        24          4          0          0          0         84   noretval__2printf.o
        40          6          0          0          0         84   noretval__2sprintf.o
        68          0          0          0          0         68   rt_memclr.o
        78          0          0          0          0         80   rt_memclr_w.o
       138          0          0          0          0         68   rt_memcpy_v6.o
       100          0          0          0          0         80   rt_memcpy_w.o
         2          0          0          0          0          0   rtexit.o
        10          0          0          0          0          0   rtexit2.o
        62          0          0          0          0         76   strlen.o
        74          0          0          0          0         80   sys_stackheap_outer.o
         2          0          0          0          0         68   use_no_semi.o

    ----------------------------------------------------------------------
      1516         48          0          0        100       1820   Library Totals
        12          0          0          0          4          0   (incl. Padding)

    ----------------------------------------------------------------------

      Code (inc. data)   RO Data    RW Data    ZI Data      Debug   Library Name

      1504         48          0          0         96       1820   c_w.l

    ----------------------------------------------------------------------
      1516         48          0          0        100       1820   Library Totals

    ----------------------------------------------------------------------

==============================================================================


      Code (inc. data)   RO Data    RW Data    ZI Data      Debug   

     24556       2396        440        240      21824     477342   Grand Totals
     24556       2396        440        240      21824     477342   ELF Image Totals
     24556       2396        440        240          0          0   ROM Totals

==============================================================================

    Total RO  Size (Code + RO Data)                24996 (  24.41kB)
    Total RW  Size (RW Data + ZI Data)             22064 (  21.55kB)
    Total ROM Size (Code + RO Data + RW Data)      25236 (  24.64kB)

==============================================================================

