Component: ARM Compiler 5.06 update 4 (build 422) Tool: armlink [4d35d2]

==============================================================================

Section Cross References

    main.o(i.Beep_Init) refers to stm32f10x_rcc.o(i.RCC_APB2PeriphClockCmd) for RCC_APB2PeriphClockCmd
    main.o(i.Beep_Init) refers to stm32f10x_gpio.o(i.GPIO_Init) for GPIO_Init
    main.o(i.Data_sema1) refers to _printf_percent.o(.ARM.Collect$$_printf_percent$$00000000) for _printf_percent
    main.o(i.Data_sema1) refers to _printf_s.o(.ARM.Collect$$_printf_percent$$00000014) for _printf_s
    main.o(i.Data_sema1) refers to _printf_str.o(.text) for _printf_str
    main.o(i.Data_sema1) refers to noretval__2printf.o(.text) for __2printf
    main.o(i.Data_sema1) refers to tasks.o(i.vTaskDelay) for vTaskDelay
    main.o(i.Data_sema1) refers to main.o(.constdata) for __func__
    main.o(i.Data_sema2) refers to _printf_percent.o(.ARM.Collect$$_printf_percent$$00000000) for _printf_percent
    main.o(i.Data_sema2) refers to _printf_s.o(.ARM.Collect$$_printf_percent$$00000014) for _printf_s
    main.o(i.Data_sema2) refers to _printf_str.o(.text) for _printf_str
    main.o(i.Data_sema2) refers to noretval__2printf.o(.text) for __2printf
    main.o(i.Data_sema2) refers to tasks.o(i.vTaskDelay) for vTaskDelay
    main.o(i.Data_sema2) refers to main.o(.constdata) for __func__
    main.o(i.Data_sema3) refers to _printf_percent.o(.ARM.Collect$$_printf_percent$$00000000) for _printf_percent
    main.o(i.Data_sema3) refers to _printf_s.o(.ARM.Collect$$_printf_percent$$00000014) for _printf_s
    main.o(i.Data_sema3) refers to _printf_str.o(.text) for _printf_str
    main.o(i.Data_sema3) refers to noretval__2printf.o(.text) for __2printf
    main.o(i.Data_sema3) refers to tasks.o(i.vTaskDelay) for vTaskDelay
    main.o(i.Data_sema3) refers to main.o(.constdata) for __func__
    main.o(i.Delay_ms) refers to _printf_percent.o(.ARM.Collect$$_printf_percent$$00000000) for _printf_percent
    main.o(i.Delay_ms) refers to _printf_s.o(.ARM.Collect$$_printf_percent$$00000014) for _printf_s
    main.o(i.Delay_ms) refers to _printf_str.o(.text) for _printf_str
    main.o(i.Delay_ms) refers to noretval__2printf.o(.text) for __2printf
    main.o(i.Delay_ms) refers to main.o(.data) for TimingDelay
    main.o(i.Delay_ms) refers to main.o(.constdata) for __func__
    main.o(i.GPIO_Configure) refers to stm32f10x_gpio.o(i.GPIO_Init) for GPIO_Init
    main.o(i.GPIO_Configure) refers to main.o(.data) for GPIO_InitStructure
    main.o(i.Key_Init) refers to stm32f10x_rcc.o(i.RCC_APB2PeriphClockCmd) for RCC_APB2PeriphClockCmd
    main.o(i.Key_Init) refers to stm32f10x_gpio.o(i.GPIO_Init) for GPIO_Init
    main.o(i.Led_Init) refers to stm32f10x_rcc.o(i.RCC_APB2PeriphClockCmd) for RCC_APB2PeriphClockCmd
    main.o(i.Led_Init) refers to stm32f10x_gpio.o(i.GPIO_Init) for GPIO_Init
    main.o(i.Led_Init) refers to stm32f10x_gpio.o(i.GPIO_SetBits) for GPIO_SetBits
    main.o(i.NVIC_Config) refers to misc.o(i.NVIC_Init) for NVIC_Init
    main.o(i.SendChar) refers to stm32f10x_usart.o(i.USART_SendData) for USART_SendData
    main.o(i.SendChar) refers to stm32f10x_usart.o(i.USART_GetFlagStatus) for USART_GetFlagStatus
    main.o(i.TIM2_IRQHandler) refers to stm32f10x_tim.o(i.TIM_GetITStatus) for TIM_GetITStatus
    main.o(i.TIM2_IRQHandler) refers to stm32f10x_tim.o(i.TIM_ClearITPendingBit) for TIM_ClearITPendingBit
    main.o(i.TIM2_IRQHandler) refers to main.o(.data) for TimingDelay
    main.o(i.TIM2_NVIC_Configuration) refers to misc.o(i.NVIC_PriorityGroupConfig) for NVIC_PriorityGroupConfig
    main.o(i.TIM2_NVIC_Configuration) refers to misc.o(i.NVIC_Init) for NVIC_Init
    main.o(i.TIMx_Configuration) refers to stm32f10x_rcc.o(i.RCC_APB1PeriphClockCmd) for RCC_APB1PeriphClockCmd
    main.o(i.TIMx_Configuration) refers to stm32f10x_tim.o(i.TIM_TimeBaseInit) for TIM_TimeBaseInit
    main.o(i.TIMx_Configuration) refers to stm32f10x_tim.o(i.TIM_ClearFlag) for TIM_ClearFlag
    main.o(i.TIMx_Configuration) refers to stm32f10x_tim.o(i.TIM_ITConfig) for TIM_ITConfig
    main.o(i.TIMx_Configuration) refers to stm32f10x_tim.o(i.TIM_Cmd) for TIM_Cmd
    main.o(i.USART_Configure) refers to stm32f10x_usart.o(i.USART_Init) for USART_Init
    main.o(i.USART_Configure) refers to stm32f10x_usart.o(i.USART_Cmd) for USART_Cmd
    main.o(i.USART_Configure) refers to stm32f10x_usart.o(i.USART_ITConfig) for USART_ITConfig
    main.o(i.USART_Configure) refers to main.o(.bss) for USART_InitStructure
    main.o(i.data_read) refers to _printf_percent.o(.ARM.Collect$$_printf_percent$$00000000) for _printf_percent
    main.o(i.data_read) refers to _printf_d.o(.ARM.Collect$$_printf_percent$$00000009) for _printf_d
    main.o(i.data_read) refers to _printf_s.o(.ARM.Collect$$_printf_percent$$00000014) for _printf_s
    main.o(i.data_read) refers to _printf_dec.o(.text) for _printf_int_dec
[...]
    Removing ff.o(.constdata), (66 bytes).
    Removing ff.o(.data), (6 bytes).

632 unused section(s) (total 43326 bytes) removed from the image.

==============================================================================

Image Symbol Table

    Local Symbols

    Symbol Name                              Value     Ov Type        Size  Object(Section)

    ../clib/angel/boardlib.s                 0x00000000   Number         0  boardshut.o ABSOLUTE
    ../clib/angel/boardlib.s                 0x00000000   Number         0  boardinit1.o ABSOLUTE
    ../clib/angel/boardlib.s                 0x00000000   Number         0  boardinit2.o ABSOLUTE
    ../clib/angel/boardlib.s                 0x00000000   Number         0  boardinit3.o ABSOLUTE
    ../clib/angel/handlers.s                 0x00000000   Number         0  __scatter_copy.o ABSOLUTE
    ../clib/angel/handlers.s                 0x00000000   Number         0  __scatter_zi.o ABSOLUTE
    ../clib/angel/kernel.s                   0x00000000   Number         0  __rtentry4.o ABSOLUTE
    ../clib/angel/kernel.s                   0x00000000   Number         0  __rtentry.o ABSOLUTE
    ../clib/angel/kernel.s                   0x00000000   Number         0  __rtentry2.o ABSOLUTE
    ../clib/angel/kernel.s                   0x00000000   Number         0  rtexit.o ABSOLUTE
    ../clib/angel/kernel.s                   0x00000000   Number         0  rtexit2.o ABSOLUTE
    ../clib/angel/rt.s                       0x00000000   Number         0  rt_raise.o ABSOLUTE
    ../clib/angel/scatter.s                  0x00000000   Number         0  __scatter.o ABSOLUTE
    ../clib/angel/startup.s                  0x00000000   Number         0  __main.o ABSOLUTE
    ../clib/angel/sys.s                      0x00000000   Number         0  indicate_semi.o ABSOLUTE
    ../clib/angel/sys.s                      0x00000000   Number         0  libspace.o ABSOLUTE
    ../clib/angel/sys.s                      0x00000000   Number         0  use_no_semi.o ABSOLUTE
    ../clib/angel/sys.s                      0x00000000   Number         0  sys_stackheap_outer.o ABSOLUTE
    ../clib/angel/sysapp.c                   0x00000000   Number         0  sys_command.o ABSOLUTE
    ../clib/armsys.c                         0x00000000   Number         0  argv_veneer.o ABSOLUTE
    ../clib/armsys.c                         0x00000000   Number         0  _get_argv_nomalloc.o ABSOLUTE
    ../clib/armsys.c                         0x00000000   Number         0  argv_veneer.o ABSOLUTE
    ../clib/armsys.c                         0x00000000   Number         0  no_argv.o ABSOLUTE
    ../clib/heapalloc.c                      0x00000000   Number         0  hrguard.o ABSOLUTE
    ../clib/heapaux.c                        0x00000000   Number         0  heapauxi.o ABSOLUTE
    ../clib/libinit.s                        0x00000000   Number         0  libshutdown.o ABSOLUTE
    ../clib/libinit.s                        0x00000000   Number         0  libshutdown2.o ABSOLUTE
    ../clib/libinit.s                        0x00000000   Number         0  libinit2.o ABSOLUTE
    ../clib/libinit.s                        0x00000000   Number         0  libinit.o ABSOLUTE
    ../clib/memcpset.s                       0x00000000   Number         0  rt_memcpy_v6.o ABSOLUTE
    ../clib/memcpset.s                       0x00000000   Number         0  rt_memcpy_w.o ABSOLUTE
    ../clib/memcpset.s                       0x00000000   Number         0  aeabi_memset.o ABSOLUTE
    ../clib/memcpset.s                       0x00000000   Number         0  rt_memclr_w.o ABSOLUTE
    ../clib/memcpset.s                       0x00000000   Number         0  rt_memclr.o ABSOLUTE
    ../clib/misc.s                           0x00000000   Number         0  printf_stubs.o ABSOLUTE
    ../clib/printf.c                         0x00000000   Number         0  _printf_char_common.o ABSOLUTE
    ../clib/printf.c                         0x00000000   Number         0  _printf_intcommon.o ABSOLUTE
    ../clib/printf.c                         0x00000000   Number         0  _sputc.o ABSOLUTE
    ../clib/printf.c                         0x00000000   Number         0  __printf_flags_ss_wp.o ABSOLUTE
    ../clib/printf.c                         0x00000000   Number         0  _printf_char.o ABSOLUTE
    ../clib/printf.c                         0x00000000   Number         0  _printf_char_file.o ABSOLUTE
    ../clib/printf.c                         0x00000000   Number         0  __printf_ss_wp.o ABSOLUTE
    ../clib/printf.c                         0x00000000   Number         0  __printf_flags_wp.o ABSOLUTE
    ../clib/printf.c                         0x00000000   Number         0  __printf_flags_ss.o ABSOLUTE
    ../clib/printf.c                         0x00000000   Number         0  __printf_ss.o ABSOLUTE
    ../clib/printf.c                         0x00000000   Number         0  __printf_nopercent.o ABSOLUTE
    ../clib/printf.c                         0x00000000   Number         0  __printf_flags.o ABSOLUTE
    ../clib/printf.c                         0x00000000   Number         0  _printf_dec.o ABSOLUTE
    ../clib/printf.c                         0x00000000   Number         0  __printf_wp.o ABSOLUTE
    ../clib/printf.c                         0x00000000   Number         0  __printf.o ABSOLUTE
    ../clib/printf.c                         0x00000000   Number         0  noretval__2sprintf.o ABSOLUTE
    ../clib/printf.c                         0x00000000   Number         0  noretval__2printf.o ABSOLUTE
    ../clib/printf.c                         0x00000000   Number         0  __2printf.o ABSOLUTE
    ../clib/printf.c                         0x00000000   Number         0  _printf_str.o ABSOLUTE
    ../clib/printf.c                         0x00000000   Number         0  __2sprintf.o ABSOLUTE
    ../clib/printf_percent.s                 0x00000000   Number         0  _printf_s.o ABSOLUTE
    ../clib/printf_percent.s                 0x00000000   Number         0  _printf_d.o ABSOLUTE
    ../clib/printf_percent.s                 0x00000000   Number         0  _printf_percent_end.o ABSOLUTE
    ../clib/printf_percent.s                 0x00000000   Number         0  _printf_percent.o ABSOLUTE
    ../clib/signal.c                         0x00000000   Number         0  defsig_segv_inner.o ABSOLUTE
    ../clib/signal.c                         0x00000000   Number         0  defsig_cppl_inner.o ABSOLUTE
    ../clib/signal.c                         0x00000000   Number         0  defsig_pvfn_inner.o ABSOLUTE
    ../clib/signal.c                         0x00000000   Number         0  defsig_stak_inner.o ABSOLUTE
    ../clib/signal.c                         0x00000000   Number         0  defsig_rtred_inner.o ABSOLUTE
    ../clib/signal.c                         0x00000000   Number         0  defsig_fpe_inner.o ABSOLUTE
    ../clib/signal.c                         0x00000000   Number         0  defsig_abrt_inner.o ABSOLUTE
    ../clib/signal.c                         0x00000000   Number         0  defsig_general.o ABSOLUTE
    ../clib/signal.c                         0x00000000   Number         0  __raise.o ABSOLUTE
    ../clib/signal.c                         0x00000000   Number         0  defsig_rtmem_inner.o ABSOLUTE
    ../clib/signal.c                         0x00000000   Number         0  defsig_exit.o ABSOLUTE
    ../clib/signal.c                         0x00000000   Number         0  defsig_rtmem_formal.o ABSOLUTE
    ../clib/signal.c                         0x00000000   Number         0  defsig_rtmem_outer.o ABSOLUTE
    ../clib/signal.c                         0x00000000   Number         0  defsig_other.o ABSOLUTE
    ../clib/signal.s                         0x00000000   Number         0  defsig.o ABSOLUTE
    ../clib/stdlib.c                         0x00000000   Number         0  exit.o ABSOLUTE
    ../clib/string.c                         0x00000000   Number         0  strlen.o ABSOLUTE
    ../fplib/fpinit.s                        0x00000000   Number         0  fpinit.o ABSOLUTE
    FreeRTOS\\portable\\RVDS\\ARM_CM3\\port.c 0x00000000   Number         0  port.o ABSOLUTE
    FreeRTOS\list.c                          0x00000000   Number         0  list.o ABSOLUTE
    FreeRTOS\portable\MemMang\heap_2.c       0x00000000   Number         0  heap_2.o ABSOLUTE
    FreeRTOS\portable\RVDS\ARM_CM3\port.c    0x00000000   Number         0  port.o ABSOLUTE
    FreeRTOS\queue.c                         0x00000000   Number         0  queue.o ABSOLUTE
    FreeRTOS\tasks.c                         0x00000000   Number         0  tasks.o ABSOLUTE
    FreeRTOS\timers.c                        0x00000000   Number         0  timers.o ABSOLUTE
    Libraries\CMSIS\CM3\CoreSupport\core_cm3.c 0x00000000   Number         0  core_cm3.o ABSOLUTE
    Libraries\CMSIS\CM3\DeviceSupport\ST\STM32F10x\startup\arm\startup_stm32f10x_hd.s 0x00000000   Number         0  startup_stm32f10x_hd.o ABSOLUTE
    Libraries\CMSIS\CM3\DeviceSupport\ST\STM32F10x\system_stm32f10x.c 0x00000000   Number         0  system_stm32f10x.o ABSOLUTE
    Libraries\STM32F10x_StdPeriph_Driver\src\misc.c 0x00000000   Number         0  misc.o ABSOLUTE
    Libraries\STM32F10x_StdPeriph_Driver\src\stm32f10x_adc.c 0x00000000   Number         0  stm32f10x_adc.o ABSOLUTE
    Libraries\STM32F10x_StdPeriph_Driver\src\stm32f10x_bkp.c 0x00000000   Number         0  stm32f10x_bkp.o ABSOLUTE
    Libraries\STM32F10x_StdPeriph_Driver\src\stm32f10x_can.c 0x00000000   Number         0  stm32f10x_can.o ABSOLUTE
    Libraries\STM32F10x_StdPeriph_Driver\src\stm32f10x_cec.c 0x00000000   Number         0  stm32f10x_cec.o ABSOLUTE
    Libraries\STM32F10x_StdPeriph_Driver\src\stm32f10x_crc.c 0x00000000   Number         0  stm32f10x_crc.o ABSOLUTE
    Libraries\STM32F10x_StdPeriph_Driver\src\stm32f10x_dac.c 0x00000000   Number         0  stm32f10x_dac.o ABSOLUTE
    Libraries\STM32F10x_StdPeriph_Driver\src\stm32f10x_dbgmcu.c 0x00000000   Number         0  stm32f10x_dbgmcu.o ABSOLUTE
    Libraries\STM32F10x_StdPeriph_Driver\src\stm32f10x_dma.c 0x00000000   Number         0  stm32f10x_dma.o ABSOLUTE
    Libraries\STM32F10x_StdPeriph_Driver\src\stm32f10x_exti.c 0x00000000   Number         0  stm32f10x_exti.o ABSOLUTE
    Libraries\STM32F10x_StdPeriph_Driver\src\stm32f10x_flash.c 0x00000000   Number         0  stm32f10x_flash.o ABSOLUTE
    Libraries\STM32F10x_StdPeriph_Driver\src\stm32f10x_fsmc.c 0x00000000   Number         0  stm32f10x_fsmc.o ABSOLUTE
    Libraries\STM32F10x_StdPeriph_Driver\src\stm32f10x_gpio.c 0x00000000   Number         0  stm32f10x_gpio.o ABSOLUTE
    Libraries\STM32F10x_StdPeriph_Driver\src\stm32f10x_i2c.c 0x00000000   Number         0  stm32f10x_i2c.o ABSOLUTE
    Libraries\STM32F10x_StdPeriph_Driver\src\stm32f10x_iwdg.c 0x00000000   Number         0  stm32f10x_iwdg.o ABSOLUTE
    Libraries\STM32F10x_StdPeriph_Driver\src\stm32f10x_pwr.c 0x00000000   Number         0  stm32f10x_pwr.o ABSOLUTE
    Libraries\STM32F10x_StdPeriph_Driver\src\stm32f10x_rcc.c 0x00000000   Number         0  stm32f10x_rcc.o ABSOLUTE
    Libraries\STM32F10x_StdPeriph_Driver\src\stm32f10x_rtc.c 0x00000000   Number         0  stm32f10x_rtc.o ABSOLUTE
    Libraries\STM32F10x_StdPeriph_Driver\src\stm32f10x_sdio.c 0x00000000   Number         0  stm32f10x_sdio.o ABSOLUTE
    Libraries\STM32F10x_StdPeriph_Driver\src\stm32f10x_spi.c 0x00000000   Number         0  stm32f10x_spi.o ABSOLUTE
    Libraries\STM32F10x_StdPeriph_Driver\src\stm32f10x_tim.c 0x00000000   Number         0  stm32f10x_tim.o ABSOLUTE
    Libraries\STM32F10x_StdPeriph_Driver\src\stm32f10x_usart.c 0x00000000   Number         0  stm32f10x_usart.o ABSOLUTE
    Libraries\STM32F10x_StdPeriph_Driver\src\stm32f10x_wwdg.c 0x00000000   Number         0  stm32f10x_wwdg.o ABSOLUTE
    Libraries\\CMSIS\\CM3\\CoreSupport\\core_cm3.c 0x00000000   Number         0  core_cm3.o ABSOLUTE
    User\source\Tom_Common_Api.c             0x00000000   Number         0  tom_common_api.o ABSOLUTE
    Utilities\STM32_EVAL\Common\stm32_eval_sdio_sd.c 0x00000000   Number         0  stm32_eval_sdio_sd.o ABSOLUTE
    Utilities\STM32_EVAL\STM3210E_EVAL\stm3210e_eval.c 0x00000000   Number         0  stm3210e_eval.o ABSOLUTE
    dc.s                                     0x00000000   Number         0  dc.o ABSOLUTE
    fatfs\diskio.c                           0x00000000   Number         0  diskio.o ABSOLUTE
    fatfs\ff.c                               0x00000000   Number         0  ff.o ABSOLUTE
    main\main.c                              0x00000000   Number         0  main.o ABSOLUTE
    main\stm32f10x_it.c                      0x00000000   Number         0  stm32f10x_it.o ABSOLUTE
    retarget.c                               0x00000000   Number         0  retarget.o ABSOLUTE
    RESET                                    0x08000000   Section      304  startup_stm32f10x_hd.o(RESET)
    !!!main                                  0x08000130   Section        8  __main.o(!!!main)
    !!!scatter                               0x08000138   Section       52  __scatter.o(!!!scatter)
    !!handler_copy                           0x0800016c   Section       26  __scatter_copy.o(!!handler_copy)
    !!handler_zi                             0x08000188   Section       28  __scatter_zi.o(!!handler_zi)
    .ARM.Collect$$_printf_percent$$00000000  0x080001a4   Section        0  _printf_percent.o(.ARM.Collect$$_printf_percent$$00000000)
    .ARM.Collect$$_printf_percent$$00000009  0x080001a4   Section        6  _printf_d.o(.ARM.Collect$$_printf_percent$$00000009)
    .ARM.Collect$$_printf_percent$$00000014  0x080001aa   Section        6  _printf_s.o(.ARM.Collect$$_printf_percent$$00000014)
    .ARM.Collect$$_printf_percent$$00000017  0x080001b0   Section        4  _printf_percent_end.o(.ARM.Collect$$_printf_percent$$00000017)
    .ARM.Collect$$libinit$$00000000          0x080001b4   Section        2  libinit.o(.ARM.Collect$$libinit$$00000000)
    .ARM.Collect$$libinit$$00000002          0x080001b6   Section        0  libinit2.o(.ARM.Collect$$libinit$$00000002)
    .ARM.Collect$$libinit$$00000004          0x080001b6   Section        0  libinit2.o(.ARM.Collect$$libinit$$00000004)
    .ARM.Collect$$libinit$$0000000A          0x080001b6   Section        0  libinit2.o(.ARM.Collect$$libinit$$0000000A)
    .ARM.Collect$$libinit$$0000000C          0x080001b6   Section        0  libinit2.o(.ARM.Collect$$libinit$$0000000C)
    .ARM.Collect$$libinit$$0000000E          0x080001b6   Section        0  libinit2.o(.ARM.Collect$$libinit$$0000000E)
    .ARM.Collect$$libinit$$00000011          0x080001b6   Section        0  libinit2.o(.ARM.Collect$$libinit$$00000011)
    .ARM.Collect$$libinit$$00000013          0x080001b6   Section        0  libinit2.o(.ARM.Collect$$libinit$$00000013)
    .ARM.Collect$$libinit$$00000015          0x080001b6   Section        0  libinit2.o(.ARM.Collect$$libinit$$00000015)
    .ARM.Collect$$libinit$$00000017          0x080001b6   Section        0  libinit2.o(.ARM.Collect$$libinit$$00000017)
    .ARM.Collect$$libinit$$00000019          0x080001b6   Section        0  libinit2.o(.ARM.Collect$$libinit$$00000019)
    .ARM.Collect$$libinit$$0000001B          0x080001b6   Section        0  libinit2.o(.ARM.Collect$$libinit$$0000001B)
    .ARM.Collect$$libinit$$0000001D          0x080001b6   Section        0  libinit2.o(.ARM.Collect$$libinit$$0000001D)
    .ARM.Collect$$libinit$$0000001F          0x080001b6   Section        0  libinit2.o(.ARM.Collect$$libinit$$0000001F)
    .ARM.Collect$$libinit$$00000021          0x080001b6   Section        0  libinit2.o(.ARM.Collect$$libinit$$00000021)
    .ARM.Collect$$libinit$$00000023          0x080001b6   Section        0  libinit2.o(.ARM.Collect$$libinit$$00000023)
    .ARM.Collect$$libinit$$00000025          0x080001b6   Section        0  libinit2.o(.ARM.Collect$$libinit$$00000025)
    .ARM.Collect$$libinit$$0000002C          0x080001b6   Section        0  libinit2.o(.ARM.Collect$$libinit$$0000002C)
    .ARM.Collect$$libinit$$0000002E          0x080001b6   Section        0  libinit2.o(.ARM.Collect$$libinit$$0000002E)
    .ARM.Collect$$libinit$$00000030          0x080001b6   Section        0  libinit2.o(.ARM.Collect$$libinit$$00000030)
    .ARM.Collect$$libinit$$00000032          0x080001b6   Section        0  libinit2.o(.ARM.Collect$$libinit$$00000032)
    .ARM.Collect$$libinit$$00000033          0x080001b6   Section        2  libinit2.o(.ARM.Collect$$libinit$$00000033)
    .ARM.Collect$$libshutdown$$00000000      0x080001b8   Section        2  libshutdown.o(.ARM.Collect$$libshutdown$$00000000)
    .ARM.Collect$$libshutdown$$00000002      0x080001ba   Section        0  libshutdown2.o(.ARM.Collect$$libshutdown$$00000002)
    .ARM.Collect$$libshutdown$$00000004      0x080001ba   Section        0  libshutdown2.o(.ARM.Collect$$libshutdown$$00000004)
    .ARM.Collect$$libshutdown$$00000007      0x080001ba   Section        0  libshutdown2.o(.ARM.Collect$$libshutdown$$00000007)
    .ARM.Collect$$libshutdown$$0000000A      0x080001ba   Section        0  libshutdown2.o(.ARM.Collect$$libshutdown$$0000000A)
    .ARM.Collect$$libshutdown$$0000000C      0x080001ba   Section        0  libshutdown2.o(.ARM.Collect$$libshutdown$$0000000C)
    .ARM.Collect$$libshutdown$$0000000F      0x080001ba   Section        0  libshutdown2.o(.ARM.Collect$$libshutdown$$0000000F)
    .ARM.Collect$$libshutdown$$00000010      0x080001ba   Section        2  libshutdown2.o(.ARM.Collect$$libshutdown$$00000010)
    .ARM.Collect$$rtentry$$00000000          0x080001bc   Section        0  __rtentry.o(.ARM.Collect$$rtentry$$00000000)
    .ARM.Collect$$rtentry$$00000002          0x080001bc   Section        0  __rtentry2.o(.ARM.Collect$$rtentry$$00000002)
    .ARM.Collect$$rtentry$$00000004          0x080001bc   Section        6  __rtentry4.o(.ARM.Collect$$rtentry$$00000004)
    .ARM.Collect$$rtentry$$00000009          0x080001c2   Section        0  __rtentry2.o(.ARM.Collect$$rtentry$$00000009)
    .ARM.Collect$$rtentry$$0000000A          0x080001c2   Section        4  __rtentry2.o(.ARM.Collect$$rtentry$$0000000A)
    .ARM.Collect$$rtentry$$0000000C          0x080001c6   Section        0  __rtentry2.o(.ARM.Collect$$rtentry$$0000000C)
    .ARM.Collect$$rtentry$$0000000D          0x080001c6   Section        8  __rtentry2.o(.ARM.Collect$$rtentry$$0000000D)
    .ARM.Collect$$rtexit$$00000000           0x080001ce   Section        2  rtexit.o(.ARM.Collect$$rtexit$$00000000)
    .ARM.Collect$$rtexit$$00000002           0x080001d0   Section        0  rtexit2.o(.ARM.Collect$$rtexit$$00000002)
    .ARM.Collect$$rtexit$$00000003           0x080001d0   Section        4  rtexit2.o(.ARM.Collect$$rtexit$$00000003)
    .ARM.Collect$$rtexit$$00000004           0x080001d4   Section        6  rtexit2.o(.ARM.Collect$$rtexit$$00000004)
    .emb_text                                0x080001dc   Section      150  port.o(.emb_text)
    .text                                    0x08000274   Section       64  startup_stm32f10x_hd.o(.text)
    .text                                    0x080002b4   Section        2  use_no_semi.o(.text)
    .text                                    0x080002b8   Section        0  noretval__2printf.o(.text)
    .text                                    0x080002d0   Section        0  _printf_str.o(.text)
    .text                                    0x08000324   Section        0  _printf_dec.o(.text)
    .text                                    0x0800039c   Section        0  __printf_ss.o(.text)
    .text                                    0x08000454   Section      138  rt_memcpy_v6.o(.text)
    .text                                    0x080004de   Section      100  rt_memcpy_w.o(.text)
    .text                                    0x08000542   Section       16  aeabi_memset.o(.text)
    .text                                    0x08000552   Section       78  rt_memclr_w.o(.text)
    .text                                    0x080005a0   Section        0  heapauxi.o(.text)
    .text                                    0x080005a6   Section        0  _printf_intcommon.o(.text)
    .text                                    0x08000658   Section        0  _printf_char_common.o(.text)
    _printf_input_char                       0x08000659   Thumb Code    10  _printf_char_common.o(.text)
    .text                                    0x08000688   Section        0  _printf_char.o(.text)
    .text                                    0x080006b4   Section        0  _printf_char_file.o(.text)
    .text                                    0x080006d8   Section       68  rt_memclr.o(.text)
    .text                                    0x0800071c   Section       74  sys_stackheap_outer.o(.text)
    .text                                    0x08000766   Section        0  exit.o(.text)
    .text                                    0x08000778   Section        8  libspace.o(.text)
    i.BusFault_Handler                       0x08000780   Section        0  stm32f10x_it.o(i.BusFault_Handler)
    i.Data_sema1                             0x08000784   Section        0  main.o(i.Data_sema1)
    i.Data_sema2                             0x080007c4   Section        0  main.o(i.Data_sema2)
    i.Data_sema3                             0x08000804   Section        0  main.o(i.Data_sema3)
    i.DebugMon_Handler                       0x08000844   Section        0  stm32f10x_it.o(i.DebugMon_Handler)
    i.GPIO_Configure                         0x08000848   Section        0  main.o(i.GPIO_Configure)
    i.GPIO_Init                              0x0800087c   Section        0  stm32f10x_gpio.o(i.GPIO_Init)
    i.HardFault_Handler                      0x08000992   Section        0  stm32f10x_it.o(i.HardFault_Handler)
    i.MemManage_Handler                      0x08000996   Section        0  stm32f10x_it.o(i.MemManage_Handler)
    i.NMI_Handler                            0x0800099a   Section        0  stm32f10x_it.o(i.NMI_Handler)
    i.RCC_APB2PeriphClockCmd                 0x0800099c   Section        0  stm32f10x_rcc.o(i.RCC_APB2PeriphClockCmd)
    i.RCC_GetClocksFreq                      0x080009bc   Section        0  stm32f10x_rcc.o(i.RCC_GetClocksFreq)
    i.SendChar                               0x08000a90   Section        0  main.o(i.SendChar)
    i.SetSysClock                            0x08000ab4   Section        0  system_stm32f10x.o(i.SetSysClock)
    SetSysClock                              0x08000ab5   Thumb Code     8  system_stm32f10x.o(i.SetSysClock)
    i.SetSysClockTo72                        0x08000abc   Section        0  system_stm32f10x.o(i.SetSysClockTo72)
    SetSysClockTo72                          0x08000abd   Thumb Code   214  system_stm32f10x.o(i.SetSysClockTo72)
    i.SystemInit                             0x08000b9c   Section        0  system_stm32f10x.o(i.SystemInit)
    i.TIM2_IRQHandler                        0x08000bfc   Section        0  main.o(i.TIM2_IRQHandler)
    i.TIM_ClearITPendingBit                  0x08000c20   Section        0  stm32f10x_tim.o(i.TIM_ClearITPendingBit)
    i.TIM_GetITStatus                        0x08000c26   Section        0  stm32f10x_tim.o(i.TIM_GetITStatus)
    i.USART_Cmd                              0x08000c48   Section        0  stm32f10x_usart.o(i.USART_Cmd)
    i.USART_Configure                        0x08000c60   Section        0  main.o(i.USART_Configure)
    i.USART_GetFlagStatus                    0x08000cb4   Section        0  stm32f10x_usart.o(i.USART_GetFlagStatus)
    i.USART_ITConfig                         0x08000cce   Section        0  stm32f10x_usart.o(i.USART_ITConfig)
    i.USART_Init                             0x08000d18   Section        0  stm32f10x_usart.o(i.USART_Init)
    i.USART_SendData                         0x08000df0   Section        0  stm32f10x_usart.o(i.USART_SendData)
    i.UsageFault_Handler                     0x08000df8   Section        0  stm32f10x_it.o(i.UsageFault_Handler)
    i._sys_exit                              0x08000dfc   Section        0  retarget.o(i._sys_exit)
    i.ferror                                 0x08000e00   Section        0  retarget.o(i.ferror)
    i.fputc                                  0x08000e08   Section        0  retarget.o(i.fputc)
    i.main                                   0x08000e18   Section        0  main.o(i.main)
    i.main_FreeRTos                          0x08000f68   Section        0  main.o(i.main_FreeRTos)
    i.prvAddCurrentTaskToDelayedList         0x080011c8   Section        0  tasks.o(i.prvAddCurrentTaskToDelayedList)
    prvAddCurrentTaskToDelayedList           0x080011c9   Thumb Code   124  tasks.o(i.prvAddCurrentTaskToDelayedList)
    i.prvAddNewTaskToReadyList               0x08001260   Section        0  tasks.o(i.prvAddNewTaskToReadyList)
    prvAddNewTaskToReadyList                 0x08001261   Thumb Code   150  tasks.o(i.prvAddNewTaskToReadyList)
    i.prvCheckForValidListAndQueue           0x08001314   Section        0  timers.o(i.prvCheckForValidListAndQueue)
    prvCheckForValidListAndQueue             0x08001315   Thumb Code    56  timers.o(i.prvCheckForValidListAndQueue)
    i.prvCheckTasksWaitingTermination        0x08001360   Section        0  tasks.o(i.prvCheckTasksWaitingTermination)
    prvCheckTasksWaitingTermination          0x08001361   Thumb Code    60  tasks.o(i.prvCheckTasksWaitingTermination)
    i.prvCopyDataFromQueue                   0x080013a8   Section        0  queue.o(i.prvCopyDataFromQueue)
    prvCopyDataFromQueue                     0x080013a9   Thumb Code    42  queue.o(i.prvCopyDataFromQueue)
    i.prvCopyDataToQueue                     0x080013d2   Section        0  queue.o(i.prvCopyDataToQueue)
    prvCopyDataToQueue                       0x080013d3   Thumb Code   106  queue.o(i.prvCopyDataToQueue)
    i.prvDeleteTCB                           0x0800143c   Section        0  tasks.o(i.prvDeleteTCB)
    prvDeleteTCB                             0x0800143d   Thumb Code    18  tasks.o(i.prvDeleteTCB)
    i.prvGetNextExpireTime                   0x08001450   Section        0  timers.o(i.prvGetNextExpireTime)
    prvGetNextExpireTime                     0x08001451   Thumb Code    36  timers.o(i.prvGetNextExpireTime)
    i.prvHeapInit                            0x08001478   Section        0  heap_2.o(i.prvHeapInit)
    prvHeapInit                              0x08001479   Thumb Code    42  heap_2.o(i.prvHeapInit)
    i.prvIdleTask                            0x080014b0   Section        0  tasks.o(i.prvIdleTask)
    prvIdleTask                              0x080014b1   Thumb Code    32  tasks.o(i.prvIdleTask)
    i.prvInitialiseNewQueue                  0x080014d8   Section        0  queue.o(i.prvInitialiseNewQueue)
    prvInitialiseNewQueue                    0x080014d9   Thumb Code    38  queue.o(i.prvInitialiseNewQueue)
    i.prvInitialiseNewTask                   0x080014fe   Section        0  tasks.o(i.prvInitialiseNewTask)
    prvInitialiseNewTask                     0x080014ff   Thumb Code   152  tasks.o(i.prvInitialiseNewTask)
    i.prvInitialiseNewTimer                  0x08001596   Section        0  timers.o(i.prvInitialiseNewTimer)
    prvInitialiseNewTimer                    0x08001597   Thumb Code    58  timers.o(i.prvInitialiseNewTimer)
    i.prvInitialiseTaskLists                 0x080015d0   Section        0  tasks.o(i.prvInitialiseTaskLists)
    prvInitialiseTaskLists                   0x080015d1   Thumb Code    70  tasks.o(i.prvInitialiseTaskLists)
    i.prvInsertTimerInActiveList             0x08001638   Section        0  timers.o(i.prvInsertTimerInActiveList)
    prvInsertTimerInActiveList               0x08001639   Thumb Code    80  timers.o(i.prvInsertTimerInActiveList)
    i.prvIsQueueEmpty                        0x08001690   Section        0  queue.o(i.prvIsQueueEmpty)
    prvIsQueueEmpty                          0x08001691   Thumb Code    26  queue.o(i.prvIsQueueEmpty)
    i.prvIsQueueFull                         0x080016aa   Section        0  queue.o(i.prvIsQueueFull)
    prvIsQueueFull                           0x080016ab   Thumb Code    30  queue.o(i.prvIsQueueFull)
    i.prvProcessExpiredTimer                 0x080016c8   Section        0  timers.o(i.prvProcessExpiredTimer)
    prvProcessExpiredTimer                   0x080016c9   Thumb Code    86  timers.o(i.prvProcessExpiredTimer)
    i.prvProcessReceivedCommands             0x08001724   Section        0  timers.o(i.prvProcessReceivedCommands)
    prvProcessReceivedCommands               0x08001725   Thumb Code   246  timers.o(i.prvProcessReceivedCommands)
    i.prvProcessTimerOrBlockTask             0x08001820   Section        0  timers.o(i.prvProcessTimerOrBlockTask)
    prvProcessTimerOrBlockTask               0x08001821   Thumb Code   102  timers.o(i.prvProcessTimerOrBlockTask)
    i.prvResetNextTaskUnblockTime            0x08001894   Section        0  tasks.o(i.prvResetNextTaskUnblockTime)
    prvResetNextTaskUnblockTime              0x08001895   Thumb Code    42  tasks.o(i.prvResetNextTaskUnblockTime)
    i.prvSampleTimeNow                       0x080018c8   Section        0  timers.o(i.prvSampleTimeNow)
    prvSampleTimeNow                         0x080018c9   Thumb Code    40  timers.o(i.prvSampleTimeNow)
    i.prvSwitchTimerLists                    0x080018f4   Section        0  timers.o(i.prvSwitchTimerLists)
    prvSwitchTimerLists                      0x080018f5   Thumb Code   126  timers.o(i.prvSwitchTimerLists)
    i.prvTaskExitError                       0x0800197c   Section        0  port.o(i.prvTaskExitError)
    prvTaskExitError                         0x0800197d   Thumb Code    22  port.o(i.prvTaskExitError)
    i.prvTimerTask                           0x08001992   Section        0  timers.o(i.prvTimerTask)
    prvTimerTask                             0x08001993   Thumb Code    26  timers.o(i.prvTimerTask)
    i.prvUnlockQueue                         0x080019ac   Section        0  queue.o(i.prvUnlockQueue)
    prvUnlockQueue                           0x080019ad   Thumb Code   126  queue.o(i.prvUnlockQueue)
    i.pvPortMalloc                           0x08001a2c   Section        0  heap_2.o(i.pvPortMalloc)
    i.pxPortInitialiseStack                  0x08001ae4   Section        0  port.o(i.pxPortInitialiseStack)
    i.test1Timer_HandleCallback              0x08001b08   Section        0  main.o(i.test1Timer_HandleCallback)
    i.uxListRemove                           0x08001b30   Section        0  list.o(i.uxListRemove)
    i.vListInitialise                        0x08001b58   Section        0  list.o(i.vListInitialise)
    i.vListInitialiseItem                    0x08001b72   Section        0  list.o(i.vListInitialiseItem)
    i.vListInsert                            0x08001b78   Section        0  list.o(i.vListInsert)
    i.vListInsertEnd                         0x08001bac   Section        0  list.o(i.vListInsertEnd)
    i.vPortEnterCritical                     0x08001bc4   Section        0  port.o(i.vPortEnterCritical)
    i.vPortExitCritical                      0x08001be8   Section        0  port.o(i.vPortExitCritical)
    i.vPortFree                              0x08001c08   Section        0  heap_2.o(i.vPortFree)
    i.vPortSetupTimerInterrupt               0x08001c48   Section        0  port.o(i.vPortSetupTimerInterrupt)
    i.vQueueWaitForMessageRestricted         0x08001c60   Section        0  queue.o(i.vQueueWaitForMessageRestricted)
    i.vTaskDelay                             0x08001cac   Section        0  tasks.o(i.vTaskDelay)
    i.vTaskInternalSetTimeOutState           0x08001ce0   Section        0  tasks.o(i.vTaskInternalSetTimeOutState)
    i.vTaskMissedYield                       0x08001cf8   Section        0  tasks.o(i.vTaskMissedYield)
    i.vTaskPlaceOnEventList                  0x08001d04   Section        0  tasks.o(i.vTaskPlaceOnEventList)
    i.vTaskPlaceOnEventListRestricted        0x08001d24   Section        0  tasks.o(i.vTaskPlaceOnEventListRestricted)
    i.vTaskStartScheduler                    0x08001d4c   Section        0  tasks.o(i.vTaskStartScheduler)
    i.vTaskSuspendAll                        0x08001dbc   Section        0  tasks.o(i.vTaskSuspendAll)
    i.vTaskSwitchContext                     0x08001dcc   Section        0  tasks.o(i.vTaskSwitchContext)
    i.xPortStartScheduler                    0x08001e2c   Section        0  port.o(i.xPortStartScheduler)
    i.xPortSysTickHandler                    0x08001e60   Section        0  port.o(i.xPortSysTickHandler)
    i.xQueueGenericCreate                    0x08001e94   Section        0  queue.o(i.xQueueGenericCreate)
    i.xQueueGenericReset                     0x08001ed0   Section        0  queue.o(i.xQueueGenericReset)
    i.xQueueGenericSend                      0x08001f50   Section        0  queue.o(i.xQueueGenericSend)
    i.xQueueGenericSendFromISR               0x08002068   Section        0  queue.o(i.xQueueGenericSendFromISR)
    i.xQueueReceive                          0x080020f0   Section        0  queue.o(i.xQueueReceive)
    i.xTaskCheckForTimeOut                   0x080021f4   Section        0  tasks.o(i.xTaskCheckForTimeOut)
    i.xTaskCreate                            0x08002250   Section        0  tasks.o(i.xTaskCreate)
    i.xTaskGetSchedulerState                 0x080022b0   Section        0  tasks.o(i.xTaskGetSchedulerState)
    i.xTaskGetTickCount                      0x080022d0   Section        0  tasks.o(i.xTaskGetTickCount)
    i.xTaskIncrementTick                     0x080022dc   Section        0  tasks.o(i.xTaskIncrementTick)
    i.xTaskRemoveFromEventList               0x080023f8   Section        0  tasks.o(i.xTaskRemoveFromEventList)
    i.xTaskResumeAll                         0x08002478   Section        0  tasks.o(i.xTaskResumeAll)
    i.xTimerCreate                           0x08002560   Section        0  timers.o(i.xTimerCreate)
    i.xTimerCreateTimerTask                  0x08002598   Section        0  timers.o(i.xTimerCreateTimerTask)
    i.xTimerGenericCommand                   0x080025d4   Section        0  timers.o(i.xTimerGenericCommand)
    .constdata                               0x08002640   Section      103  main.o(.constdata)
    __func__                                 0x08002640   Data           9  main.o(.constdata)
    __func__                                 0x08002649   Data          26  main.o(.constdata)
    __func__                                 0x08002663   Data          11  main.o(.constdata)
    __func__                                 0x0800266e   Data          10  main.o(.constdata)
    __func__                                 0x08002678   Data          11  main.o(.constdata)
    __func__                                 0x08002683   Data          11  main.o(.constdata)
    __func__                                 0x0800268e   Data          11  main.o(.constdata)
    __func__                                 0x08002699   Data          14  main.o(.constdata)
    .data                                    0x20000000   Section       52  main.o(.data)
    fac_ms                                   0x20000004   Data           2  main.o(.data)
    count                                    0x20000008   Data           4  main.o(.data)
    TimingDelay                              0x2000000c   Data           4  main.o(.data)
    cnt                                      0x20000030   Data           4  main.o(.data)
    .data                                    0x20000034   Section        8  retarget.o(.data)
    .data                                    0x2000003c   Section       20  stm32f10x_rcc.o(.data)
    APBAHBPrescTable                         0x2000003c   Data          16  stm32f10x_rcc.o(.data)
    ADCPrescTable                            0x2000004c   Data           4  stm32f10x_rcc.o(.data)
    .data                                    0x20000050   Section       60  tasks.o(.data)
    pxDelayedTaskList                        0x20000054   Data           4  tasks.o(.data)
    pxOverflowDelayedTaskList                0x20000058   Data           4  tasks.o(.data)
    uxDeletedTasksWaitingCleanUp             0x2000005c   Data           4  tasks.o(.data)
    uxCurrentNumberOfTasks                   0x20000060   Data           4  tasks.o(.data)
    xTickCount                               0x20000064   Data           4  tasks.o(.data)
    uxTopReadyPriority                       0x20000068   Data           4  tasks.o(.data)
    xSchedulerRunning                        0x2000006c   Data           4  tasks.o(.data)
    uxPendedTicks                            0x20000070   Data           4  tasks.o(.data)
    xYieldPending                            0x20000074   Data           4  tasks.o(.data)
    xNumOfOverflows                          0x20000078   Data           4  tasks.o(.data)
    uxTaskNumber                             0x2000007c   Data           4  tasks.o(.data)
    xNextTaskUnblockTime                     0x20000080   Data           4  tasks.o(.data)
    xIdleTaskHandle                          0x20000084   Data           4  tasks.o(.data)
    uxSchedulerSuspended                     0x20000088   Data           4  tasks.o(.data)
    .data                                    0x2000008c   Section       20  timers.o(.data)
    pxCurrentTimerList                       0x2000008c   Data           4  timers.o(.data)
    pxOverflowTimerList                      0x20000090   Data           4  timers.o(.data)
    xTimerQueue                              0x20000094   Data           4  timers.o(.data)
    xTimerTaskHandle                         0x20000098   Data           4  timers.o(.data)
    xLastTime                                0x2000009c   Data           4  timers.o(.data)
    .data                                    0x200000a0   Section       24  heap_2.o(.data)
    xStart                                   0x200000a0   Data           8  heap_2.o(.data)
    xEnd                                     0x200000a8   Data           8  heap_2.o(.data)
    xFreeBytesRemaining                      0x200000b0   Data           4  heap_2.o(.data)
    xHeapHasBeenInitialised                  0x200000b4   Data           4  heap_2.o(.data)
    .data                                    0x200000b8   Section        4  port.o(.data)
    uxCriticalNesting                        0x200000b8   Data           4  port.o(.data)
    .bss                                     0x200000bc   Section     2872  main.o(.bss)
    .bss                                     0x20000bf4   Section      200  tasks.o(.bss)
    pxReadyTasksLists                        0x20000bf4   Data         100  tasks.o(.bss)
    xDelayedTaskList1                        0x20000c58   Data          20  tasks.o(.bss)
    xDelayedTaskList2                        0x20000c6c   Data          20  tasks.o(.bss)
    xPendingReadyList                        0x20000c80   Data          20  tasks.o(.bss)
    xTasksWaitingTermination                 0x20000c94   Data          20  tasks.o(.bss)
    xSuspendedTaskList                       0x20000ca8   Data          20  tasks.o(.bss)
    .bss                                     0x20000cbc   Section       40  timers.o(.bss)
    xActiveTimerList1                        0x20000cbc   Data          20  timers.o(.bss)
    xActiveTimerList2                        0x20000cd0   Data          20  timers.o(.bss)
    .bss                                     0x20000ce4   Section    17408  heap_2.o(.bss)
    ucHeap                                   0x20000ce4   Data       17408  heap_2.o(.bss)
    .bss                                     0x200050e4   Section       96  libspace.o(.bss)
    HEAP                                     0x20005148   Section      512  startup_stm32f10x_hd.o(HEAP)
    Heap_Mem                                 0x20005148   Data         512  startup_stm32f10x_hd.o(HEAP)
    STACK                                    0x20005348   Section      512  startup_stm32f10x_hd.o(STACK)
    Stack_Mem                                0x20005348   Data         512  startup_stm32f10x_hd.o(STACK)
    __initial_sp                             0x20005548   Data           0  startup_stm32f10x_hd.o(STACK)

    Global Symbols

    Symbol Name                              Value     Ov Type        Size  Object(Section)

    BuildAttributes$$THM_ISAv4$P$D$K$B$S$PE$A:L22UL41UL21$X:L11$S22US41US21$IEEE1$IW$USESV6$~STKCKD$USESV7$~SHL$OSPACE$ROPI$EBA8$UX$STANDARDLIB$REQ8$PRES8$EABIv2 0x00000000   Number         0  anon$$obj.o ABSOLUTE
    __ARM_use_no_argv                        0x00000000   Number         0  main.o ABSOLUTE
    _printf_flags                            0x00000000   Number         0  printf_stubs.o ABSOLUTE
    _printf_return_value                     0x00000000   Number         0  printf_stubs.o ABSOLUTE
    _printf_sizespec                         0x00000000   Number         0  printf_stubs.o ABSOLUTE
    _printf_widthprec                        0x00000000   Number         0  printf_stubs.o ABSOLUTE
    __ARM_exceptions_init                     - Undefined Weak Reference
    __alloca_initialize                       - Undefined Weak Reference
    __arm_preinit_                            - Undefined Weak Reference
    __cpp_initialize__aeabi_                  - Undefined Weak Reference
    __cxa_finalize                            - Undefined Weak Reference
    __rt_locale                               - Undefined Weak Reference
    __sigvec_lookup                           - Undefined Weak Reference
    _atexit_init                              - Undefined Weak Reference
    _call_atexit_fns                          - Undefined Weak Reference
    _clock_init                               - Undefined Weak Reference
    _fp_trap_init                             - Undefined Weak Reference
    _fp_trap_shutdown                         - Undefined Weak Reference
    _get_lc_collate                           - Undefined Weak Reference
    _get_lc_ctype                             - Undefined Weak Reference
    _get_lc_monetary                          - Undefined Weak Reference
    _get_lc_numeric                           - Undefined Weak Reference
    _get_lc_time                              - Undefined Weak Reference
    _getenv_init                              - Undefined Weak Reference
    _handle_redirection                       - Undefined Weak Reference
    _init_alloc                               - Undefined Weak Reference
    _init_user_alloc                          - Undefined Weak Reference
    _initio                                   - Undefined Weak Reference
    _printf_mbtowc                            - Undefined Weak Reference
    _printf_post_padding                      - Undefined Weak Reference
    _printf_pre_padding                       - Undefined Weak Reference
    _printf_truncate_signed                   - Undefined Weak Reference
    _printf_truncate_unsigned                 - Undefined Weak Reference
    _rand_init                                - Undefined Weak Reference
    _signal_finish                            - Undefined Weak Reference
    _signal_init                              - Undefined Weak Reference
    _terminate_alloc                          - Undefined Weak Reference
    _terminate_user_alloc                     - Undefined Weak Reference
    _terminateio                              - Undefined Weak Reference
    __Vectors_Size                           0x00000130   Number         0  startup_stm32f10x_hd.o ABSOLUTE
    __Vectors                                0x08000000   Data           4  startup_stm32f10x_hd.o(RESET)
    __Vectors_End                            0x08000130   Data           0  startup_stm32f10x_hd.o(RESET)
    __main                                   0x08000131   Thumb Code     8  __main.o(!!!main)
    __scatterload                            0x08000139   Thumb Code     0  __scatter.o(!!!scatter)
    __scatterload_rt2                        0x08000139   Thumb Code    44  __scatter.o(!!!scatter)
    __scatterload_rt2_thumb_only             0x08000139   Thumb Code     0  __scatter.o(!!!scatter)
    __scatterload_null                       0x08000147   Thumb Code     0  __scatter.o(!!!scatter)
    __scatterload_copy                       0x0800016d   Thumb Code    26  __scatter_copy.o(!!handler_copy)
    __scatterload_zeroinit                   0x08000189   Thumb Code    28  __scatter_zi.o(!!handler_zi)
    _printf_d                                0x080001a5   Thumb Code     0  _printf_d.o(.ARM.Collect$$_printf_percent$$00000009)
    _printf_percent                          0x080001a5   Thumb Code     0  _printf_percent.o(.ARM.Collect$$_printf_percent$$00000000)
    _printf_s                                0x080001ab   Thumb Code     0  _printf_s.o(.ARM.Collect$$_printf_percent$$00000014)
    _printf_percent_end                      0x080001b1   Thumb Code     0  _printf_percent_end.o(.ARM.Collect$$_printf_percent$$00000017)
    __rt_lib_init                            0x080001b5   Thumb Code     0  libinit.o(.ARM.Collect$$libinit$$00000000)
    __rt_lib_init_alloca_1                   0x080001b7   Thumb Code     0  libinit2.o(.ARM.Collect$$libinit$$0000002E)
    __rt_lib_init_argv_1                     0x080001b7   Thumb Code     0  libinit2.o(.ARM.Collect$$libinit$$0000002C)
    __rt_lib_init_atexit_1                   0x080001b7   Thumb Code     0  libinit2.o(.ARM.Collect$$libinit$$0000001B)
    __rt_lib_init_clock_1                    0x080001b7   Thumb Code     0  libinit2.o(.ARM.Collect$$libinit$$00000021)
    __rt_lib_init_cpp_1                      0x080001b7   Thumb Code     0  libinit2.o(.ARM.Collect$$libinit$$00000032)
    __rt_lib_init_exceptions_1               0x080001b7   Thumb Code     0  libinit2.o(.ARM.Collect$$libinit$$00000030)
    __rt_lib_init_fp_1                       0x080001b7   Thumb Code     0  libinit2.o(.ARM.Collect$$libinit$$00000002)
    __rt_lib_init_fp_trap_1                  0x080001b7   Thumb Code     0  libinit2.o(.ARM.Collect$$libinit$$0000001F)
    __rt_lib_init_getenv_1                   0x080001b7   Thumb Code     0  libinit2.o(.ARM.Collect$$libinit$$00000023)
    __rt_lib_init_heap_1                     0x080001b7   Thumb Code     0  libinit2.o(.ARM.Collect$$libinit$$0000000A)
    __rt_lib_init_lc_collate_1               0x080001b7   Thumb Code     0  libinit2.o(.ARM.Collect$$libinit$$00000011)
    __rt_lib_init_lc_ctype_1                 0x080001b7   Thumb Code     0  libinit2.o(.ARM.Collect$$libinit$$00000013)
    __rt_lib_init_lc_monetary_1              0x080001b7   Thumb Code     0  libinit2.o(.ARM.Collect$$libinit$$00000015)
    __rt_lib_init_lc_numeric_1               0x080001b7   Thumb Code     0  libinit2.o(.ARM.Collect$$libinit$$00000017)
    __rt_lib_init_lc_time_1                  0x080001b7   Thumb Code     0  libinit2.o(.ARM.Collect$$libinit$$00000019)
    __rt_lib_init_preinit_1                  0x080001b7   Thumb Code     0  libinit2.o(.ARM.Collect$$libinit$$00000004)
    __rt_lib_init_rand_1                     0x080001b7   Thumb Code     0  libinit2.o(.ARM.Collect$$libinit$$0000000E)
    __rt_lib_init_return                     0x080001b7   Thumb Code     0  libinit2.o(.ARM.Collect$$libinit$$00000033)
    __rt_lib_init_signal_1                   0x080001b7   Thumb Code     0  libinit2.o(.ARM.Collect$$libinit$$0000001D)
    __rt_lib_init_stdio_1                    0x080001b7   Thumb Code     0  libinit2.o(.ARM.Collect$$libinit$$00000025)
    __rt_lib_init_user_alloc_1               0x080001b7   Thumb Code     0  libinit2.o(.ARM.Collect$$libinit$$0000000C)
    __rt_lib_shutdown                        0x080001b9   Thumb Code     0  libshutdown.o(.ARM.Collect$$libshutdown$$00000000)
    __rt_lib_shutdown_cpp_1                  0x080001bb   Thumb Code     0  libshutdown2.o(.ARM.Collect$$libshutdown$$00000002)
    __rt_lib_shutdown_fp_trap_1              0x080001bb   Thumb Code     0  libshutdown2.o(.ARM.Collect$$libshutdown$$00000007)
    __rt_lib_shutdown_heap_1                 0x080001bb   Thumb Code     0  libshutdown2.o(.ARM.Collect$$libshutdown$$0000000F)
    __rt_lib_shutdown_return                 0x080001bb   Thumb Code     0  libshutdown2.o(.ARM.Collect$$libshutdown$$00000010)
    __rt_lib_shutdown_signal_1               0x080001bb   Thumb Code     0  libshutdown2.o(.ARM.Collect$$libshutdown$$0000000A)
    __rt_lib_shutdown_stdio_1                0x080001bb   Thumb Code     0  libshutdown2.o(.ARM.Collect$$libshutdown$$00000004)
    __rt_lib_shutdown_user_alloc_1           0x080001bb   Thumb Code     0  libshutdown2.o(.ARM.Collect$$libshutdown$$0000000C)
    __rt_entry                               0x080001bd   Thumb Code     0  __rtentry.o(.ARM.Collect$$rtentry$$00000000)
    __rt_entry_presh_1                       0x080001bd   Thumb Code     0  __rtentry2.o(.ARM.Collect$$rtentry$$00000002)
    __rt_entry_sh                            0x080001bd   Thumb Code     0  __rtentry4.o(.ARM.Collect$$rtentry$$00000004)
    __rt_entry_li                            0x080001c3   Thumb Code     0  __rtentry2.o(.ARM.Collect$$rtentry$$0000000A)
    __rt_entry_postsh_1                      0x080001c3   Thumb Code     0  __rtentry2.o(.ARM.Collect$$rtentry$$00000009)
    __rt_entry_main                          0x080001c7   Thumb Code     0  __rtentry2.o(.ARM.Collect$$rtentry$$0000000D)
    __rt_entry_postli_1                      0x080001c7   Thumb Code     0  __rtentry2.o(.ARM.Collect$$rtentry$$0000000C)
    __rt_exit                                0x080001cf   Thumb Code     0  rtexit.o(.ARM.Collect$$rtexit$$00000000)
    __rt_exit_ls                             0x080001d1   Thumb Code     0  rtexit2.o(.ARM.Collect$$rtexit$$00000003)
    __rt_exit_prels_1                        0x080001d1   Thumb Code     0  rtexit2.o(.ARM.Collect$$rtexit$$00000002)
    __rt_exit_exit                           0x080001d5   Thumb Code     0  rtexit2.o(.ARM.Collect$$rtexit$$00000004)
    xPortSVCHandler                          0x080001dd   Thumb Code    32  port.o(.emb_text)
    __asm___6_port_c_39a90d8d__prvStartFirstTask 0x08000201   Thumb Code    28  port.o(.emb_text)
    xPortPendSVHandler                       0x08000221   Thumb Code    72  port.o(.emb_text)
    vPortGetIPSR                             0x0800026d   Thumb Code     6  port.o(.emb_text)
    Reset_Handler                            0x08000275   Thumb Code     8  startup_stm32f10x_hd.o(.text)
    ADC1_2_IRQHandler                        0x0800028f   Thumb Code     0  startup_stm32f10x_hd.o(.text)
    ADC3_IRQHandler                          0x0800028f   Thumb Code     0  startup_stm32f10x_hd.o(.text)
    CAN1_RX1_IRQHandler                      0x0800028f   Thumb Code     0  startup_stm32f10x_hd.o(.text)
    CAN1_SCE_IRQHandler                      0x0800028f   Thumb Code     0  startup_stm32f10x_hd.o(.text)
    DMA1_Channel1_IRQHandler                 0x0800028f   Thumb Code     0  startup_stm32f10x_hd.o(.text)
    DMA1_Channel2_IRQHandler                 0x0800028f   Thumb Code     0  startup_stm32f10x_hd.o(.text)
    DMA1_Channel3_IRQHandler                 0x0800028f   Thumb Code     0  startup_stm32f10x_hd.o(.text)
    DMA1_Channel4_IRQHandler                 0x0800028f   Thumb Code     0  startup_stm32f10x_hd.o(.text)
    DMA1_Channel5_IRQHandler                 0x0800028f   Thumb Code     0  startup_stm32f10x_hd.o(.text)
    DMA1_Channel6_IRQHandler                 0x0800028f   Thumb Code     0  startup_stm32f10x_hd.o(.text)
    DMA1_Channel7_IRQHandler                 0x0800028f   Thumb Code     0  startup_stm32f10x_hd.o(.text)
    DMA2_Channel1_IRQHandler                 0x0800028f   Thumb Code     0  startup_stm32f10x_hd.o(.text)
    DMA2_Channel2_IRQHandler                 0x0800028f   Thumb Code     0  startup_stm32f10x_hd.o(.text)
    DMA2_Channel3_IRQHandler                 0x0800028f   Thumb Code     0  startup_stm32f10x_hd.o(.text)
    DMA2_Channel4_5_IRQHandler               0x0800028f   Thumb Code     0  startup_stm32f10x_hd.o(.text)
    EXTI0_IRQHandler                         0x0800028f   Thumb Code     0  startup_stm32f10x_hd.o(.text)
    EXTI15_10_IRQHandler                     0x0800028f   Thumb Code     0  startup_stm32f10x_hd.o(.text)
    EXTI1_IRQHandler                         0x0800028f   Thumb Code     0  startup_stm32f10x_hd.o(.text)
    EXTI2_IRQHandler                         0x0800028f   Thumb Code     0  startup_stm32f10x_hd.o(.text)
    EXTI3_IRQHandler                         0x0800028f   Thumb Code     0  startup_stm32f10x_hd.o(.text)
    EXTI4_IRQHandler                         0x0800028f   Thumb Code     0  startup_stm32f10x_hd.o(.text)
    EXTI9_5_IRQHandler                       0x0800028f   Thumb Code     0  startup_stm32f10x_hd.o(.text)
    FLASH_IRQHandler                         0x0800028f   Thumb Code     0  startup_stm32f10x_hd.o(.text)
    FSMC_IRQHandler                          0x0800028f   Thumb Code     0  startup_stm32f10x_hd.o(.text)
    I2C1_ER_IRQHandler                       0x0800028f   Thumb Code     0  startup_stm32f10x_hd.o(.text)
    I2C1_EV_IRQHandler                       0x0800028f   Thumb Code     0  startup_stm32f10x_hd.o(.text)
    I2C2_ER_IRQHandler                       0x0800028f   Thumb Code     0  startup_stm32f10x_hd.o(.text)
    I2C2_EV_IRQHandler                       0x0800028f   Thumb Code     0  startup_stm32f10x_hd.o(.text)
    PVD_IRQHandler                           0x0800028f   Thumb Code     0  startup_stm32f10x_hd.o(.text)
    RCC_IRQHandler                           0x0800028f   Thumb Code     0  startup_stm32f10x_hd.o(.text)
    RTCAlarm_IRQHandler                      0x0800028f   Thumb Code     0  startup_stm32f10x_hd.o(.text)
    RTC_IRQHandler                           0x0800028f   Thumb Code     0  startup_stm32f10x_hd.o(.text)
    SDIO_IRQHandler                          0x0800028f   Thumb Code     0  startup_stm32f10x_hd.o(.text)
    SPI1_IRQHandler                          0x0800028f   Thumb Code     0  startup_stm32f10x_hd.o(.text)
    SPI2_IRQHandler                          0x0800028f   Thumb Code     0  startup_stm32f10x_hd.o(.text)
    SPI3_IRQHandler                          0x0800028f   Thumb Code     0  startup_stm32f10x_hd.o(.text)
    TAMPER_IRQHandler                        0x0800028f   Thumb Code     0  startup_stm32f10x_hd.o(.text)
    TIM1_BRK_IRQHandler                      0x0800028f   Thumb Code     0  startup_stm32f10x_hd.o(.text)
    TIM1_CC_IRQHandler                       0x0800028f   Thumb Code     0  startup_stm32f10x_hd.o(.text)
    TIM1_TRG_COM_IRQHandler                  0x0800028f   Thumb Code     0  startup_stm32f10x_hd.o(.text)
    TIM1_UP_IRQHandler                       0x0800028f   Thumb Code     0  startup_stm32f10x_hd.o(.text)
    TIM3_IRQHandler                          0x0800028f   Thumb Code     0  startup_stm32f10x_hd.o(.text)
    TIM4_IRQHandler                          0x0800028f   Thumb Code     0  startup_stm32f10x_hd.o(.text)
    TIM5_IRQHandler                          0x0800028f   Thumb Code     0  startup_stm32f10x_hd.o(.text)
    TIM6_IRQHandler                          0x0800028f   Thumb Code     0  startup_stm32f10x_hd.o(.text)
    TIM7_IRQHandler                          0x0800028f   Thumb Code     0  startup_stm32f10x_hd.o(.text)
    TIM8_BRK_IRQHandler                      0x0800028f   Thumb Code     0  startup_stm32f10x_hd.o(.text)
    TIM8_CC_IRQHandler                       0x0800028f   Thumb Code     0  startup_stm32f10x_hd.o(.text)
    TIM8_TRG_COM_IRQHandler                  0x0800028f   Thumb Code     0  startup_stm32f10x_hd.o(.text)
    TIM8_UP_IRQHandler                       0x0800028f   Thumb Code     0  startup_stm32f10x_hd.o(.text)
    UART4_IRQHandler                         0x0800028f   Thumb Code     0  startup_stm32f10x_hd.o(.text)
    UART5_IRQHandler                         0x0800028f   Thumb Code     0  startup_stm32f10x_hd.o(.text)
    USART1_IRQHandler                        0x0800028f   Thumb Code     0  startup_stm32f10x_hd.o(.text)
    USART2_IRQHandler                        0x0800028f   Thumb Code     0  startup_stm32f10x_hd.o(.text)
    USART3_IRQHandler                        0x0800028f   Thumb Code     0  startup_stm32f10x_hd.o(.text)
    USBWakeUp_IRQHandler                     0x0800028f   Thumb Code     0  startup_stm32f10x_hd.o(.text)
    USB_HP_CAN1_TX_IRQHandler                0x0800028f   Thumb Code     0  startup_stm32f10x_hd.o(.text)
    USB_LP_CAN1_RX0_IRQHandler               0x0800028f   Thumb Code     0  startup_stm32f10x_hd.o(.text)
    WWDG_IRQHandler                          0x0800028f   Thumb Code     0  startup_stm32f10x_hd.o(.text)
    __user_initial_stackheap                 0x08000291   Thumb Code     0  startup_stm32f10x_hd.o(.text)
    __I$use$semihosting                      0x080002b5   Thumb Code     0  use_no_semi.o(.text)
    __use_no_semihosting_swi                 0x080002b5   Thumb Code     2  use_no_semi.o(.text)
    __2printf                                0x080002b9   Thumb Code    20  noretval__2printf.o(.text)
    _printf_str                              0x080002d1   Thumb Code    82  _printf_str.o(.text)
    _printf_int_dec                          0x08000325   Thumb Code   104  _printf_dec.o(.text)
    __printf                                 0x0800039d   Thumb Code   184  __printf_ss.o(.text)
    __aeabi_memcpy                           0x08000455   Thumb Code     0  rt_memcpy_v6.o(.text)
    __rt_memcpy                              0x08000455   Thumb Code   138  rt_memcpy_v6.o(.text)
    _memcpy_lastbytes                        0x080004bb   Thumb Code     0  rt_memcpy_v6.o(.text)
    __aeabi_memcpy4                          0x080004df   Thumb Code     0  rt_memcpy_w.o(.text)
    __aeabi_memcpy8                          0x080004df   Thumb Code     0  rt_memcpy_w.o(.text)
    __rt_memcpy_w                            0x080004df   Thumb Code   100  rt_memcpy_w.o(.text)
    _memcpy_lastbytes_aligned                0x08000527   Thumb Code     0  rt_memcpy_w.o(.text)
    __aeabi_memset                           0x08000543   Thumb Code    16  aeabi_memset.o(.text)
    __aeabi_memclr4                          0x08000553   Thumb Code     0  rt_memclr_w.o(.text)
    __aeabi_memclr8                          0x08000553   Thumb Code     0  rt_memclr_w.o(.text)
    __rt_memclr_w                            0x08000553   Thumb Code    78  rt_memclr_w.o(.text)
    _memset_w                                0x08000557   Thumb Code     0  rt_memclr_w.o(.text)
    __use_two_region_memory                  0x080005a1   Thumb Code     2  heapauxi.o(.text)
    __rt_heap_escrow$2region                 0x080005a3   Thumb Code     2  heapauxi.o(.text)
    __rt_heap_expand$2region                 0x080005a5   Thumb Code     2  heapauxi.o(.text)
    _printf_int_common                       0x080005a7   Thumb Code   178  _printf_intcommon.o(.text)
    _printf_char_common                      0x08000663   Thumb Code    32  _printf_char_common.o(.text)
    _printf_cs_common                        0x08000689   Thumb Code    20  _printf_char.o(.text)
    _printf_char                             0x0800069d   Thumb Code    16  _printf_char.o(.text)
    _printf_string                           0x080006ad   Thumb Code     8  _printf_char.o(.text)
    _printf_char_file                        0x080006b5   Thumb Code    32  _printf_char_file.o(.text)
    __aeabi_memclr                           0x080006d9   Thumb Code     0  rt_memclr.o(.text)
    __rt_memclr                              0x080006d9   Thumb Code    68  rt_memclr.o(.text)
    _memset                                  0x080006dd   Thumb Code     0  rt_memclr.o(.text)
    __user_setup_stackheap                   0x0800071d   Thumb Code    74  sys_stackheap_outer.o(.text)
    exit                                     0x08000767   Thumb Code    18  exit.o(.text)
    __user_libspace                          0x08000779   Thumb Code     8  libspace.o(.text)
    __user_perproc_libspace                  0x08000779   Thumb Code     0  libspace.o(.text)
    __user_perthread_libspace                0x08000779   Thumb Code     0  libspace.o(.text)
    BusFault_Handler                         0x08000781   Thumb Code     4  stm32f10x_it.o(i.BusFault_Handler)
    Data_sema1                               0x08000785   Thumb Code    26  main.o(i.Data_sema1)
    Data_sema2                               0x080007c5   Thumb Code    26  main.o(i.Data_sema2)
    Data_sema3                               0x08000805   Thumb Code    26  main.o(i.Data_sema3)
    DebugMon_Handler                         0x08000845   Thumb Code     2  stm32f10x_it.o(i.DebugMon_Handler)
    GPIO_Configure                           0x08000849   Thumb Code    44  main.o(i.GPIO_Configure)
    GPIO_Init                                0x0800087d   Thumb Code   278  stm32f10x_gpio.o(i.GPIO_Init)
    HardFault_Handler                        0x08000993   Thumb Code     4  stm32f10x_it.o(i.HardFault_Handler)
    MemManage_Handler                        0x08000997   Thumb Code     4  stm32f10x_it.o(i.MemManage_Handler)
    NMI_Handler                              0x0800099b   Thumb Code     2  stm32f10x_it.o(i.NMI_Handler)
    RCC_APB2PeriphClockCmd                   0x0800099d   Thumb Code    26  stm32f10x_rcc.o(i.RCC_APB2PeriphClockCmd)
    RCC_GetClocksFreq                        0x080009bd   Thumb Code   192  stm32f10x_rcc.o(i.RCC_GetClocksFreq)
    SendChar                                 0x08000a91   Thumb Code    30  main.o(i.SendChar)
    SystemInit                               0x08000b9d   Thumb Code    78  system_stm32f10x.o(i.SystemInit)
    TIM2_IRQHandler                          0x08000bfd   Thumb Code    32  main.o(i.TIM2_IRQHandler)
    TIM_ClearITPendingBit                    0x08000c21   Thumb Code     6  stm32f10x_tim.o(i.TIM_ClearITPendingBit)
    TIM_GetITStatus                          0x08000c27   Thumb Code    34  stm32f10x_tim.o(i.TIM_GetITStatus)
    USART_Cmd                                0x08000c49   Thumb Code    24  stm32f10x_usart.o(i.USART_Cmd)
    USART_Configure                          0x08000c61   Thumb Code    70  main.o(i.USART_Configure)
    USART_GetFlagStatus                      0x08000cb5   Thumb Code    26  stm32f10x_usart.o(i.USART_GetFlagStatus)
    USART_ITConfig                           0x08000ccf   Thumb Code    74  stm32f10x_usart.o(i.USART_ITConfig)
    USART_Init                               0x08000d19   Thumb Code   210  stm32f10x_usart.o(i.USART_Init)
    USART_SendData                           0x08000df1   Thumb Code     8  stm32f10x_usart.o(i.USART_SendData)
    UsageFault_Handler                       0x08000df9   Thumb Code     4  stm32f10x_it.o(i.UsageFault_Handler)
    _sys_exit                                0x08000dfd   Thumb Code     4  retarget.o(i._sys_exit)
    ferror                                   0x08000e01   Thumb Code     8  retarget.o(i.ferror)
    fputc                                    0x08000e09   Thumb Code    14  retarget.o(i.fputc)
    main                                     0x08000e19   Thumb Code   116  main.o(i.main)
    main_FreeRTos                            0x08000f69   Thumb Code   192  main.o(i.main_FreeRTos)
    pvPortMalloc                             0x08001a2d   Thumb Code   166  heap_2.o(i.pvPortMalloc)
    pxPortInitialiseStack                    0x08001ae5   Thumb Code    30  port.o(i.pxPortInitialiseStack)
    test1Timer_HandleCallback                0x08001b09   Thumb Code    14  main.o(i.test1Timer_HandleCallback)
    uxListRemove                             0x08001b31   Thumb Code    40  list.o(i.uxListRemove)
    vListInitialise                          0x08001b59   Thumb Code    26  list.o(i.vListInitialise)
    vListInitialiseItem                      0x08001b73   Thumb Code     6  list.o(i.vListInitialiseItem)
    vListInsert                              0x08001b79   Thumb Code    52  list.o(i.vListInsert)
    vListInsertEnd                           0x08001bad   Thumb Code    24  list.o(i.vListInsertEnd)
    vPortEnterCritical                       0x08001bc5   Thumb Code    30  port.o(i.vPortEnterCritical)
    vPortExitCritical                        0x08001be9   Thumb Code    28  port.o(i.vPortExitCritical)
    vPortFree                                0x08001c09   Thumb Code    56  heap_2.o(i.vPortFree)
    vPortSetupTimerInterrupt                 0x08001c49   Thumb Code    20  port.o(i.vPortSetupTimerInterrupt)
    vQueueWaitForMessageRestricted           0x08001c61   Thumb Code    74  queue.o(i.vQueueWaitForMessageRestricted)
    vTaskDelay                               0x08001cad   Thumb Code    46  tasks.o(i.vTaskDelay)
    vTaskInternalSetTimeOutState             0x08001ce1   Thumb Code    14  tasks.o(i.vTaskInternalSetTimeOutState)
    vTaskMissedYield                         0x08001cf9   Thumb Code     8  tasks.o(i.vTaskMissedYield)
    vTaskPlaceOnEventList                    0x08001d05   Thumb Code    28  tasks.o(i.vTaskPlaceOnEventList)
    vTaskPlaceOnEventListRestricted          0x08001d25   Thumb Code    36  tasks.o(i.vTaskPlaceOnEventListRestricted)
    vTaskStartScheduler                      0x08001d4d   Thumb Code    82  tasks.o(i.vTaskStartScheduler)
    vTaskSuspendAll                          0x08001dbd   Thumb Code    12  tasks.o(i.vTaskSuspendAll)
    vTaskSwitchContext                       0x08001dcd   Thumb Code    76  tasks.o(i.vTaskSwitchContext)
    xPortStartScheduler                      0x08001e2d   Thumb Code    42  port.o(i.xPortStartScheduler)
    xPortSysTickHandler                      0x08001e61   Thumb Code    46  port.o(i.xPortSysTickHandler)
    xQueueGenericCreate                      0x08001e95   Thumb Code    58  queue.o(i.xQueueGenericCreate)
    xQueueGenericReset                       0x08001ed1   Thumb Code   122  queue.o(i.xQueueGenericReset)
    xQueueGenericSend                        0x08001f51   Thumb Code   276  queue.o(i.xQueueGenericSend)
    xQueueGenericSendFromISR                 0x08002069   Thumb Code   134  queue.o(i.xQueueGenericSendFromISR)
    xQueueReceive                            0x080020f1   Thumb Code   256  queue.o(i.xQueueReceive)
    xTaskCheckForTimeOut                     0x080021f5   Thumb Code    84  tasks.o(i.xTaskCheckForTimeOut)
    xTaskCreate                              0x08002251   Thumb Code    96  tasks.o(i.xTaskCreate)
    xTaskGetSchedulerState                   0x080022b1   Thumb Code    24  tasks.o(i.xTaskGetSchedulerState)
    xTaskGetTickCount                        0x080022d1   Thumb Code     6  tasks.o(i.xTaskGetTickCount)
    xTaskIncrementTick                       0x080022dd   Thumb Code   238  tasks.o(i.xTaskIncrementTick)
    xTaskRemoveFromEventList                 0x080023f9   Thumb Code   104  tasks.o(i.xTaskRemoveFromEventList)
    xTaskResumeAll                           0x08002479   Thumb Code   196  tasks.o(i.xTaskResumeAll)
    xTimerCreate                             0x08002561   Thumb Code    54  timers.o(i.xTimerCreate)
    xTimerCreateTimerTask                    0x08002599   Thumb Code    40  timers.o(i.xTimerCreateTimerTask)
    xTimerGenericCommand                     0x080025d5   Thumb Code   102  timers.o(i.xTimerGenericCommand)
    Region$$Table$$Base                      0x080026a8   Number         0  anon$$obj.o(Region$$Table)
    Region$$Table$$Limit                     0x080026c8   Number         0  anon$$obj.o(Region$$Table)
    GPIO_InitStructure                       0x20000000   Data           4  main.o(.data)
    data_pack_task                           0x20000010   Data           4  main.o(.data)
    data_transfer_task                       0x20000014   Data           4  main.o(.data)
    data_sema                                0x20000018   Data           4  main.o(.data)
    test1Timer_Handle                        0x2000001c   Data           4  main.o(.data)
    br                                       0x20000020   Data           4  main.o(.data)
    bw                                       0x20000024   Data           4  main.o(.data)
    res                                      0x20000028   Data           1  main.o(.data)
    tom_size                                 0x2000002c   Data           4  main.o(.data)
    __stdout                                 0x20000034   Data           4  retarget.o(.data)
    __stdin                                  0x20000038   Data           4  retarget.o(.data)
    pxCurrentTCB                             0x20000050   Data           4  tasks.o(.data)
    USART_InitStructure                      0x200000bc   Data          16  main.o(.bss)
    fs                                       0x200000cc   Data         560  main.o(.bss)
    fsrc                                     0x200002fc   Data         548  main.o(.bss)
    fdst                                     0x20000520   Data         548  main.o(.bss)
    buffer                                   0x20000744   Data         512  main.o(.bss)
    r_buf                                    0x20000944   Data         128  main.o(.bss)
    tom_fs                                   0x200009c4   Data         560  main.o(.bss)
    __libspace_start                         0x200050e4   Data          96  libspace.o(.bss)
    __temporary_stack_top$libspace           0x20005144   Data           0  libspace.o(.bss)



==============================================================================

Memory Map of the image

  Image Entry point : 0x08000131

  Load Region LR_IROM1 (Base: 0x08000000, Size: 0x00002784, Max: 0x00040000, ABSOLUTE)

    Execution Region ER_IROM1 (Base: 0x08000000, Size: 0x000026c8, Max: 0x00040000, ABSOLUTE)

    Base Addr    Size         Type   Attr      Idx    E Section Name        Object

    0x08000000   0x00000130   Data   RO          493    RESET               startup_stm32f10x_hd.o
    0x08000130   0x00000008   Code   RO         4886  * !!!main             c_w.l(__main.o)
    0x08000138   0x00000034   Code   RO         5052    !!!scatter          c_w.l(__scatter.o)
    0x0800016c   0x0000001a   Code   RO         5054    !!handler_copy      c_w.l(__scatter_copy.o)
    0x08000186   0x00000002   PAD
    0x08000188   0x0000001c   Code   RO         5056    !!handler_zi        c_w.l(__scatter_zi.o)
    0x080001a4   0x00000000   Code   RO         4873    .ARM.Collect$$_printf_percent$$00000000  c_w.l(_printf_percent.o)
    0x080001a4   0x00000006   Code   RO         4872    .ARM.Collect$$_printf_percent$$00000009  c_w.l(_printf_d.o)
    0x080001aa   0x00000006   Code   RO         4871    .ARM.Collect$$_printf_percent$$00000014  c_w.l(_printf_s.o)
    0x080001b0   0x00000004   Code   RO         4899    .ARM.Collect$$_printf_percent$$00000017  c_w.l(_printf_percent_end.o)
    0x080001b4   0x00000002   Code   RO         4928    .ARM.Collect$$libinit$$00000000  c_w.l(libinit.o)
    0x080001b6   0x00000000   Code   RO         4935    .ARM.Collect$$libinit$$00000002  c_w.l(libinit2.o)
    0x080001b6   0x00000000   Code   RO         4937    .ARM.Collect$$libinit$$00000004  c_w.l(libinit2.o)
    0x080001b6   0x00000000   Code   RO         4940    .ARM.Collect$$libinit$$0000000A  c_w.l(libinit2.o)
    0x080001b6   0x00000000   Code   RO         4942    .ARM.Collect$$libinit$$0000000C  c_w.l(libinit2.o)
    0x080001b6   0x00000000   Code   RO         4944    .ARM.Collect$$libinit$$0000000E  c_w.l(libinit2.o)
    0x080001b6   0x00000000   Code   RO         4947    .ARM.Collect$$libinit$$00000011  c_w.l(libinit2.o)
    0x080001b6   0x00000000   Code   RO         4949    .ARM.Collect$$libinit$$00000013  c_w.l(libinit2.o)
    0x080001b6   0x00000000   Code   RO         4951    .ARM.Collect$$libinit$$00000015  c_w.l(libinit2.o)
    0x080001b6   0x00000000   Code   RO         4953    .ARM.Collect$$libinit$$00000017  c_w.l(libinit2.o)
    0x080001b6   0x00000000   Code   RO         4955    .ARM.Collect$$libinit$$00000019  c_w.l(libinit2.o)
    0x080001b6   0x00000000   Code   RO         4957    .ARM.Collect$$libinit$$0000001B  c_w.l(libinit2.o)
    0x080001b6   0x00000000   Code   RO         4959    .ARM.Collect$$libinit$$0000001D  c_w.l(libinit2.o)
    0x080001b6   0x00000000   Code   RO         4961    .ARM.Collect$$libinit$$0000001F  c_w.l(libinit2.o)
    0x080001b6   0x00000000   Code   RO         4963    .ARM.Collect$$libinit$$00000021  c_w.l(libinit2.o)
    0x080001b6   0x00000000   Code   RO         4965    .ARM.Collect$$libinit$$00000023  c_w.l(libinit2.o)
    0x080001b6   0x00000000   Code   RO         4967    .ARM.Collect$$libinit$$00000025  c_w.l(libinit2.o)
    0x080001b6   0x00000000   Code   RO         4971    .ARM.Collect$$libinit$$0000002C  c_w.l(libinit2.o)
    0x080001b6   0x00000000   Code   RO         4973    .ARM.Collect$$libinit$$0000002E  c_w.l(libinit2.o)
    0x080001b6   0x00000000   Code   RO         4975    .ARM.Collect$$libinit$$00000030  c_w.l(libinit2.o)
    0x080001b6   0x00000000   Code   RO         4977    .ARM.Collect$$libinit$$00000032  c_w.l(libinit2.o)
    0x080001b6   0x00000002   Code   RO         4978    .ARM.Collect$$libinit$$00000033  c_w.l(libinit2.o)
    0x080001b8   0x00000002   Code   RO         4996    .ARM.Collect$$libshutdown$$00000000  c_w.l(libshutdown.o)
    0x080001ba   0x00000000   Code   RO         5006    .ARM.Collect$$libshutdown$$00000002  c_w.l(libshutdown2.o)
    0x080001ba   0x00000000   Code   RO         5008    .ARM.Collect$$libshutdown$$00000004  c_w.l(libshutdown2.o)
    0x080001ba   0x00000000   Code   RO         5011    .ARM.Collect$$libshutdown$$00000007  c_w.l(libshutdown2.o)
    0x080001ba   0x00000000   Code   RO         5014    .ARM.Collect$$libshutdown$$0000000A  c_w.l(libshutdown2.o)
    0x080001ba   0x00000000   Code   RO         5016    .ARM.Collect$$libshutdown$$0000000C  c_w.l(libshutdown2.o)
    0x080001ba   0x00000000   Code   RO         5019    .ARM.Collect$$libshutdown$$0000000F  c_w.l(libshutdown2.o)
    0x080001ba   0x00000002   Code   RO         5020    .ARM.Collect$$libshutdown$$00000010  c_w.l(libshutdown2.o)
    0x080001bc   0x00000000   Code   RO         4888    .ARM.Collect$$rtentry$$00000000  c_w.l(__rtentry.o)
    0x080001bc   0x00000000   Code   RO         4903    .ARM.Collect$$rtentry$$00000002  c_w.l(__rtentry2.o)
    0x080001bc   0x00000006   Code   RO         4915    .ARM.Collect$$rtentry$$00000004  c_w.l(__rtentry4.o)
    0x080001c2   0x00000000   Code   RO         4905    .ARM.Collect$$rtentry$$00000009  c_w.l(__rtentry2.o)
    0x080001c2   0x00000004   Code   RO         4906    .ARM.Collect$$rtentry$$0000000A  c_w.l(__rtentry2.o)
    0x080001c6   0x00000000   Code   RO         4908    .ARM.Collect$$rtentry$$0000000C  c_w.l(__rtentry2.o)
    0x080001c6   0x00000008   Code   RO         4909    .ARM.Collect$$rtentry$$0000000D  c_w.l(__rtentry2.o)
    0x080001ce   0x00000002   Code   RO         4932    .ARM.Collect$$rtexit$$00000000  c_w.l(rtexit.o)
    0x080001d0   0x00000000   Code   RO         4980    .ARM.Collect$$rtexit$$00000002  c_w.l(rtexit2.o)
    0x080001d0   0x00000004   Code   RO         4981    .ARM.Collect$$rtexit$$00000003  c_w.l(rtexit2.o)
    0x080001d4   0x00000006   Code   RO         4982    .ARM.Collect$$rtexit$$00000004  c_w.l(rtexit2.o)
    0x080001da   0x00000002   PAD
    0x080001dc   0x00000096   Code   RO         4150    .emb_text           port.o
    0x08000272   0x00000002   PAD
    0x08000274   0x00000040   Code   RO          494    .text               startup_stm32f10x_hd.o
    0x080002b4   0x00000002   Code   RO         4835    .text               c_w.l(use_no_semi.o)
    0x080002b6   0x00000002   PAD
    0x080002b8   0x00000018   Code   RO         4841    .text               c_w.l(noretval__2printf.o)
    0x080002d0   0x00000052   Code   RO         4847    .text               c_w.l(_printf_str.o)
    0x08000322   0x00000002   PAD
    0x08000324   0x00000078   Code   RO         4849    .text               c_w.l(_printf_dec.o)
    0x0800039c   0x000000b8   Code   RO         4854    .text               c_w.l(__printf_ss.o)
    0x08000454   0x0000008a   Code   RO         4876    .text               c_w.l(rt_memcpy_v6.o)
    0x080004de   0x00000064   Code   RO         4878    .text               c_w.l(rt_memcpy_w.o)
    0x08000542   0x00000010   Code   RO         4880    .text               c_w.l(aeabi_memset.o)
    0x08000552   0x0000004e   Code   RO         4882    .text               c_w.l(rt_memclr_w.o)
    0x080005a0   0x00000006   Code   RO         4884    .text               c_w.l(heapauxi.o)
    0x080005a6   0x000000b2   Code   RO         4889    .text               c_w.l(_printf_intcommon.o)
    0x08000658   0x00000030   Code   RO         4891    .text               c_w.l(_printf_char_common.o)
    0x08000688   0x0000002c   Code   RO         4895    .text               c_w.l(_printf_char.o)
    0x080006b4   0x00000024   Code   RO         4897    .text               c_w.l(_printf_char_file.o)
    0x080006d8   0x00000044   Code   RO         4900    .text               c_w.l(rt_memclr.o)
    0x0800071c   0x0000004a   Code   RO         4919    .text               c_w.l(sys_stackheap_outer.o)
    0x08000766   0x00000012   Code   RO         4921    .text               c_w.l(exit.o)
    0x08000778   0x00000008   Code   RO         4929    .text               c_w.l(libspace.o)
    0x08000780   0x00000004   Code   RO          287    i.BusFault_Handler  stm32f10x_it.o
    0x08000784   0x00000040   Code   RO            2    i.Data_sema1        main.o
    0x080007c4   0x00000040   Code   RO            3    i.Data_sema2        main.o
    0x08000804   0x00000040   Code   RO            4    i.Data_sema3        main.o
    0x08000844   0x00000002   Code   RO          288    i.DebugMon_Handler  stm32f10x_it.o
    0x08000846   0x00000002   PAD
    0x08000848   0x00000034   Code   RO            6    i.GPIO_Configure    main.o
    0x0800087c   0x00000116   Code   RO         1649    i.GPIO_Init         stm32f10x_gpio.o
    0x08000992   0x00000004   Code   RO          289    i.HardFault_Handler  stm32f10x_it.o
    0x08000996   0x00000004   Code   RO          290    i.MemManage_Handler  stm32f10x_it.o
    0x0800099a   0x00000002   Code   RO          291    i.NMI_Handler       stm32f10x_it.o
    0x0800099c   0x00000020   Code   RO         2067    i.RCC_APB2PeriphClockCmd  stm32f10x_rcc.o
    0x080009bc   0x000000d4   Code   RO         2075    i.RCC_GetClocksFreq  stm32f10x_rcc.o
    0x08000a90   0x00000024   Code   RO           11    i.SendChar          main.o
    0x08000ab4   0x00000008   Code   RO          438    i.SetSysClock       system_stm32f10x.o
    0x08000abc   0x000000e0   Code   RO          439    i.SetSysClockTo72   system_stm32f10x.o
    0x08000b9c   0x00000060   Code   RO          441    i.SystemInit        system_stm32f10x.o
    0x08000bfc   0x00000024   Code   RO           12    i.TIM2_IRQHandler   main.o
    0x08000c20   0x00000006   Code   RO         2694    i.TIM_ClearITPendingBit  stm32f10x_tim.o
    0x08000c26   0x00000022   Code   RO         2720    i.TIM_GetITStatus   stm32f10x_tim.o
    0x08000c48   0x00000018   Code   RO         3235    i.USART_Cmd         stm32f10x_usart.o
    0x08000c60   0x00000054   Code   RO           15    i.USART_Configure   main.o
    0x08000cb4   0x0000001a   Code   RO         3238    i.USART_GetFlagStatus  stm32f10x_usart.o
    0x08000cce   0x0000004a   Code   RO         3241    i.USART_ITConfig    stm32f10x_usart.o
    0x08000d18   0x000000d8   Code   RO         3242    i.USART_Init        stm32f10x_usart.o
    0x08000df0   0x00000008   Code   RO         3252    i.USART_SendData    stm32f10x_usart.o
    0x08000df8   0x00000004   Code   RO          295    i.UsageFault_Handler  stm32f10x_it.o
    0x08000dfc   0x00000004   Code   RO          350    i._sys_exit         retarget.o
    0x08000e00   0x00000008   Code   RO          352    i.ferror            retarget.o
    0x08000e08   0x0000000e   Code   RO          354    i.fputc             retarget.o
    0x08000e16   0x00000002   PAD
    0x08000e18   0x00000150   Code   RO           19    i.main              main.o
    0x08000f68   0x00000260   Code   RO           20    i.main_FreeRTos     main.o
    0x080011c8   0x00000098   Code   RO         3671    i.prvAddCurrentTaskToDelayedList  tasks.o
    0x08001260   0x000000b4   Code   RO         3672    i.prvAddNewTaskToReadyList  tasks.o
    0x08001314   0x0000004c   Code   RO         3985    i.prvCheckForValidListAndQueue  timers.o
    0x08001360   0x00000048   Code   RO         3673    i.prvCheckTasksWaitingTermination  tasks.o
    0x080013a8   0x0000002a   Code   RO         3513    i.prvCopyDataFromQueue  queue.o
    0x080013d2   0x0000006a   Code   RO         3514    i.prvCopyDataToQueue  queue.o
    0x0800143c   0x00000012   Code   RO         3674    i.prvDeleteTCB      tasks.o
    0x0800144e   0x00000002   PAD
    0x08001450   0x00000028   Code   RO         3986    i.prvGetNextExpireTime  timers.o
    0x08001478   0x00000038   Code   RO         4112    i.prvHeapInit       heap_2.o
    0x080014b0   0x00000028   Code   RO         3675    i.prvIdleTask       tasks.o
    0x080014d8   0x00000026   Code   RO         3515    i.prvInitialiseNewQueue  queue.o
    0x080014fe   0x00000098   Code   RO         3676    i.prvInitialiseNewTask  tasks.o
    0x08001596   0x0000003a   Code   RO         3987    i.prvInitialiseNewTimer  timers.o
    0x080015d0   0x00000068   Code   RO         3677    i.prvInitialiseTaskLists  tasks.o
    0x08001638   0x00000058   Code   RO         3988    i.prvInsertTimerInActiveList  timers.o
    0x08001690   0x0000001a   Code   RO         3516    i.prvIsQueueEmpty   queue.o
    0x080016aa   0x0000001e   Code   RO         3517    i.prvIsQueueFull    queue.o
    0x080016c8   0x0000005c   Code   RO         3989    i.prvProcessExpiredTimer  timers.o
    0x08001724   0x000000fc   Code   RO         3990    i.prvProcessReceivedCommands  timers.o
    0x08001820   0x00000074   Code   RO         3991    i.prvProcessTimerOrBlockTask  timers.o
    0x08001894   0x00000034   Code   RO         3678    i.prvResetNextTaskUnblockTime  tasks.o
    0x080018c8   0x0000002c   Code   RO         3992    i.prvSampleTimeNow  timers.o
    0x080018f4   0x00000088   Code   RO         3993    i.prvSwitchTimerLists  timers.o
    0x0800197c   0x00000016   Code   RO         4151    i.prvTaskExitError  port.o
    0x08001992   0x0000001a   Code   RO         3994    i.prvTimerTask      timers.o
    0x080019ac   0x0000007e   Code   RO         3518    i.prvUnlockQueue    queue.o
    0x08001a2a   0x00000002   PAD
    0x08001a2c   0x000000b8   Code   RO         4113    i.pvPortMalloc      heap_2.o
    0x08001ae4   0x00000024   Code   RO         4152    i.pxPortInitialiseStack  port.o
    0x08001b08   0x00000028   Code   RO           21    i.test1Timer_HandleCallback  main.o
    0x08001b30   0x00000028   Code   RO         3465    i.uxListRemove      list.o
    0x08001b58   0x0000001a   Code   RO         3466    i.vListInitialise   list.o
    0x08001b72   0x00000006   Code   RO         3467    i.vListInitialiseItem  list.o
    0x08001b78   0x00000034   Code   RO         3468    i.vListInsert       list.o
    0x08001bac   0x00000018   Code   RO         3469    i.vListInsertEnd    list.o
    0x08001bc4   0x00000024   Code   RO         4154    i.vPortEnterCritical  port.o
    0x08001be8   0x00000020   Code   RO         4155    i.vPortExitCritical  port.o
    0x08001c08   0x00000040   Code   RO         4114    i.vPortFree         heap_2.o
    0x08001c48   0x00000018   Code   RO         4156    i.vPortSetupTimerInterrupt  port.o
    0x08001c60   0x0000004a   Code   RO         3523    i.vQueueWaitForMessageRestricted  queue.o
    0x08001caa   0x00000002   PAD
    0x08001cac   0x00000034   Code   RO         3687    i.vTaskDelay        tasks.o
    0x08001ce0   0x00000018   Code   RO         3691    i.vTaskInternalSetTimeOutState  tasks.o
    0x08001cf8   0x0000000c   Code   RO         3692    i.vTaskMissedYield  tasks.o
    0x08001d04   0x00000020   Code   RO         3694    i.vTaskPlaceOnEventList  tasks.o
    0x08001d24   0x00000028   Code   RO         3695    i.vTaskPlaceOnEventListRestricted  tasks.o
    0x08001d4c   0x00000070   Code   RO         3701    i.vTaskStartScheduler  tasks.o
    0x08001dbc   0x00000010   Code   RO         3703    i.vTaskSuspendAll   tasks.o
    0x08001dcc   0x00000060   Code   RO         3704    i.vTaskSwitchContext  tasks.o
    0x08001e2c   0x00000034   Code   RO         4157    i.xPortStartScheduler  port.o
    0x08001e60   0x00000034   Code   RO         4158    i.xPortSysTickHandler  port.o
    0x08001e94   0x0000003a   Code   RO         3524    i.xQueueGenericCreate  queue.o
    0x08001ece   0x00000002   PAD
    0x08001ed0   0x00000080   Code   RO         3525    i.xQueueGenericReset  queue.o
    0x08001f50   0x00000118   Code   RO         3526    i.xQueueGenericSend  queue.o
    0x08002068   0x00000086   Code   RO         3527    i.xQueueGenericSendFromISR  queue.o
    0x080020ee   0x00000002   PAD
    0x080020f0   0x00000104   Code   RO         3533    i.xQueueReceive     queue.o
    0x080021f4   0x0000005c   Code   RO         3705    i.xTaskCheckForTimeOut  tasks.o
    0x08002250   0x00000060   Code   RO         3706    i.xTaskCreate       tasks.o
    0x080022b0   0x00000020   Code   RO         3710    i.xTaskGetSchedulerState  tasks.o
    0x080022d0   0x0000000c   Code   RO         3711    i.xTaskGetTickCount  tasks.o
    0x080022dc   0x0000011c   Code   RO         3713    i.xTaskIncrementTick  tasks.o
    0x080023f8   0x00000080   Code   RO         3716    i.xTaskRemoveFromEventList  tasks.o
    0x08002478   0x000000e8   Code   RO         3717    i.xTaskResumeAll    tasks.o
    0x08002560   0x00000036   Code   RO         3998    i.xTimerCreate      timers.o
    0x08002596   0x00000002   PAD
    0x08002598   0x0000003c   Code   RO         3999    i.xTimerCreateTimerTask  timers.o
    0x080025d4   0x0000006c   Code   RO         4000    i.xTimerGenericCommand  timers.o
    0x08002640   0x00000067   Data   RO           23    .constdata          main.o
    0x080026a7   0x00000001   PAD
    0x080026a8   0x00000020   Data   RO         5050    Region$$Table       anon$$obj.o


    Execution Region RW_IRAM1 (Base: 0x20000000, Size: 0x00005548, Max: 0x00020000, ABSOLUTE)

    Base Addr    Size         Type   Attr      Idx    E Section Name        Object

    0x20000000   0x00000034   Data   RW           24    .data               main.o
    0x20000034   0x00000008   Data   RW          355    .data               retarget.o
    0x2000003c   0x00000014   Data   RW         2095    .data               stm32f10x_rcc.o
    0x20000050   0x0000003c   Data   RW         3720    .data               tasks.o
    0x2000008c   0x00000014   Data   RW         4006    .data               timers.o
    0x200000a0   0x00000018   Data   RW         4118    .data               heap_2.o
    0x200000b8   0x00000004   Data   RW         4159    .data               port.o
    0x200000bc   0x00000b38   Zero   RW           22    .bss                main.o
    0x20000bf4   0x000000c8   Zero   RW         3719    .bss                tasks.o
    0x20000cbc   0x00000028   Zero   RW         4005    .bss                timers.o
    0x20000ce4   0x00004400   Zero   RW         4117    .bss                heap_2.o
    0x200050e4   0x00000060   Zero   RW         4930    .bss                c_w.l(libspace.o)
    0x20005144   0x00000004   PAD
    0x20005148   0x00000200   Zero   RW          492    HEAP                startup_stm32f10x_hd.o
    0x20005348   0x00000200   Zero   RW          491    STACK               startup_stm32f10x_hd.o


==============================================================================

Image component sizes


      Code (inc. data)   RO Data    RW Data    ZI Data      Debug   Object Name

         0          0          0          0          0         32   core_cm3.o
       304         40          0         24      17408       3407   heap_2.o
       148          0          0          0          0       4354   list.o
      1384        808        103         52       2872     278757   main.o
       404         48          0          4          0       8824   port.o
      1302         14          0          0          0      20731   queue.o
        26          0          0          8          0       3087   retarget.o
        64         26        304          0       1024        880   startup_stm32f10x_hd.o
       278          0          0          0          0       2000   stm32f10x_gpio.o
        20          0          0          0          0       2393   stm32f10x_it.o
       244         26          0         20          0       3905   stm32f10x_rcc.o
        40          0          0          0          0       1802   stm32f10x_tim.o
       348          6          0          0          0       4937   stm32f10x_usart.o
       328         28          0          0          0       2125   system_stm32f10x.o
      2030        332          0         60        200      25056   tasks.o
      1150        108          0         20         40      12058   timers.o

    ----------------------------------------------------------------------
      8088       1436        440        188      21544     374348   Object Totals
         0          0         32          0          0          0   (incl. Generated)
        18          0          1          0          0          0   (incl. Padding)

    ----------------------------------------------------------------------

      Code (inc. data)   RO Data    RW Data    ZI Data      Debug   Library Member Name

         8          0          0          0          0         68   __main.o
       184          0          0          0          0         84   __printf_ss.o
         0          0          0          0          0          0   __rtentry.o
        12          0          0          0          0          0   __rtentry2.o
         6          0          0          0          0          0   __rtentry4.o
        52          8          0          0          0          0   __scatter.o
        26          0          0          0          0          0   __scatter_copy.o
        28          0          0          0          0          0   __scatter_zi.o
        44          0          0          0          0        108   _printf_char.o
        48          6          0          0          0         96   _printf_char_common.o
        36          4          0          0          0         80   _printf_char_file.o
         6          0          0          0          0          0   _printf_d.o
       120         16          0          0          0         92   _printf_dec.o
       178          0          0          0          0         88   _printf_intcommon.o
         0          0          0          0          0          0   _printf_percent.o
         4          0          0          0          0          0   _printf_percent_end.o
         6          0          0          0          0          0   _printf_s.o
        82          0          0          0          0         80   _printf_str.o
        16          0          0          0          0         68   aeabi_memset.o
        18          0          0          0          0         80   exit.o
         6          0          0          0          0        152   heapauxi.o
         2          0          0          0          0          0   libinit.o
         2          0          0          0          0          0   libinit2.o
         2          0          0          0          0          0   libshutdown.o
         2          0          0          0          0          0   libshutdown2.o
         8          4          0          0         96         68   libspace.o
        24          4          0          0          0         84   noretval__2printf.o
        68          0          0          0          0         68   rt_memclr.o
        78          0          0          0          0         80   rt_memclr_w.o
       138          0          0          0          0         68   rt_memcpy_v6.o
       100          0          0          0          0         80   rt_memcpy_w.o
         2          0          0          0          0          0   rtexit.o
        10          0          0          0          0          0   rtexit2.o
        74          0          0          0          0         80   sys_stackheap_outer.o
         2          0          0          0          0         68   use_no_semi.o

    ----------------------------------------------------------------------
      1400         42          0          0        100       1592   Library Totals
         8          0          0          0          4          0   (incl. Padding)

    ----------------------------------------------------------------------

      Code (inc. data)   RO Data    RW Data    ZI Data      Debug   Library Name

      1392         42          0          0         96       1592   c_w.l

    ----------------------------------------------------------------------
      1400         42          0          0        100       1592   Library Totals

    ----------------------------------------------------------------------

==============================================================================


      Code (inc. data)   RO Data    RW Data    ZI Data      Debug   

      9488       1478        440        188      21644     370424   Grand Totals
      9488       1478        440        188      21644     370424   ELF Image Totals
      9488       1478        440        188          0          0   ROM Totals

==============================================================================

    Total RO  Size (Code + RO Data)                 9928 (   9.70kB)
    Total RW  Size (RW Data + ZI Data)             21832 (  21.32kB)
    Total ROM Size (Code + RO Data + RW Data)      10116 (   9.88kB)

==============================================================================

