Component: ARM Compiler 5.06 update 4 (build 422) Tool: armlink [4d35d2]

==============================================================================

Section Cross References

    main.o(i.Data_sema1) refers to queue.o(i.xQueueSemaphoreTake) for xQueueSemaphoreTake
    main.o(i.Data_sema1) refers to printf8.o(i.__0printf$8) for __2printf
    main.o(i.Data_sema1) refers to main.o(i.com_fun) for com_fun
    main.o(i.Data_sema1) refers to queue.o(i.xQueueGenericSend) for xQueueGenericSend
    main.o(i.Data_sema1) refers to tasks.o(i.vTaskDelay) for vTaskDelay
    main.o(i.Data_sema1) refers to main.o(.data) for xSemaphore_binary1
    main.o(i.Data_sema1) refers to main.o(.constdata) for __func__
    main.o(i.Data_sema2) refers to queue.o(i.xQueueSemaphoreTake) for xQueueSemaphoreTake
    main.o(i.Data_sema2) refers to printf8.o(i.__0printf$8) for __2printf
    main.o(i.Data_sema2) refers to tasks.o(i.vTaskDelay) for vTaskDelay
    main.o(i.Data_sema2) refers to main.o(i.com_fun) for com_fun
    main.o(i.Data_sema2) refers to queue.o(i.xQueueGenericSend) for xQueueGenericSend
    main.o(i.Data_sema2) refers to main.o(.data) for xSemaphore_binary2
    main.o(i.Data_sema2) refers to main.o(.constdata) for __func__
    main.o(i.Data_sema3) refers to printf8.o(i.__0printf$8) for __2printf
    main.o(i.Data_sema3) refers to queue.o(i.xQueueGenericSend) for xQueueGenericSend
    main.o(i.Data_sema3) refers to tasks.o(i.vTaskDelay) for vTaskDelay
    main.o(i.Data_sema3) refers to main.o(.constdata) for __func__
    main.o(i.Data_sema3) refers to main.o(.data) for xSemaphore_binary1
    main.o(i.SendChar) refers to stm32f10x_usart.o(i.USART_SendData) for USART_SendData
    main.o(i.SendChar) refers to stm32f10x_usart.o(i.USART_GetFlagStatus) for USART_GetFlagStatus
    main.o(i.USART_Configure) refers to stm32f10x_rcc.o(i.RCC_APB2PeriphClockCmd) for RCC_APB2PeriphClockCmd
    main.o(i.USART_Configure) refers to stm32f10x_gpio.o(i.GPIO_Init) for GPIO_Init
    main.o(i.USART_Configure) refers to stm32f10x_usart.o(i.USART_Init) for USART_Init
    main.o(i.USART_Configure) refers to stm32f10x_usart.o(i.USART_Cmd) for USART_Cmd
    main.o(i.com_fun) refers to printf8.o(i.__0printf$8) for __2printf
    main.o(i.com_fun) refers to tom_common_api.o(i.get_task_info) for get_task_info
    main.o(i.com_fun) refers to main.o(.data) for tom_global
    main.o(i.com_fun) refers to main.o(.constdata) for __func__
    main.o(i.main) refers to main.o(i.USART_Configure) for USART_Configure
    main.o(i.main) refers to spi_test.o(i.main_SPI) for main_SPI
    main.o(i.main) refers to stm32f10x_rcc.o(i.RCC_GetClocksFreq) for RCC_GetClocksFreq
    main.o(i.main) refers to printf8.o(i.__0printf$8) for __2printf
    main.o(i.main) refers to main.o(i.main_FreeRTos) for main_FreeRTos
    main.o(i.main_FreeRTos) refers to printf8.o(i.__0printf$8) for __2printf
    main.o(i.main_FreeRTos) refers to queue.o(i.xQueueCreateMutex) for xQueueCreateMutex
    main.o(i.main_FreeRTos) refers to queue.o(i.xQueueGenericCreate) for xQueueGenericCreate
    main.o(i.main_FreeRTos) refers to tasks.o(i.xTaskCreate) for xTaskCreate
    main.o(i.main_FreeRTos) refers to timers.o(i.xTimerCreate) for xTimerCreate
    main.o(i.main_FreeRTos) refers to tasks.o(i.vTaskStartScheduler) for vTaskStartScheduler
    main.o(i.main_FreeRTos) refers to main.o(.constdata) for __func__
    main.o(i.main_FreeRTos) refers to main.o(.data) for xSemaphore_mutex
    main.o(i.main_FreeRTos) refers to main.o(i.Data_sema1) for Data_sema1
    main.o(i.main_FreeRTos) refers to main.o(i.Data_sema2) for Data_sema2
    main.o(i.main_FreeRTos) refers to main.o(i.Data_sema3) for Data_sema3
    main.o(i.main_FreeRTos) refers to main.o(i.test1Timer_HandleCallback) for test1Timer_HandleCallback
    main.o(i.test1Timer_HandleCallback) refers to printf8.o(i.__0printf$8) for __2printf
    main.o(i.test1Timer_HandleCallback) refers to main.o(.constdata) for __func__
    retarget.o(i._ttywrch) refers to main.o(i.SendChar) for SendChar
    retarget.o(i.fputc) refers to main.o(i.SendChar) for SendChar
    tom_common_api.o(i.get_task_info) refers to tasks.o(i.pcTaskGetName) for pcTaskGetName
    tom_common_api.o(i.get_task_info) refers to tasks.o(i.eTaskGetState) for eTaskGetState
    tom_common_api.o(i.get_task_info) refers to printf8.o(i.__0printf$8) for __2printf
    tom_common_api.o(i.get_task_info) refers to tasks.o(i.uxTaskGetStackHighWaterMark) for uxTaskGetStackHighWaterMark
    system_stm32f10x.o(i.SetSysClock) refers to system_stm32f10x.o(i.SetSysClockTo72) for SetSysClockTo72
    system_stm32f10x.o(i.SystemCoreClockUpdate) refers to system_stm32f10x.o(.data) for SystemCoreClock
    system_stm32f10x.o(i.SystemInit) refers to system_stm32f10x.o(i.SetSysClock) for SetSysClock
    startup_stm32f10x_hd.o(RESET) refers to startup_stm32f10x_hd.o(STACK) for __initial_sp
[...]
    Removing stm32f10x_tim.o(i.TIM_GenerateEvent), (4 bytes).
    Removing stm32f10x_tim.o(i.TIM_GetCapture1), (6 bytes).
    Removing stm32f10x_tim.o(i.TIM_GetCapture2), (6 bytes).
    Removing stm32f10x_tim.o(i.TIM_GetCapture3), (6 bytes).
    Removing stm32f10x_tim.o(i.TIM_GetCapture4), (8 bytes).
    Removing stm32f10x_tim.o(i.TIM_GetCounter), (6 bytes).
    Removing stm32f10x_tim.o(i.TIM_GetFlagStatus), (18 bytes).
    Removing stm32f10x_tim.o(i.TIM_GetITStatus), (34 bytes).
    Removing stm32f10x_tim.o(i.TIM_GetPrescaler), (6 bytes).
    Removing stm32f10x_tim.o(i.TIM_ICInit), (172 bytes).
    Removing stm32f10x_tim.o(i.TIM_ICStructInit), (18 bytes).
    Removing stm32f10x_tim.o(i.TIM_ITConfig), (18 bytes).
    Removing stm32f10x_tim.o(i.TIM_ITRxExternalClockConfig), (24 bytes).
    Removing stm32f10x_tim.o(i.TIM_InternalClockConfig), (12 bytes).
    Removing stm32f10x_tim.o(i.TIM_OC1FastConfig), (18 bytes).
    Removing stm32f10x_tim.o(i.TIM_OC1Init), (152 bytes).
    Removing stm32f10x_tim.o(i.TIM_OC1NPolarityConfig), (18 bytes).
    Removing stm32f10x_tim.o(i.TIM_OC1PolarityConfig), (18 bytes).
    Removing stm32f10x_tim.o(i.TIM_OC1PreloadConfig), (18 bytes).
    Removing stm32f10x_tim.o(i.TIM_OC2FastConfig), (26 bytes).
    Removing stm32f10x_tim.o(i.TIM_OC2Init), (164 bytes).
    Removing stm32f10x_tim.o(i.TIM_OC2NPolarityConfig), (26 bytes).
    Removing stm32f10x_tim.o(i.TIM_OC2PolarityConfig), (26 bytes).
    Removing stm32f10x_tim.o(i.TIM_OC2PreloadConfig), (26 bytes).
    Removing stm32f10x_tim.o(i.TIM_OC3FastConfig), (18 bytes).
    Removing stm32f10x_tim.o(i.TIM_OC3Init), (160 bytes).
    Removing stm32f10x_tim.o(i.TIM_OC3NPolarityConfig), (26 bytes).
    Removing stm32f10x_tim.o(i.TIM_OC3PolarityConfig), (26 bytes).
    Removing stm32f10x_tim.o(i.TIM_OC3PreloadConfig), (18 bytes).
    Removing stm32f10x_tim.o(i.TIM_OC4FastConfig), (26 bytes).
    Removing stm32f10x_tim.o(i.TIM_OC4Init), (124 bytes).
    Removing stm32f10x_tim.o(i.TIM_OC4PolarityConfig), (26 bytes).
    Removing stm32f10x_tim.o(i.TIM_OC4PreloadConfig), (26 bytes).
    Removing stm32f10x_tim.o(i.TIM_OCStructInit), (20 bytes).
    Removing stm32f10x_tim.o(i.TIM_PWMIConfig), (124 bytes).
    Removing stm32f10x_tim.o(i.TIM_PrescalerConfig), (6 bytes).
    Removing stm32f10x_tim.o(i.TIM_SelectCCDMA), (24 bytes).
    Removing stm32f10x_tim.o(i.TIM_SelectCOM), (24 bytes).
    Removing stm32f10x_tim.o(i.TIM_SelectHallSensor), (24 bytes).
    Removing stm32f10x_tim.o(i.TIM_SelectInputTrigger), (18 bytes).
    Removing stm32f10x_tim.o(i.TIM_SelectMasterSlaveMode), (18 bytes).
    Removing stm32f10x_tim.o(i.TIM_SelectOCxM), (82 bytes).
    Removing stm32f10x_tim.o(i.TIM_SelectOnePulseMode), (18 bytes).
    Removing stm32f10x_tim.o(i.TIM_SelectOutputTrigger), (18 bytes).
    Removing stm32f10x_tim.o(i.TIM_SelectSlaveMode), (18 bytes).
    Removing stm32f10x_tim.o(i.TIM_SetAutoreload), (4 bytes).
    Removing stm32f10x_tim.o(i.TIM_SetClockDivision), (18 bytes).
    Removing stm32f10x_tim.o(i.TIM_SetCompare1), (4 bytes).
    Removing stm32f10x_tim.o(i.TIM_SetCompare2), (4 bytes).
    Removing stm32f10x_tim.o(i.TIM_SetCompare3), (4 bytes).
    Removing stm32f10x_tim.o(i.TIM_SetCompare4), (6 bytes).
    Removing stm32f10x_tim.o(i.TIM_SetCounter), (4 bytes).
    Removing stm32f10x_tim.o(i.TIM_SetIC1Prescaler), (18 bytes).
    Removing stm32f10x_tim.o(i.TIM_SetIC2Prescaler), (26 bytes).
    Removing stm32f10x_tim.o(i.TIM_SetIC3Prescaler), (18 bytes).
    Removing stm32f10x_tim.o(i.TIM_SetIC4Prescaler), (26 bytes).
    Removing stm32f10x_tim.o(i.TIM_TIxExternalClockConfig), (62 bytes).
    Removing stm32f10x_tim.o(i.TIM_TimeBaseInit), (164 bytes).
    Removing stm32f10x_tim.o(i.TIM_TimeBaseStructInit), (18 bytes).
    Removing stm32f10x_tim.o(i.TIM_UpdateDisableConfig), (24 bytes).
    Removing stm32f10x_tim.o(i.TIM_UpdateRequestConfig), (24 bytes).
    Removing stm32f10x_usart.o(i.USART_ClearFlag), (18 bytes).
    Removing stm32f10x_usart.o(i.USART_ClearITPendingBit), (30 bytes).
    Removing stm32f10x_usart.o(i.USART_ClockInit), (34 bytes).
    Removing stm32f10x_usart.o(i.USART_ClockStructInit), (12 bytes).
    Removing stm32f10x_usart.o(i.USART_DMACmd), (18 bytes).
    Removing stm32f10x_usart.o(i.USART_DeInit), (156 bytes).
    Removing stm32f10x_usart.o(i.USART_GetITStatus), (84 bytes).
    Removing stm32f10x_usart.o(i.USART_HalfDuplexCmd), (24 bytes).
    Removing stm32f10x_usart.o(i.USART_ITConfig), (74 bytes).
    Removing stm32f10x_usart.o(i.USART_IrDACmd), (24 bytes).
    Removing stm32f10x_usart.o(i.USART_IrDAConfig), (18 bytes).
    Removing stm32f10x_usart.o(i.USART_LINBreakDetectLengthConfig), (18 bytes).
    Removing stm32f10x_usart.o(i.USART_LINCmd), (24 bytes).
    Removing stm32f10x_usart.o(i.USART_OneBitMethodCmd), (24 bytes).
    Removing stm32f10x_usart.o(i.USART_OverSampling8Cmd), (22 bytes).
    Removing stm32f10x_usart.o(i.USART_ReceiveData), (10 bytes).
    Removing stm32f10x_usart.o(i.USART_ReceiverWakeUpCmd), (24 bytes).
    Removing stm32f10x_usart.o(i.USART_SendBreak), (10 bytes).
    Removing stm32f10x_usart.o(i.USART_SetAddress), (18 bytes).
    Removing stm32f10x_usart.o(i.USART_SetGuardTime), (16 bytes).
    Removing stm32f10x_usart.o(i.USART_SetPrescaler), (16 bytes).
    Removing stm32f10x_usart.o(i.USART_SmartCardCmd), (24 bytes).
    Removing stm32f10x_usart.o(i.USART_SmartCardNACKCmd), (24 bytes).
    Removing stm32f10x_usart.o(i.USART_StructInit), (24 bytes).
    Removing stm32f10x_usart.o(i.USART_WakeUpConfig), (18 bytes).
    Removing stm32f10x_wwdg.o(i.WWDG_ClearFlag), (12 bytes).
    Removing stm32f10x_wwdg.o(i.WWDG_DeInit), (22 bytes).
    Removing stm32f10x_wwdg.o(i.WWDG_Enable), (16 bytes).
    Removing stm32f10x_wwdg.o(i.WWDG_EnableIT), (12 bytes).
    Removing stm32f10x_wwdg.o(i.WWDG_GetFlagStatus), (12 bytes).
    Removing stm32f10x_wwdg.o(i.WWDG_SetCounter), (16 bytes).
    Removing stm32f10x_wwdg.o(i.WWDG_SetPrescaler), (24 bytes).
    Removing stm32f10x_wwdg.o(i.WWDG_SetWindowValue), (40 bytes).
    Removing queue.o(i.uxQueueMessagesWaiting), (18 bytes).
    Removing queue.o(i.uxQueueMessagesWaitingFromISR), (8 bytes).
    Removing queue.o(i.uxQueueSpacesAvailable), (24 bytes).
    Removing queue.o(i.vQueueDelete), (14 bytes).
    Removing queue.o(i.xQueueGiveFromISR), (120 bytes).
    Removing queue.o(i.xQueueIsQueueEmptyFromISR), (16 bytes).
    Removing queue.o(i.xQueueIsQueueFullFromISR), (22 bytes).
    Removing queue.o(i.xQueuePeek), (268 bytes).
    Removing queue.o(i.xQueuePeekFromISR), (74 bytes).
    Removing queue.o(i.xQueueReceiveFromISR), (130 bytes).
    Removing tasks.o(i.prvTaskIsTaskSuspended), (64 bytes).
    Removing tasks.o(i.ulTaskNotifyTake), (116 bytes).
    Removing tasks.o(i.uxTaskGetNumberOfTasks), (12 bytes).
    Removing tasks.o(i.uxTaskPriorityGet), (36 bytes).
    Removing tasks.o(i.uxTaskPriorityGetFromISR), (56 bytes).
    Removing tasks.o(i.uxTaskResetEventItemValue), (28 bytes).
    Removing tasks.o(i.vTaskDelayUntil), (116 bytes).
    Removing tasks.o(i.vTaskDelete), (204 bytes).
    Removing tasks.o(i.vTaskEndScheduler), (36 bytes).
    Removing tasks.o(i.vTaskNotifyGiveFromISR), (176 bytes).
    Removing tasks.o(i.vTaskPlaceOnUnorderedEventList), (44 bytes).
    Removing tasks.o(i.vTaskPrioritySet), (244 bytes).
    Removing tasks.o(i.vTaskRemoveFromUnorderedEventList), (100 bytes).
    Removing tasks.o(i.vTaskResume), (120 bytes).
    Removing tasks.o(i.vTaskSetTimeOutState), (36 bytes).
    Removing tasks.o(i.vTaskSuspend), (204 bytes).
    Removing tasks.o(i.xTaskGenericNotify), (196 bytes).
    Removing tasks.o(i.xTaskGenericNotifyFromISR), (252 bytes).
    Removing tasks.o(i.xTaskGetCurrentTaskHandle), (12 bytes).
    Removing tasks.o(i.xTaskGetTickCountFromISR), (12 bytes).
    Removing tasks.o(i.xTaskNotifyStateClear), (52 bytes).
    Removing tasks.o(i.xTaskNotifyWait), (160 bytes).
    Removing tasks.o(i.xTaskResumeFromISR), (152 bytes).
    Removing timers.o(i.pcTimerGetName), (8 bytes).
    Removing timers.o(i.pvTimerGetTimerID), (20 bytes).
    Removing timers.o(i.vTimerSetReloadMode), (46 bytes).
    Removing timers.o(i.vTimerSetTimerID), (20 bytes).
    Removing timers.o(i.xTimerGetExpiryTime), (8 bytes).
    Removing timers.o(i.xTimerGetPeriod), (8 bytes).
    Removing timers.o(i.xTimerGetTimerDaemonTaskHandle), (12 bytes).
    Removing timers.o(i.xTimerIsTimerActive), (34 bytes).
    Removing heap_2.o(i.vPortInitialiseBlocks), (2 bytes).
    Removing heap_2.o(i.xPortGetFreeHeapSize), (12 bytes).
    Removing port.o(i.vPortEndScheduler), (2 bytes).
    Removing stm32_eval_sdio_sd.o(i.CmdError), (44 bytes).
    Removing stm32_eval_sdio_sd.o(i.CmdResp1Error), (308 bytes).
    Removing stm32_eval_sdio_sd.o(i.CmdResp2Error), (76 bytes).
    Removing stm32_eval_sdio_sd.o(i.CmdResp3Error), (56 bytes).
    Removing stm32_eval_sdio_sd.o(i.CmdResp6Error), (156 bytes).
    Removing stm32_eval_sdio_sd.o(i.CmdResp7Error), (76 bytes).
    Removing stm32_eval_sdio_sd.o(i.FindSCR), (412 bytes).
    Removing stm32_eval_sdio_sd.o(i.IsCardProgramming), (412 bytes).
    Removing stm32_eval_sdio_sd.o(i.SDEnWideBus), (292 bytes).
    Removing stm32_eval_sdio_sd.o(i.SD_DeInit), (8 bytes).
    Removing stm32_eval_sdio_sd.o(i.SD_Detect), (32 bytes).
    Removing stm32_eval_sdio_sd.o(i.SD_EnableWideBusOperation), (152 bytes).
    Removing stm32_eval_sdio_sd.o(i.SD_Erase), (320 bytes).
    Removing stm32_eval_sdio_sd.o(i.SD_GetCardInfo), (716 bytes).
    Removing stm32_eval_sdio_sd.o(i.SD_GetState), (40 bytes).
    Removing stm32_eval_sdio_sd.o(i.SD_GetStatus), (30 bytes).
    Removing stm32_eval_sdio_sd.o(i.SD_GetTransferState), (24 bytes).
    Removing stm32_eval_sdio_sd.o(i.SD_Init), (132 bytes).
    Removing stm32_eval_sdio_sd.o(i.SD_InitializeCards), (320 bytes).
    Removing stm32_eval_sdio_sd.o(i.SD_PowerOFF), (14 bytes).
    Removing stm32_eval_sdio_sd.o(i.SD_PowerON), (400 bytes).
    Removing stm32_eval_sdio_sd.o(i.SD_ProcessIRQSrc), (584 bytes).
    Removing stm32_eval_sdio_sd.o(i.SD_ReadBlock), (636 bytes).
    Removing stm32_eval_sdio_sd.o(i.SD_ReadMultiBlocks), (756 bytes).
    Removing stm32_eval_sdio_sd.o(i.SD_SelectDeselect), (52 bytes).
    Removing stm32_eval_sdio_sd.o(i.SD_SendSDStatus), (440 bytes).
    Removing stm32_eval_sdio_sd.o(i.SD_SendStatus), (84 bytes).
    Removing stm32_eval_sdio_sd.o(i.SD_SetDeviceMode), (28 bytes).
    Removing stm32_eval_sdio_sd.o(i.SD_StopTransfer), (52 bytes).
    Removing stm32_eval_sdio_sd.o(i.SD_WriteBlock), (876 bytes).
    Removing stm32_eval_sdio_sd.o(i.SD_WriteMultiBlocks), (1040 bytes).
    Removing stm32_eval_sdio_sd.o(i.convert_from_bytes_to_power_of_two), (18 bytes).
    Removing stm32_eval_sdio_sd.o(.bss), (180 bytes).
    Removing stm32_eval_sdio_sd.o(.data), (40 bytes).
    Removing stm3210e_eval.o(i.LM75_LowLevel_DeInit), (84 bytes).
    Removing stm3210e_eval.o(i.LM75_LowLevel_Init), (84 bytes).
    Removing stm3210e_eval.o(i.SD_DMAEndOfTransferStatus), (16 bytes).
    Removing stm3210e_eval.o(i.SD_LowLevel_DMA_RxConfig), (100 bytes).
    Removing stm3210e_eval.o(i.SD_LowLevel_DMA_TxConfig), (100 bytes).
    Removing stm3210e_eval.o(i.SD_LowLevel_DeInit), (76 bytes).
    Removing stm3210e_eval.o(i.SD_LowLevel_Init), (104 bytes).
    Removing stm3210e_eval.o(i.STM_EVAL_COMInit), (180 bytes).
    Removing stm3210e_eval.o(i.STM_EVAL_LEDInit), (64 bytes).
    Removing stm3210e_eval.o(i.STM_EVAL_LEDOff), (24 bytes).
    Removing stm3210e_eval.o(i.STM_EVAL_LEDOn), (24 bytes).
    Removing stm3210e_eval.o(i.STM_EVAL_LEDToggle), (36 bytes).
    Removing stm3210e_eval.o(i.STM_EVAL_PBGetState), (32 bytes).
    Removing stm3210e_eval.o(i.STM_EVAL_PBInit), (176 bytes).
    Removing stm3210e_eval.o(i.sFLASH_LowLevel_DeInit), (100 bytes).
    Removing stm3210e_eval.o(i.sFLASH_LowLevel_Init), (104 bytes).
    Removing stm3210e_eval.o(.constdata), (168 bytes).
    Removing stm3210e_eval.o(.data), (72 bytes).
    Removing diskio.o(i.disk_initialize), (44 bytes).
    Removing diskio.o(i.disk_ioctl), (6 bytes).
    Removing diskio.o(i.disk_read), (74 bytes).
    Removing diskio.o(i.disk_status), (40 bytes).
    Removing diskio.o(i.disk_write), (74 bytes).
    Removing diskio.o(i.get_fattime), (4 bytes).
    Removing ff.o(i.check_fs), (144 bytes).
    Removing ff.o(i.chk_chr), (20 bytes).
    Removing ff.o(i.chk_mounted), (744 bytes).
    Removing ff.o(i.clust2sect), (26 bytes).
    Removing ff.o(i.create_chain), (182 bytes).
    Removing ff.o(i.create_name), (332 bytes).
    Removing ff.o(i.dir_find), (92 bytes).
    Removing ff.o(i.dir_next), (278 bytes).
    Removing ff.o(i.dir_read), (86 bytes).
    Removing ff.o(i.dir_register), (120 bytes).
    Removing ff.o(i.dir_remove), (44 bytes).
    Removing ff.o(i.dir_seek), (156 bytes).
    Removing ff.o(i.f_chmod), (84 bytes).
    Removing ff.o(i.f_close), (22 bytes).
    Removing ff.o(i.f_getfree), (276 bytes).
    Removing ff.o(i.f_lseek), (448 bytes).
    Removing ff.o(i.f_mkdir), (390 bytes).
    Removing ff.o(i.f_mkfs), (1584 bytes).
    Removing ff.o(i.f_mount), (44 bytes).
    Removing ff.o(i.f_open), (396 bytes).
    Removing ff.o(i.f_opendir), (104 bytes).
    Removing ff.o(i.f_read), (466 bytes).
    Removing ff.o(i.f_readdir), (88 bytes).
    Removing ff.o(i.f_rename), (282 bytes).
    Removing ff.o(i.f_stat), (58 bytes).
    Removing ff.o(i.f_sync), (184 bytes).
    Removing ff.o(i.f_truncate), (158 bytes).
    Removing ff.o(i.f_unlink), (186 bytes).
    Removing ff.o(i.f_utime), (86 bytes).
    Removing ff.o(i.f_write), (528 bytes).
    Removing ff.o(i.follow_path), (166 bytes).
    Removing ff.o(i.get_fat), (274 bytes).
    Removing ff.o(i.get_fileinfo), (152 bytes).
    Removing ff.o(i.mem_cmp), (38 bytes).
    Removing ff.o(i.mem_cpy), (26 bytes).
    Removing ff.o(i.mem_set), (20 bytes).
    Removing ff.o(i.move_window), (114 bytes).
    Removing ff.o(i.put_fat), (326 bytes).
    Removing ff.o(i.remove_chain), (104 bytes).
    Removing ff.o(i.sync), (202 bytes).
    Removing ff.o(i.validate), (42 bytes).
    Removing ff.o(.constdata), (66 bytes).
    Removing ff.o(.data), (6 bytes).
    Removing spi_flash.o(i.sFLASH_DeInit), (8 bytes).
    Removing spi_flash.o(i.sFLASH_EraseBulk), (40 bytes).
    Removing spi_flash.o(i.sFLASH_EraseSector), (64 bytes).
    Removing spi_flash.o(i.sFLASH_ReadBuffer), (80 bytes).
    Removing spi_flash.o(i.sFLASH_ReadByte), (10 bytes).
    Removing spi_flash.o(i.sFLASH_SendHalfWord), (52 bytes).
    Removing spi_flash.o(i.sFLASH_StartReadSequence), (48 bytes).
    Removing spi_flash.o(i.sFLASH_WaitForWriteEnd), (52 bytes).
    Removing spi_flash.o(i.sFLASH_WriteBuffer), (290 bytes).
    Removing spi_flash.o(i.sFLASH_WriteEnable), (32 bytes).
    Removing spi_flash.o(i.sFLASH_WritePage), (88 bytes).
    Removing spi_test.o(.data), (2 bytes).
    Removing hal_spi_flash.o(i.hal_flash_EraseSector), (46 bytes).
    Removing hal_spi_flash.o(i.hal_flash_readbuffer), (20 bytes).
    Removing hal_spi_flash.o(i.hal_flash_writebuffer), (28 bytes).
    Removing dadd.o(.text), (334 bytes).
    Removing dmul.o(.text), (228 bytes).
    Removing ddiv.o(.text), (222 bytes).
    Removing dfixul.o(.text), (48 bytes).
    Removing cdrcmple.o(.text), (48 bytes).
    Removing depilogue.o(.text), (186 bytes).

635 unused section(s) (total 43978 bytes) removed from the image.

==============================================================================

Image Symbol Table

    Local Symbols

    Symbol Name                              Value     Ov Type        Size  Object(Section)

    ../clib/microlib/division.c              0x00000000   Number         0  uidiv.o ABSOLUTE
    ../clib/microlib/division.c              0x00000000   Number         0  uldiv.o ABSOLUTE
    ../clib/microlib/init/entry.s            0x00000000   Number         0  entry8b.o ABSOLUTE
    ../clib/microlib/init/entry.s            0x00000000   Number         0  entry11a.o ABSOLUTE
    ../clib/microlib/init/entry.s            0x00000000   Number         0  entry11b.o ABSOLUTE
    ../clib/microlib/init/entry.s            0x00000000   Number         0  entry7a.o ABSOLUTE
    ../clib/microlib/init/entry.s            0x00000000   Number         0  entry10b.o ABSOLUTE
    ../clib/microlib/init/entry.s            0x00000000   Number         0  entry10a.o ABSOLUTE
    ../clib/microlib/init/entry.s            0x00000000   Number         0  entry9a.o ABSOLUTE
    ../clib/microlib/init/entry.s            0x00000000   Number         0  entry9b.o ABSOLUTE
    ../clib/microlib/init/entry.s            0x00000000   Number         0  entry.o ABSOLUTE
    ../clib/microlib/init/entry.s            0x00000000   Number         0  entry2.o ABSOLUTE
    ../clib/microlib/init/entry.s            0x00000000   Number         0  entry5.o ABSOLUTE
    ../clib/microlib/init/entry.s            0x00000000   Number         0  entry7b.o ABSOLUTE
    ../clib/microlib/init/entry.s            0x00000000   Number         0  entry8a.o ABSOLUTE
    ../clib/microlib/longlong.c              0x00000000   Number         0  llshl.o ABSOLUTE
    ../clib/microlib/longlong.c              0x00000000   Number         0  llushr.o ABSOLUTE
    ../clib/microlib/longlong.c              0x00000000   Number         0  llsshr.o ABSOLUTE
    ../clib/microlib/printf/printf.c         0x00000000   Number         0  printf3.o ABSOLUTE
    ../clib/microlib/printf/printf.c         0x00000000   Number         0  printf2.o ABSOLUTE
    ../clib/microlib/printf/printf.c         0x00000000   Number         0  printf1.o ABSOLUTE
    ../clib/microlib/printf/printf.c         0x00000000   Number         0  printf0.o ABSOLUTE
    ../clib/microlib/printf/printf.c         0x00000000   Number         0  printfb.o ABSOLUTE
    ../clib/microlib/printf/printf.c         0x00000000   Number         0  printf4.o ABSOLUTE
    ../clib/microlib/printf/printf.c         0x00000000   Number         0  printf5.o ABSOLUTE
    ../clib/microlib/printf/printf.c         0x00000000   Number         0  printf6.o ABSOLUTE
    ../clib/microlib/printf/printf.c         0x00000000   Number         0  printf7.o ABSOLUTE
    ../clib/microlib/printf/printf.c         0x00000000   Number         0  printf8.o ABSOLUTE
    ../clib/microlib/printf/printf.c         0x00000000   Number         0  printfa.o ABSOLUTE
    ../clib/microlib/printf/stubs.s          0x00000000   Number         0  stubs.o ABSOLUTE
    ../clib/microlib/string/memcpy.c         0x00000000   Number         0  memcpya.o ABSOLUTE
    ../clib/microlib/string/memcpy.c         0x00000000   Number         0  memcpyb.o ABSOLUTE
    ../clib/microlib/string/memset.c         0x00000000   Number         0  memseta.o ABSOLUTE
    ../clib/microlib/stubs.s                 0x00000000   Number         0  iusefp.o ABSOLUTE
    ../clib/microlib/stubs.s                 0x00000000   Number         0  useno.o ABSOLUTE
    ../fplib/microlib/fpadd.c                0x00000000   Number         0  dadd.o ABSOLUTE
    ../fplib/microlib/fpdiv.c                0x00000000   Number         0  ddiv.o ABSOLUTE
    ../fplib/microlib/fpepilogue.c           0x00000000   Number         0  depilogue.o ABSOLUTE
    ../fplib/microlib/fpfix.c                0x00000000   Number         0  dfixul.o ABSOLUTE
    ../fplib/microlib/fpmul.c                0x00000000   Number         0  dmul.o ABSOLUTE
    FreeRTOS\\portable\\RVDS\\ARM_CM3\\port.c 0x00000000   Number         0  port.o ABSOLUTE
    FreeRTOS\list.c                          0x00000000   Number         0  list.o ABSOLUTE
    FreeRTOS\portable\MemMang\heap_2.c       0x00000000   Number         0  heap_2.o ABSOLUTE
    FreeRTOS\portable\RVDS\ARM_CM3\port.c    0x00000000   Number         0  port.o ABSOLUTE
    FreeRTOS\queue.c                         0x00000000   Number         0  queue.o ABSOLUTE
    FreeRTOS\tasks.c                         0x00000000   Number         0  tasks.o ABSOLUTE
    FreeRTOS\timers.c                        0x00000000   Number         0  timers.o ABSOLUTE
    Libraries\CMSIS\CM3\CoreSupport\core_cm3.c 0x00000000   Number         0  core_cm3.o ABSOLUTE
    Libraries\CMSIS\CM3\DeviceSupport\ST\STM32F10x\startup\arm\startup_stm32f10x_hd.s 0x00000000   Number         0  startup_stm32f10x_hd.o ABSOLUTE
    Libraries\CMSIS\CM3\DeviceSupport\ST\STM32F10x\system_stm32f10x.c 0x00000000   Number         0  system_stm32f10x.o ABSOLUTE
    Libraries\STM32F10x_StdPeriph_Driver\src\misc.c 0x00000000   Number         0  misc.o ABSOLUTE
    Libraries\STM32F10x_StdPeriph_Driver\src\stm32f10x_adc.c 0x00000000   Number         0  stm32f10x_adc.o ABSOLUTE
    Libraries\STM32F10x_StdPeriph_Driver\src\stm32f10x_bkp.c 0x00000000   Number         0  stm32f10x_bkp.o ABSOLUTE
    Libraries\STM32F10x_StdPeriph_Driver\src\stm32f10x_can.c 0x00000000   Number         0  stm32f10x_can.o ABSOLUTE
    Libraries\STM32F10x_StdPeriph_Driver\src\stm32f10x_cec.c 0x00000000   Number         0  stm32f10x_cec.o ABSOLUTE
    Libraries\STM32F10x_StdPeriph_Driver\src\stm32f10x_crc.c 0x00000000   Number         0  stm32f10x_crc.o ABSOLUTE
    Libraries\STM32F10x_StdPeriph_Driver\src\stm32f10x_dac.c 0x00000000   Number         0  stm32f10x_dac.o ABSOLUTE
    Libraries\STM32F10x_StdPeriph_Driver\src\stm32f10x_dbgmcu.c 0x00000000   Number         0  stm32f10x_dbgmcu.o ABSOLUTE
    Libraries\STM32F10x_StdPeriph_Driver\src\stm32f10x_dma.c 0x00000000   Number         0  stm32f10x_dma.o ABSOLUTE
    Libraries\STM32F10x_StdPeriph_Driver\src\stm32f10x_exti.c 0x00000000   Number         0  stm32f10x_exti.o ABSOLUTE
    Libraries\STM32F10x_StdPeriph_Driver\src\stm32f10x_flash.c 0x00000000   Number         0  stm32f10x_flash.o ABSOLUTE
    Libraries\STM32F10x_StdPeriph_Driver\src\stm32f10x_fsmc.c 0x00000000   Number         0  stm32f10x_fsmc.o ABSOLUTE
    Libraries\STM32F10x_StdPeriph_Driver\src\stm32f10x_gpio.c 0x00000000   Number         0  stm32f10x_gpio.o ABSOLUTE
    Libraries\STM32F10x_StdPeriph_Driver\src\stm32f10x_i2c.c 0x00000000   Number         0  stm32f10x_i2c.o ABSOLUTE
    Libraries\STM32F10x_StdPeriph_Driver\src\stm32f10x_iwdg.c 0x00000000   Number         0  stm32f10x_iwdg.o ABSOLUTE
    Libraries\STM32F10x_StdPeriph_Driver\src\stm32f10x_pwr.c 0x00000000   Number         0  stm32f10x_pwr.o ABSOLUTE
    Libraries\STM32F10x_StdPeriph_Driver\src\stm32f10x_rcc.c 0x00000000   Number         0  stm32f10x_rcc.o ABSOLUTE
    Libraries\STM32F10x_StdPeriph_Driver\src\stm32f10x_rtc.c 0x00000000   Number         0  stm32f10x_rtc.o ABSOLUTE
    Libraries\STM32F10x_StdPeriph_Driver\src\stm32f10x_sdio.c 0x00000000   Number         0  stm32f10x_sdio.o ABSOLUTE
    Libraries\STM32F10x_StdPeriph_Driver\src\stm32f10x_spi.c 0x00000000   Number         0  stm32f10x_spi.o ABSOLUTE
    Libraries\STM32F10x_StdPeriph_Driver\src\stm32f10x_tim.c 0x00000000   Number         0  stm32f10x_tim.o ABSOLUTE
    Libraries\STM32F10x_StdPeriph_Driver\src\stm32f10x_usart.c 0x00000000   Number         0  stm32f10x_usart.o ABSOLUTE
    Libraries\STM32F10x_StdPeriph_Driver\src\stm32f10x_wwdg.c 0x00000000   Number         0  stm32f10x_wwdg.o ABSOLUTE
    Libraries\\CMSIS\\CM3\\CoreSupport\\core_cm3.c 0x00000000   Number         0  core_cm3.o ABSOLUTE
    User\SPI_FLASH\spi_flash.c               0x00000000   Number         0  spi_flash.o ABSOLUTE
    User\SPI_FLASH\spi_test.c                0x00000000   Number         0  spi_test.o ABSOLUTE
    User\hal\hal_spi_flash.c                 0x00000000   Number         0  hal_spi_flash.o ABSOLUTE
    User\source\Tom_Common_Api.c             0x00000000   Number         0  tom_common_api.o ABSOLUTE
    Utilities\STM32_EVAL\Common\stm32_eval_sdio_sd.c 0x00000000   Number         0  stm32_eval_sdio_sd.o ABSOLUTE
    Utilities\STM32_EVAL\STM3210E_EVAL\stm3210e_eval.c 0x00000000   Number         0  stm3210e_eval.o ABSOLUTE
    cdrcmple.s                               0x00000000   Number         0  cdrcmple.o ABSOLUTE
    dc.s                                     0x00000000   Number         0  dc.o ABSOLUTE
    fatfs\diskio.c                           0x00000000   Number         0  diskio.o ABSOLUTE
    fatfs\ff.c                               0x00000000   Number         0  ff.o ABSOLUTE
    handlers.s                               0x00000000   Number         0  handlers.o ABSOLUTE
    init.s                                   0x00000000   Number         0  init.o ABSOLUTE
    main\main.c                              0x00000000   Number         0  main.o ABSOLUTE
    main\stm32f10x_it.c                      0x00000000   Number         0  stm32f10x_it.o ABSOLUTE
    retarget.c                               0x00000000   Number         0  retarget.o ABSOLUTE
    RESET                                    0x08000000   Section      304  startup_stm32f10x_hd.o(RESET)
    .ARM.Collect$$$$00000000                 0x08000130   Section        0  entry.o(.ARM.Collect$$$$00000000)
    .ARM.Collect$$$$00000001                 0x08000130   Section        4  entry2.o(.ARM.Collect$$$$00000001)
    .ARM.Collect$$$$00000004                 0x08000134   Section        4  entry5.o(.ARM.Collect$$$$00000004)
    .ARM.Collect$$$$00000008                 0x08000138   Section        0  entry7b.o(.ARM.Collect$$$$00000008)
    .ARM.Collect$$$$0000000A                 0x08000138   Section        0  entry8b.o(.ARM.Collect$$$$0000000A)
    .ARM.Collect$$$$0000000B                 0x08000138   Section        8  entry9a.o(.ARM.Collect$$$$0000000B)
    .ARM.Collect$$$$0000000D                 0x08000140   Section        0  entry10a.o(.ARM.Collect$$$$0000000D)
    .ARM.Collect$$$$0000000F                 0x08000140   Section        0  entry11a.o(.ARM.Collect$$$$0000000F)
    .ARM.Collect$$$$00002712                 0x08000140   Section        4  entry2.o(.ARM.Collect$$$$00002712)
    __lit__00000000                          0x08000140   Data           4  entry2.o(.ARM.Collect$$$$00002712)
    .emb_text                                0x08000144   Section      150  port.o(.emb_text)
    .text                                    0x080001dc   Section       36  startup_stm32f10x_hd.o(.text)
    .text                                    0x08000200   Section        0  memcpya.o(.text)
    .text                                    0x08000224   Section        0  memseta.o(.text)
    .text                                    0x08000248   Section        0  uldiv.o(.text)
    .text                                    0x080002ac   Section       36  init.o(.text)
    .text                                    0x080002d0   Section        0  llshl.o(.text)
    .text                                    0x080002ee   Section        0  llushr.o(.text)
    i.BusFault_Handler                       0x0800030e   Section        0  stm32f10x_it.o(i.BusFault_Handler)
    i.Data_sema1                             0x08000314   Section        0  main.o(i.Data_sema1)
    i.Data_sema2                             0x08000388   Section        0  main.o(i.Data_sema2)
    i.Data_sema3                             0x080003f0   Section        0  main.o(i.Data_sema3)
    i.DebugMon_Handler                       0x08000430   Section        0  stm32f10x_it.o(i.DebugMon_Handler)
    i.GPIO_Init                              0x08000432   Section        0  stm32f10x_gpio.o(i.GPIO_Init)
    i.GPIO_ResetBits                         0x08000548   Section        0  stm32f10x_gpio.o(i.GPIO_ResetBits)
    i.GPIO_SetBits                           0x0800054c   Section        0  stm32f10x_gpio.o(i.GPIO_SetBits)
    i.HardFault_Handler                      0x08000550   Section        0  stm32f10x_it.o(i.HardFault_Handler)
    i.MemManage_Handler                      0x08000554   Section        0  stm32f10x_it.o(i.MemManage_Handler)
    i.NMI_Handler                            0x08000558   Section        0  stm32f10x_it.o(i.NMI_Handler)
    i.RCC_APB2PeriphClockCmd                 0x0800055c   Section        0  stm32f10x_rcc.o(i.RCC_APB2PeriphClockCmd)
    i.RCC_GetClocksFreq                      0x0800057c   Section        0  stm32f10x_rcc.o(i.RCC_GetClocksFreq)
    i.SPI_Cmd                                0x08000650   Section        0  stm32f10x_spi.o(i.SPI_Cmd)
    i.SPI_I2S_GetFlagStatus                  0x08000668   Section        0  stm32f10x_spi.o(i.SPI_I2S_GetFlagStatus)
    i.SPI_I2S_ReceiveData                    0x0800067a   Section        0  stm32f10x_spi.o(i.SPI_I2S_ReceiveData)
    i.SPI_I2S_SendData                       0x08000680   Section        0  stm32f10x_spi.o(i.SPI_I2S_SendData)
    i.SPI_Init                               0x08000684   Section        0  stm32f10x_spi.o(i.SPI_Init)
    i.SendChar                               0x080006c0   Section        0  main.o(i.SendChar)
    i.SetSysClock                            0x080006e4   Section        0  system_stm32f10x.o(i.SetSysClock)
    SetSysClock                              0x080006e5   Thumb Code     8  system_stm32f10x.o(i.SetSysClock)
    i.SetSysClockTo72                        0x080006ec   Section        0  system_stm32f10x.o(i.SetSysClockTo72)
    SetSysClockTo72                          0x080006ed   Thumb Code   214  system_stm32f10x.o(i.SetSysClockTo72)
    i.SystemInit                             0x080007cc   Section        0  system_stm32f10x.o(i.SystemInit)
    i.USART_Cmd                              0x0800082c   Section        0  stm32f10x_usart.o(i.USART_Cmd)
    i.USART_Configure                        0x08000844   Section        0  main.o(i.USART_Configure)
    i.USART_GetFlagStatus                    0x080008c0   Section        0  stm32f10x_usart.o(i.USART_GetFlagStatus)
    i.USART_Init                             0x080008dc   Section        0  stm32f10x_usart.o(i.USART_Init)
    i.USART_SendData                         0x080009b4   Section        0  stm32f10x_usart.o(i.USART_SendData)
    i.UsageFault_Handler                     0x080009bc   Section        0  stm32f10x_it.o(i.UsageFault_Handler)
    i.__0printf$8                            0x080009c0   Section        0  printf8.o(i.__0printf$8)
    i.__scatterload_copy                     0x080009e0   Section       14  handlers.o(i.__scatterload_copy)
    i.__scatterload_null                     0x080009ee   Section        2  handlers.o(i.__scatterload_null)
    i.__scatterload_zeroinit                 0x080009f0   Section       14  handlers.o(i.__scatterload_zeroinit)
    i._printf_core                           0x08000a00   Section        0  printf8.o(i._printf_core)
    _printf_core                             0x08000a01   Thumb Code   996  printf8.o(i._printf_core)
    i._printf_post_padding                   0x08000e10   Section        0  printf8.o(i._printf_post_padding)
    _printf_post_padding                     0x08000e11   Thumb Code    36  printf8.o(i._printf_post_padding)
    i._printf_pre_padding                    0x08000e34   Section        0  printf8.o(i._printf_pre_padding)
    _printf_pre_padding                      0x08000e35   Thumb Code    46  printf8.o(i._printf_pre_padding)
    i.com_fun                                0x08000e64   Section        0  main.o(i.com_fun)
    i.eTaskGetState                          0x08000eb4   Section        0  tasks.o(i.eTaskGetState)
    i.fputc                                  0x08000f30   Section        0  retarget.o(i.fputc)
    i.get_task_info                          0x08000f40   Section        0  tom_common_api.o(i.get_task_info)
    i.main                                   0x080010a8   Section        0  main.o(i.main)
    i.main_FreeRTos                          0x0800117c   Section        0  main.o(i.main_FreeRTos)
    i.main_SPI                               0x080013fc   Section        0  spi_test.o(i.main_SPI)
    i.pcTaskGetName                          0x08001448   Section        0  tasks.o(i.pcTaskGetName)
    i.prvAddCurrentTaskToDelayedList         0x08001460   Section        0  tasks.o(i.prvAddCurrentTaskToDelayedList)
    prvAddCurrentTaskToDelayedList           0x08001461   Thumb Code   124  tasks.o(i.prvAddCurrentTaskToDelayedList)
    i.prvAddNewTaskToReadyList               0x080014f8   Section        0  tasks.o(i.prvAddNewTaskToReadyList)
    prvAddNewTaskToReadyList                 0x080014f9   Thumb Code   150  tasks.o(i.prvAddNewTaskToReadyList)
    i.prvCheckForValidListAndQueue           0x080015ac   Section        0  timers.o(i.prvCheckForValidListAndQueue)
    prvCheckForValidListAndQueue             0x080015ad   Thumb Code    56  timers.o(i.prvCheckForValidListAndQueue)
    i.prvCheckTasksWaitingTermination        0x080015f8   Section        0  tasks.o(i.prvCheckTasksWaitingTermination)
    prvCheckTasksWaitingTermination          0x080015f9   Thumb Code    60  tasks.o(i.prvCheckTasksWaitingTermination)
    i.prvCopyDataFromQueue                   0x08001640   Section        0  queue.o(i.prvCopyDataFromQueue)
    prvCopyDataFromQueue                     0x08001641   Thumb Code    42  queue.o(i.prvCopyDataFromQueue)
    i.prvCopyDataToQueue                     0x0800166a   Section        0  queue.o(i.prvCopyDataToQueue)
    prvCopyDataToQueue                       0x0800166b   Thumb Code   126  queue.o(i.prvCopyDataToQueue)
    i.prvDeleteTCB                           0x080016e8   Section        0  tasks.o(i.prvDeleteTCB)
    prvDeleteTCB                             0x080016e9   Thumb Code    18  tasks.o(i.prvDeleteTCB)
    i.prvGetDisinheritPriorityAfterTimeout   0x080016fa   Section        0  queue.o(i.prvGetDisinheritPriorityAfterTimeout)
    prvGetDisinheritPriorityAfterTimeout     0x080016fb   Thumb Code    20  queue.o(i.prvGetDisinheritPriorityAfterTimeout)
    i.prvGetNextExpireTime                   0x08001710   Section        0  timers.o(i.prvGetNextExpireTime)
    prvGetNextExpireTime                     0x08001711   Thumb Code    36  timers.o(i.prvGetNextExpireTime)
    i.prvHeapInit                            0x08001738   Section        0  heap_2.o(i.prvHeapInit)
    prvHeapInit                              0x08001739   Thumb Code    42  heap_2.o(i.prvHeapInit)
    i.prvIdleTask                            0x08001770   Section        0  tasks.o(i.prvIdleTask)
    prvIdleTask                              0x08001771   Thumb Code    32  tasks.o(i.prvIdleTask)
    i.prvInitialiseMutex                     0x08001798   Section        0  queue.o(i.prvInitialiseMutex)
    prvInitialiseMutex                       0x08001799   Thumb Code    30  queue.o(i.prvInitialiseMutex)
    i.prvInitialiseNewQueue                  0x080017b6   Section        0  queue.o(i.prvInitialiseNewQueue)
    prvInitialiseNewQueue                    0x080017b7   Thumb Code    38  queue.o(i.prvInitialiseNewQueue)
    i.prvInitialiseNewTask                   0x080017dc   Section        0  tasks.o(i.prvInitialiseNewTask)
    prvInitialiseNewTask                     0x080017dd   Thumb Code   154  tasks.o(i.prvInitialiseNewTask)
    i.prvInitialiseNewTimer                  0x08001876   Section        0  timers.o(i.prvInitialiseNewTimer)
    prvInitialiseNewTimer                    0x08001877   Thumb Code    58  timers.o(i.prvInitialiseNewTimer)
    i.prvInitialiseTaskLists                 0x080018b0   Section        0  tasks.o(i.prvInitialiseTaskLists)
    prvInitialiseTaskLists                   0x080018b1   Thumb Code    70  tasks.o(i.prvInitialiseTaskLists)
    i.prvInsertTimerInActiveList             0x08001918   Section        0  timers.o(i.prvInsertTimerInActiveList)
    prvInsertTimerInActiveList               0x08001919   Thumb Code    80  timers.o(i.prvInsertTimerInActiveList)
    i.prvIsQueueEmpty                        0x08001970   Section        0  queue.o(i.prvIsQueueEmpty)
    prvIsQueueEmpty                          0x08001971   Thumb Code    26  queue.o(i.prvIsQueueEmpty)
    i.prvIsQueueFull                         0x0800198a   Section        0  queue.o(i.prvIsQueueFull)
    prvIsQueueFull                           0x0800198b   Thumb Code    30  queue.o(i.prvIsQueueFull)
    i.prvProcessExpiredTimer                 0x080019a8   Section        0  timers.o(i.prvProcessExpiredTimer)
    prvProcessExpiredTimer                   0x080019a9   Thumb Code    86  timers.o(i.prvProcessExpiredTimer)
    i.prvProcessReceivedCommands             0x08001a04   Section        0  timers.o(i.prvProcessReceivedCommands)
    prvProcessReceivedCommands               0x08001a05   Thumb Code   246  timers.o(i.prvProcessReceivedCommands)
    i.prvProcessTimerOrBlockTask             0x08001b00   Section        0  timers.o(i.prvProcessTimerOrBlockTask)
    prvProcessTimerOrBlockTask               0x08001b01   Thumb Code   102  timers.o(i.prvProcessTimerOrBlockTask)
    i.prvResetNextTaskUnblockTime            0x08001b74   Section        0  tasks.o(i.prvResetNextTaskUnblockTime)
    prvResetNextTaskUnblockTime              0x08001b75   Thumb Code    42  tasks.o(i.prvResetNextTaskUnblockTime)
    i.prvSampleTimeNow                       0x08001ba8   Section        0  timers.o(i.prvSampleTimeNow)
    prvSampleTimeNow                         0x08001ba9   Thumb Code    40  timers.o(i.prvSampleTimeNow)
    i.prvSwitchTimerLists                    0x08001bd4   Section        0  timers.o(i.prvSwitchTimerLists)
    prvSwitchTimerLists                      0x08001bd5   Thumb Code   126  timers.o(i.prvSwitchTimerLists)
    i.prvTaskCheckFreeStackSpace             0x08001c5c   Section        0  tasks.o(i.prvTaskCheckFreeStackSpace)
    prvTaskCheckFreeStackSpace               0x08001c5d   Thumb Code    22  tasks.o(i.prvTaskCheckFreeStackSpace)
    i.prvTaskExitError                       0x08001c72   Section        0  port.o(i.prvTaskExitError)
    prvTaskExitError                         0x08001c73   Thumb Code    22  port.o(i.prvTaskExitError)
    i.prvTimerTask                           0x08001c88   Section        0  timers.o(i.prvTimerTask)
    prvTimerTask                             0x08001c89   Thumb Code    26  timers.o(i.prvTimerTask)
    i.prvUnlockQueue                         0x08001ca2   Section        0  queue.o(i.prvUnlockQueue)
    prvUnlockQueue                           0x08001ca3   Thumb Code   126  queue.o(i.prvUnlockQueue)
    i.pvPortMalloc                           0x08001d20   Section        0  heap_2.o(i.pvPortMalloc)
    i.pvTaskIncrementMutexHeldCount          0x08001dd8   Section        0  tasks.o(i.pvTaskIncrementMutexHeldCount)
    i.pxPortInitialiseStack                  0x08001df8   Section        0  port.o(i.pxPortInitialiseStack)
    i.sFLASH_Init                            0x08001e1c   Section        0  spi_flash.o(i.sFLASH_Init)
    i.sFLASH_ReadID                          0x08001ec0   Section        0  spi_flash.o(i.sFLASH_ReadID)
    i.sFLASH_SendByte                        0x08001f2c   Section        0  spi_flash.o(i.sFLASH_SendByte)
    i.test1Timer_HandleCallback              0x08001f64   Section        0  main.o(i.test1Timer_HandleCallback)
    i.uxListRemove                           0x08001f8c   Section        0  list.o(i.uxListRemove)
    i.uxTaskGetStackHighWaterMark            0x08001fb4   Section        0  tasks.o(i.uxTaskGetStackHighWaterMark)
    i.vListInitialise                        0x08001fdc   Section        0  list.o(i.vListInitialise)
    i.vListInitialiseItem                    0x08001ff6   Section        0  list.o(i.vListInitialiseItem)
    i.vListInsert                            0x08001ffc   Section        0  list.o(i.vListInsert)
    i.vListInsertEnd                         0x08002030   Section        0  list.o(i.vListInsertEnd)
    i.vPortEnterCritical                     0x08002048   Section        0  port.o(i.vPortEnterCritical)
    i.vPortExitCritical                      0x0800206c   Section        0  port.o(i.vPortExitCritical)
    i.vPortFree                              0x0800208c   Section        0  heap_2.o(i.vPortFree)
    i.vPortSetupTimerInterrupt               0x080020cc   Section        0  port.o(i.vPortSetupTimerInterrupt)
    i.vQueueWaitForMessageRestricted         0x080020e4   Section        0  queue.o(i.vQueueWaitForMessageRestricted)
    i.vTaskDelay                             0x08002130   Section        0  tasks.o(i.vTaskDelay)
    i.vTaskInternalSetTimeOutState           0x08002164   Section        0  tasks.o(i.vTaskInternalSetTimeOutState)
    i.vTaskMissedYield                       0x0800217c   Section        0  tasks.o(i.vTaskMissedYield)
    i.vTaskPlaceOnEventList                  0x08002188   Section        0  tasks.o(i.vTaskPlaceOnEventList)
    i.vTaskPlaceOnEventListRestricted        0x080021a8   Section        0  tasks.o(i.vTaskPlaceOnEventListRestricted)
    i.vTaskPriorityDisinheritAfterTimeout    0x080021d0   Section        0  tasks.o(i.vTaskPriorityDisinheritAfterTimeout)
    i.vTaskStartScheduler                    0x08002280   Section        0  tasks.o(i.vTaskStartScheduler)
    i.vTaskSuspendAll                        0x080022f0   Section        0  tasks.o(i.vTaskSuspendAll)
    i.vTaskSwitchContext                     0x08002300   Section        0  tasks.o(i.vTaskSwitchContext)
    i.xPortStartScheduler                    0x08002360   Section        0  port.o(i.xPortStartScheduler)
    i.xPortSysTickHandler                    0x08002394   Section        0  port.o(i.xPortSysTickHandler)
    i.xQueueCreateMutex                      0x080023d4   Section        0  queue.o(i.xQueueCreateMutex)
    i.xQueueGenericCreate                    0x080023f6   Section        0  queue.o(i.xQueueGenericCreate)
    i.xQueueGenericReset                     0x08002430   Section        0  queue.o(i.xQueueGenericReset)
    i.xQueueGenericSend                      0x080024b0   Section        0  queue.o(i.xQueueGenericSend)
    i.xQueueGenericSendFromISR               0x080025c8   Section        0  queue.o(i.xQueueGenericSendFromISR)
    i.xQueueReceive                          0x08002650   Section        0  queue.o(i.xQueueReceive)
    i.xQueueSemaphoreTake                    0x08002754   Section        0  queue.o(i.xQueueSemaphoreTake)
    i.xTaskCheckForTimeOut                   0x08002884   Section        0  tasks.o(i.xTaskCheckForTimeOut)
    i.xTaskCreate                            0x080028e0   Section        0  tasks.o(i.xTaskCreate)
    i.xTaskGetSchedulerState                 0x08002940   Section        0  tasks.o(i.xTaskGetSchedulerState)
    i.xTaskGetTickCount                      0x08002960   Section        0  tasks.o(i.xTaskGetTickCount)
    i.xTaskIncrementTick                     0x0800296c   Section        0  tasks.o(i.xTaskIncrementTick)
    i.xTaskPriorityDisinherit                0x08002a88   Section        0  tasks.o(i.xTaskPriorityDisinherit)
    i.xTaskPriorityInherit                   0x08002b0c   Section        0  tasks.o(i.xTaskPriorityInherit)
    i.xTaskRemoveFromEventList               0x08002bd4   Section        0  tasks.o(i.xTaskRemoveFromEventList)
    i.xTaskResumeAll                         0x08002c54   Section        0  tasks.o(i.xTaskResumeAll)
    i.xTimerCreate                           0x08002d3c   Section        0  timers.o(i.xTimerCreate)
    i.xTimerCreateTimerTask                  0x08002d74   Section        0  timers.o(i.xTimerCreateTimerTask)
    i.xTimerGenericCommand                   0x08002db0   Section        0  timers.o(i.xTimerGenericCommand)
    .constdata                               0x08002e1c   Section       81  main.o(.constdata)
    __func__                                 0x08002e1c   Data          26  main.o(.constdata)
    __func__                                 0x08002e36   Data           8  main.o(.constdata)
    __func__                                 0x08002e3e   Data          11  main.o(.constdata)
    __func__                                 0x08002e49   Data          11  main.o(.constdata)
    __func__                                 0x08002e54   Data          11  main.o(.constdata)
    __func__                                 0x08002e5f   Data          14  main.o(.constdata)
    .constdata                               0x08002e6d   Section       14  spi_flash.o(.constdata)
    __func__                                 0x08002e6d   Data          14  spi_flash.o(.constdata)
    .data                                    0x20000000   Section       32  main.o(.data)
    .data                                    0x20000020   Section        8  retarget.o(.data)
    .data                                    0x20000028   Section       20  stm32f10x_rcc.o(.data)
    APBAHBPrescTable                         0x20000028   Data          16  stm32f10x_rcc.o(.data)
    ADCPrescTable                            0x20000038   Data           4  stm32f10x_rcc.o(.data)
    .data                                    0x2000003c   Section       60  tasks.o(.data)
    pxDelayedTaskList                        0x20000040   Data           4  tasks.o(.data)
    pxOverflowDelayedTaskList                0x20000044   Data           4  tasks.o(.data)
    uxDeletedTasksWaitingCleanUp             0x20000048   Data           4  tasks.o(.data)
    uxCurrentNumberOfTasks                   0x2000004c   Data           4  tasks.o(.data)
    xTickCount                               0x20000050   Data           4  tasks.o(.data)
    uxTopReadyPriority                       0x20000054   Data           4  tasks.o(.data)
    xSchedulerRunning                        0x20000058   Data           4  tasks.o(.data)
    uxPendedTicks                            0x2000005c   Data           4  tasks.o(.data)
    xYieldPending                            0x20000060   Data           4  tasks.o(.data)
    xNumOfOverflows                          0x20000064   Data           4  tasks.o(.data)
    uxTaskNumber                             0x20000068   Data           4  tasks.o(.data)
    xNextTaskUnblockTime                     0x2000006c   Data           4  tasks.o(.data)
    xIdleTaskHandle                          0x20000070   Data           4  tasks.o(.data)
    uxSchedulerSuspended                     0x20000074   Data           4  tasks.o(.data)
    .data                                    0x20000078   Section       20  timers.o(.data)
    pxCurrentTimerList                       0x20000078   Data           4  timers.o(.data)
    pxOverflowTimerList                      0x2000007c   Data           4  timers.o(.data)
    xTimerQueue                              0x20000080   Data           4  timers.o(.data)
    xTimerTaskHandle                         0x20000084   Data           4  timers.o(.data)
    xLastTime                                0x20000088   Data           4  timers.o(.data)
    .data                                    0x2000008c   Section       24  heap_2.o(.data)
    xStart                                   0x2000008c   Data           8  heap_2.o(.data)
    xEnd                                     0x20000094   Data           8  heap_2.o(.data)
    xFreeBytesRemaining                      0x2000009c   Data           4  heap_2.o(.data)
    xHeapHasBeenInitialised                  0x200000a0   Data           4  heap_2.o(.data)
    .data                                    0x200000a4   Section        8  port.o(.data)
    uxCriticalNesting                        0x200000a4   Data           4  port.o(.data)
    .bss                                     0x200000ac   Section      200  tasks.o(.bss)
    pxReadyTasksLists                        0x200000ac   Data         100  tasks.o(.bss)
    xDelayedTaskList1                        0x20000110   Data          20  tasks.o(.bss)
    xDelayedTaskList2                        0x20000124   Data          20  tasks.o(.bss)
    xPendingReadyList                        0x20000138   Data          20  tasks.o(.bss)
    xTasksWaitingTermination                 0x2000014c   Data          20  tasks.o(.bss)
    xSuspendedTaskList                       0x20000160   Data          20  tasks.o(.bss)
    .bss                                     0x20000174   Section       40  timers.o(.bss)
    xActiveTimerList1                        0x20000174   Data          20  timers.o(.bss)
    xActiveTimerList2                        0x20000188   Data          20  timers.o(.bss)
    .bss                                     0x2000019c   Section    17408  heap_2.o(.bss)
    ucHeap                                   0x2000019c   Data       17408  heap_2.o(.bss)
    STACK                                    0x200045a0   Section      512  startup_stm32f10x_hd.o(STACK)

    Global Symbols

    Symbol Name                              Value     Ov Type        Size  Object(Section)

    BuildAttributes$$THM_ISAv4$P$D$K$B$S$PE$A:L22UL41UL21$X:L11$S22US41US21$IEEE1$IW$USESV6$~STKCKD$USESV7$~SHL$OSPACE$ROPI$EBA8$MICROLIB$REQ8$PRES8$EABIv2 0x00000000   Number         0  anon$$obj.o ABSOLUTE
    __ARM_use_no_argv                        0x00000000   Number         0  main.o ABSOLUTE
    __use_no_errno                           0x00000000   Number         0  useno.o ABSOLUTE
    __use_no_exception_handling              0x00000000   Number         0  useno.o ABSOLUTE
    __use_no_fp                              0x00000000   Number         0  useno.o ABSOLUTE
    __use_no_heap                            0x00000000   Number         0  useno.o ABSOLUTE
    __use_no_heap_region                     0x00000000   Number         0  useno.o ABSOLUTE
    __use_no_semihosting                     0x00000000   Number         0  useno.o ABSOLUTE
    __use_no_semihosting_swi                 0x00000000   Number         0  useno.o ABSOLUTE
    __use_no_signal_handling                 0x00000000   Number         0  useno.o ABSOLUTE
    _printf_a                                0x00000000   Number         0  stubs.o ABSOLUTE
    _printf_c                                0x00000000   Number         0  stubs.o ABSOLUTE
    _printf_charcount                        0x00000000   Number         0  stubs.o ABSOLUTE
    _printf_d                                0x00000000   Number         0  stubs.o ABSOLUTE
    _printf_e                                0x00000000   Number         0  stubs.o ABSOLUTE
    _printf_f                                0x00000000   Number         0  stubs.o ABSOLUTE
    _printf_flags                            0x00000000   Number         0  stubs.o ABSOLUTE
    _printf_fp_dec                           0x00000000   Number         0  stubs.o ABSOLUTE
    _printf_fp_hex                           0x00000000   Number         0  stubs.o ABSOLUTE
    _printf_g                                0x00000000   Number         0  stubs.o ABSOLUTE
    _printf_i                                0x00000000   Number         0  stubs.o ABSOLUTE
    _printf_int_dec                          0x00000000   Number         0  stubs.o ABSOLUTE
    _printf_l                                0x00000000   Number         0  stubs.o ABSOLUTE
    _printf_lc                               0x00000000   Number         0  stubs.o ABSOLUTE
    _printf_ll                               0x00000000   Number         0  stubs.o ABSOLUTE
    _printf_lld                              0x00000000   Number         0  stubs.o ABSOLUTE
    _printf_lli                              0x00000000   Number         0  stubs.o ABSOLUTE
    _printf_llo                              0x00000000   Number         0  stubs.o ABSOLUTE
    _printf_llu                              0x00000000   Number         0  stubs.o ABSOLUTE
    _printf_llx                              0x00000000   Number         0  stubs.o ABSOLUTE
    _printf_longlong_dec                     0x00000000   Number         0  stubs.o ABSOLUTE
    _printf_longlong_hex                     0x00000000   Number         0  stubs.o ABSOLUTE
    _printf_longlong_oct                     0x00000000   Number         0  stubs.o ABSOLUTE
    _printf_ls                               0x00000000   Number         0  stubs.o ABSOLUTE
    _printf_mbtowc                           0x00000000   Number         0  stubs.o ABSOLUTE
    _printf_n                                0x00000000   Number         0  stubs.o ABSOLUTE
    _printf_o                                0x00000000   Number         0  stubs.o ABSOLUTE
    _printf_p                                0x00000000   Number         0  stubs.o ABSOLUTE
    _printf_percent                          0x00000000   Number         0  stubs.o ABSOLUTE
    _printf_pre_padding                      0x00000000   Number         0  stubs.o ABSOLUTE
    _printf_return_value                     0x00000000   Number         0  stubs.o ABSOLUTE
    _printf_s                                0x00000000   Number         0  stubs.o ABSOLUTE
    _printf_sizespec                         0x00000000   Number         0  stubs.o ABSOLUTE
    _printf_str                              0x00000000   Number         0  stubs.o ABSOLUTE
    _printf_truncate_signed                  0x00000000   Number         0  stubs.o ABSOLUTE
    _printf_truncate_unsigned                0x00000000   Number         0  stubs.o ABSOLUTE
    _printf_u                                0x00000000   Number         0  stubs.o ABSOLUTE
    _printf_wc                               0x00000000   Number         0  stubs.o ABSOLUTE
    _printf_wctomb                           0x00000000   Number         0  stubs.o ABSOLUTE
    _printf_widthprec                        0x00000000   Number         0  stubs.o ABSOLUTE
    _printf_x                                0x00000000   Number         0  stubs.o ABSOLUTE
    __cpp_initialize__aeabi_                  - Undefined Weak Reference
    __cxa_finalize                            - Undefined Weak Reference
    __decompress                              - Undefined Weak Reference
    _clock_init                               - Undefined Weak Reference
    _microlib_exit                            - Undefined Weak Reference
    __Vectors_Size                           0x00000130   Number         0  startup_stm32f10x_hd.o ABSOLUTE
    __Vectors                                0x08000000   Data           4  startup_stm32f10x_hd.o(RESET)
    __Vectors_End                            0x08000130   Data           0  startup_stm32f10x_hd.o(RESET)
    __main                                   0x08000131   Thumb Code     0  entry.o(.ARM.Collect$$$$00000000)
    _main_stk                                0x08000131   Thumb Code     0  entry2.o(.ARM.Collect$$$$00000001)
    _main_scatterload                        0x08000135   Thumb Code     0  entry5.o(.ARM.Collect$$$$00000004)
    __main_after_scatterload                 0x08000139   Thumb Code     0  entry5.o(.ARM.Collect$$$$00000004)
    _main_clock                              0x08000139   Thumb Code     0  entry7b.o(.ARM.Collect$$$$00000008)
    _main_cpp_init                           0x08000139   Thumb Code     0  entry8b.o(.ARM.Collect$$$$0000000A)
    _main_init                               0x08000139   Thumb Code     0  entry9a.o(.ARM.Collect$$$$0000000B)
    __rt_final_cpp                           0x08000141   Thumb Code     0  entry10a.o(.ARM.Collect$$$$0000000D)
    __rt_final_exit                          0x08000141   Thumb Code     0  entry11a.o(.ARM.Collect$$$$0000000F)
    xPortSVCHandler                          0x08000145   Thumb Code    32  port.o(.emb_text)
    __asm___6_port_c_39a90d8d__prvStartFirstTask 0x08000169   Thumb Code    28  port.o(.emb_text)
    xPortPendSVHandler                       0x08000189   Thumb Code    72  port.o(.emb_text)
    vPortGetIPSR                             0x080001d5   Thumb Code     6  port.o(.emb_text)
    Reset_Handler                            0x080001dd   Thumb Code     8  startup_stm32f10x_hd.o(.text)
    ADC1_2_IRQHandler                        0x080001f7   Thumb Code     0  startup_stm32f10x_hd.o(.text)
    ADC3_IRQHandler                          0x080001f7   Thumb Code     0  startup_stm32f10x_hd.o(.text)
    CAN1_RX1_IRQHandler                      0x080001f7   Thumb Code     0  startup_stm32f10x_hd.o(.text)
    CAN1_SCE_IRQHandler                      0x080001f7   Thumb Code     0  startup_stm32f10x_hd.o(.text)
    DMA1_Channel1_IRQHandler                 0x080001f7   Thumb Code     0  startup_stm32f10x_hd.o(.text)
    DMA1_Channel2_IRQHandler                 0x080001f7   Thumb Code     0  startup_stm32f10x_hd.o(.text)
    DMA1_Channel3_IRQHandler                 0x080001f7   Thumb Code     0  startup_stm32f10x_hd.o(.text)
    DMA1_Channel4_IRQHandler                 0x080001f7   Thumb Code     0  startup_stm32f10x_hd.o(.text)
    DMA1_Channel5_IRQHandler                 0x080001f7   Thumb Code     0  startup_stm32f10x_hd.o(.text)
    DMA1_Channel6_IRQHandler                 0x080001f7   Thumb Code     0  startup_stm32f10x_hd.o(.text)
    DMA1_Channel7_IRQHandler                 0x080001f7   Thumb Code     0  startup_stm32f10x_hd.o(.text)
    DMA2_Channel1_IRQHandler                 0x080001f7   Thumb Code     0  startup_stm32f10x_hd.o(.text)
    DMA2_Channel2_IRQHandler                 0x080001f7   Thumb Code     0  startup_stm32f10x_hd.o(.text)
    DMA2_Channel3_IRQHandler                 0x080001f7   Thumb Code     0  startup_stm32f10x_hd.o(.text)
    DMA2_Channel4_5_IRQHandler               0x080001f7   Thumb Code     0  startup_stm32f10x_hd.o(.text)
    EXTI0_IRQHandler                         0x080001f7   Thumb Code     0  startup_stm32f10x_hd.o(.text)
    EXTI15_10_IRQHandler                     0x080001f7   Thumb Code     0  startup_stm32f10x_hd.o(.text)
    EXTI1_IRQHandler                         0x080001f7   Thumb Code     0  startup_stm32f10x_hd.o(.text)
    EXTI2_IRQHandler                         0x080001f7   Thumb Code     0  startup_stm32f10x_hd.o(.text)
    EXTI3_IRQHandler                         0x080001f7   Thumb Code     0  startup_stm32f10x_hd.o(.text)
    EXTI4_IRQHandler                         0x080001f7   Thumb Code     0  startup_stm32f10x_hd.o(.text)
    EXTI9_5_IRQHandler                       0x080001f7   Thumb Code     0  startup_stm32f10x_hd.o(.text)
    FLASH_IRQHandler                         0x080001f7   Thumb Code     0  startup_stm32f10x_hd.o(.text)
    FSMC_IRQHandler                          0x080001f7   Thumb Code     0  startup_stm32f10x_hd.o(.text)
    I2C1_ER_IRQHandler                       0x080001f7   Thumb Code     0  startup_stm32f10x_hd.o(.text)
    I2C1_EV_IRQHandler                       0x080001f7   Thumb Code     0  startup_stm32f10x_hd.o(.text)
    I2C2_ER_IRQHandler                       0x080001f7   Thumb Code     0  startup_stm32f10x_hd.o(.text)
    I2C2_EV_IRQHandler                       0x080001f7   Thumb Code     0  startup_stm32f10x_hd.o(.text)
    PVD_IRQHandler                           0x080001f7   Thumb Code     0  startup_stm32f10x_hd.o(.text)
    RCC_IRQHandler                           0x080001f7   Thumb Code     0  startup_stm32f10x_hd.o(.text)
    RTCAlarm_IRQHandler                      0x080001f7   Thumb Code     0  startup_stm32f10x_hd.o(.text)
    RTC_IRQHandler                           0x080001f7   Thumb Code     0  startup_stm32f10x_hd.o(.text)
    SDIO_IRQHandler                          0x080001f7   Thumb Code     0  startup_stm32f10x_hd.o(.text)
    SPI1_IRQHandler                          0x080001f7   Thumb Code     0  startup_stm32f10x_hd.o(.text)
    SPI2_IRQHandler                          0x080001f7   Thumb Code     0  startup_stm32f10x_hd.o(.text)
    SPI3_IRQHandler                          0x080001f7   Thumb Code     0  startup_stm32f10x_hd.o(.text)
    TAMPER_IRQHandler                        0x080001f7   Thumb Code     0  startup_stm32f10x_hd.o(.text)
    TIM1_BRK_IRQHandler                      0x080001f7   Thumb Code     0  startup_stm32f10x_hd.o(.text)
    TIM1_CC_IRQHandler                       0x080001f7   Thumb Code     0  startup_stm32f10x_hd.o(.text)
    TIM1_TRG_COM_IRQHandler                  0x080001f7   Thumb Code     0  startup_stm32f10x_hd.o(.text)
    TIM1_UP_IRQHandler                       0x080001f7   Thumb Code     0  startup_stm32f10x_hd.o(.text)
    TIM2_IRQHandler                          0x080001f7   Thumb Code     0  startup_stm32f10x_hd.o(.text)
    TIM3_IRQHandler                          0x080001f7   Thumb Code     0  startup_stm32f10x_hd.o(.text)
    TIM4_IRQHandler                          0x080001f7   Thumb Code     0  startup_stm32f10x_hd.o(.text)
    TIM5_IRQHandler                          0x080001f7   Thumb Code     0  startup_stm32f10x_hd.o(.text)
    TIM6_IRQHandler                          0x080001f7   Thumb Code     0  startup_stm32f10x_hd.o(.text)
    TIM7_IRQHandler                          0x080001f7   Thumb Code     0  startup_stm32f10x_hd.o(.text)
    TIM8_BRK_IRQHandler                      0x080001f7   Thumb Code     0  startup_stm32f10x_hd.o(.text)
    TIM8_CC_IRQHandler                       0x080001f7   Thumb Code     0  startup_stm32f10x_hd.o(.text)
    TIM8_TRG_COM_IRQHandler                  0x080001f7   Thumb Code     0  startup_stm32f10x_hd.o(.text)
    TIM8_UP_IRQHandler                       0x080001f7   Thumb Code     0  startup_stm32f10x_hd.o(.text)
    UART4_IRQHandler                         0x080001f7   Thumb Code     0  startup_stm32f10x_hd.o(.text)
    UART5_IRQHandler                         0x080001f7   Thumb Code     0  startup_stm32f10x_hd.o(.text)
    USART1_IRQHandler                        0x080001f7   Thumb Code     0  startup_stm32f10x_hd.o(.text)
    USART2_IRQHandler                        0x080001f7   Thumb Code     0  startup_stm32f10x_hd.o(.text)
    USART3_IRQHandler                        0x080001f7   Thumb Code     0  startup_stm32f10x_hd.o(.text)
    USBWakeUp_IRQHandler                     0x080001f7   Thumb Code     0  startup_stm32f10x_hd.o(.text)
    USB_HP_CAN1_TX_IRQHandler                0x080001f7   Thumb Code     0  startup_stm32f10x_hd.o(.text)
    USB_LP_CAN1_RX0_IRQHandler               0x080001f7   Thumb Code     0  startup_stm32f10x_hd.o(.text)
    WWDG_IRQHandler                          0x080001f7   Thumb Code     0  startup_stm32f10x_hd.o(.text)
    __aeabi_memcpy                           0x08000201   Thumb Code    36  memcpya.o(.text)
    __aeabi_memcpy4                          0x08000201   Thumb Code     0  memcpya.o(.text)
    __aeabi_memcpy8                          0x08000201   Thumb Code     0  memcpya.o(.text)
    __aeabi_memset                           0x08000225   Thumb Code    14  memseta.o(.text)
    __aeabi_memset4                          0x08000225   Thumb Code     0  memseta.o(.text)
    __aeabi_memset8                          0x08000225   Thumb Code     0  memseta.o(.text)
    __aeabi_memclr                           0x08000233   Thumb Code     4  memseta.o(.text)
    __aeabi_memclr4                          0x08000233   Thumb Code     0  memseta.o(.text)
    __aeabi_memclr8                          0x08000233   Thumb Code     0  memseta.o(.text)
    _memset$wrapper                          0x08000237   Thumb Code    18  memseta.o(.text)
    __aeabi_uldivmod                         0x08000249   Thumb Code    98  uldiv.o(.text)
    __scatterload                            0x080002ad   Thumb Code    28  init.o(.text)
    __scatterload_rt2                        0x080002ad   Thumb Code     0  init.o(.text)
    __aeabi_llsl                             0x080002d1   Thumb Code    30  llshl.o(.text)
    _ll_shift_l                              0x080002d1   Thumb Code     0  llshl.o(.text)
    __aeabi_llsr                             0x080002ef   Thumb Code    32  llushr.o(.text)
    _ll_ushift_r                             0x080002ef   Thumb Code     0  llushr.o(.text)
    BusFault_Handler                         0x0800030f   Thumb Code     4  stm32f10x_it.o(i.BusFault_Handler)
    Data_sema1                               0x08000315   Thumb Code    78  main.o(i.Data_sema1)
    Data_sema2                               0x08000389   Thumb Code    70  main.o(i.Data_sema2)
    Data_sema3                               0x080003f1   Thumb Code    34  main.o(i.Data_sema3)
    DebugMon_Handler                         0x08000431   Thumb Code     2  stm32f10x_it.o(i.DebugMon_Handler)
    GPIO_Init                                0x08000433   Thumb Code   278  stm32f10x_gpio.o(i.GPIO_Init)
    GPIO_ResetBits                           0x08000549   Thumb Code     4  stm32f10x_gpio.o(i.GPIO_ResetBits)
    GPIO_SetBits                             0x0800054d   Thumb Code     4  stm32f10x_gpio.o(i.GPIO_SetBits)
    HardFault_Handler                        0x08000551   Thumb Code     4  stm32f10x_it.o(i.HardFault_Handler)
    MemManage_Handler                        0x08000555   Thumb Code     4  stm32f10x_it.o(i.MemManage_Handler)
    NMI_Handler                              0x08000559   Thumb Code     2  stm32f10x_it.o(i.NMI_Handler)
    RCC_APB2PeriphClockCmd                   0x0800055d   Thumb Code    26  stm32f10x_rcc.o(i.RCC_APB2PeriphClockCmd)
    RCC_GetClocksFreq                        0x0800057d   Thumb Code   192  stm32f10x_rcc.o(i.RCC_GetClocksFreq)
    SPI_Cmd                                  0x08000651   Thumb Code    24  stm32f10x_spi.o(i.SPI_Cmd)
    SPI_I2S_GetFlagStatus                    0x08000669   Thumb Code    18  stm32f10x_spi.o(i.SPI_I2S_GetFlagStatus)
    SPI_I2S_ReceiveData                      0x0800067b   Thumb Code     6  stm32f10x_spi.o(i.SPI_I2S_ReceiveData)
    SPI_I2S_SendData                         0x08000681   Thumb Code     4  stm32f10x_spi.o(i.SPI_I2S_SendData)
    SPI_Init                                 0x08000685   Thumb Code    60  stm32f10x_spi.o(i.SPI_Init)
    SendChar                                 0x080006c1   Thumb Code    30  main.o(i.SendChar)
    SystemInit                               0x080007cd   Thumb Code    78  system_stm32f10x.o(i.SystemInit)
    USART_Cmd                                0x0800082d   Thumb Code    24  stm32f10x_usart.o(i.USART_Cmd)
    USART_Configure                          0x08000845   Thumb Code   116  main.o(i.USART_Configure)
    USART_GetFlagStatus                      0x080008c1   Thumb Code    26  stm32f10x_usart.o(i.USART_GetFlagStatus)
    USART_Init                               0x080008dd   Thumb Code   210  stm32f10x_usart.o(i.USART_Init)
    USART_SendData                           0x080009b5   Thumb Code     8  stm32f10x_usart.o(i.USART_SendData)
    UsageFault_Handler                       0x080009bd   Thumb Code     4  stm32f10x_it.o(i.UsageFault_Handler)
    __0printf$8                              0x080009c1   Thumb Code    22  printf8.o(i.__0printf$8)
    __1printf$8                              0x080009c1   Thumb Code     0  printf8.o(i.__0printf$8)
    __2printf                                0x080009c1   Thumb Code     0  printf8.o(i.__0printf$8)
    __scatterload_copy                       0x080009e1   Thumb Code    14  handlers.o(i.__scatterload_copy)
    __scatterload_null                       0x080009ef   Thumb Code     2  handlers.o(i.__scatterload_null)
    __scatterload_zeroinit                   0x080009f1   Thumb Code    14  handlers.o(i.__scatterload_zeroinit)
    com_fun                                  0x08000e65   Thumb Code    36  main.o(i.com_fun)
    eTaskGetState                            0x08000eb5   Thumb Code   104  tasks.o(i.eTaskGetState)
    fputc                                    0x08000f31   Thumb Code    14  retarget.o(i.fputc)
    get_task_info                            0x08000f41   Thumb Code   130  tom_common_api.o(i.get_task_info)
    main                                     0x080010a9   Thumb Code    92  main.o(i.main)
    main_FreeRTos                            0x0800117d   Thumb Code   224  main.o(i.main_FreeRTos)
    main_SPI                                 0x080013fd   Thumb Code    36  spi_test.o(i.main_SPI)
    pcTaskGetName                            0x08001449   Thumb Code    20  tasks.o(i.pcTaskGetName)
    pvPortMalloc                             0x08001d21   Thumb Code   166  heap_2.o(i.pvPortMalloc)
    pvTaskIncrementMutexHeldCount            0x08001dd9   Thumb Code    26  tasks.o(i.pvTaskIncrementMutexHeldCount)
    pxPortInitialiseStack                    0x08001df9   Thumb Code    30  port.o(i.pxPortInitialiseStack)
    sFLASH_Init                              0x08001e1d   Thumb Code   156  spi_flash.o(i.sFLASH_Init)
    sFLASH_ReadID                            0x08001ec1   Thumb Code    84  spi_flash.o(i.sFLASH_ReadID)
    sFLASH_SendByte                          0x08001f2d   Thumb Code    50  spi_flash.o(i.sFLASH_SendByte)
    test1Timer_HandleCallback                0x08001f65   Thumb Code    14  main.o(i.test1Timer_HandleCallback)
    uxListRemove                             0x08001f8d   Thumb Code    40  list.o(i.uxListRemove)
    uxTaskGetStackHighWaterMark              0x08001fb5   Thumb Code    34  tasks.o(i.uxTaskGetStackHighWaterMark)
    vListInitialise                          0x08001fdd   Thumb Code    26  list.o(i.vListInitialise)
    vListInitialiseItem                      0x08001ff7   Thumb Code     6  list.o(i.vListInitialiseItem)
    vListInsert                              0x08001ffd   Thumb Code    52  list.o(i.vListInsert)
    vListInsertEnd                           0x08002031   Thumb Code    24  list.o(i.vListInsertEnd)
    vPortEnterCritical                       0x08002049   Thumb Code    30  port.o(i.vPortEnterCritical)
    vPortExitCritical                        0x0800206d   Thumb Code    28  port.o(i.vPortExitCritical)
    vPortFree                                0x0800208d   Thumb Code    56  heap_2.o(i.vPortFree)
    vPortSetupTimerInterrupt                 0x080020cd   Thumb Code    20  port.o(i.vPortSetupTimerInterrupt)
    vQueueWaitForMessageRestricted           0x080020e5   Thumb Code    74  queue.o(i.vQueueWaitForMessageRestricted)
    vTaskDelay                               0x08002131   Thumb Code    46  tasks.o(i.vTaskDelay)
    vTaskInternalSetTimeOutState             0x08002165   Thumb Code    14  tasks.o(i.vTaskInternalSetTimeOutState)
    vTaskMissedYield                         0x0800217d   Thumb Code     8  tasks.o(i.vTaskMissedYield)
    vTaskPlaceOnEventList                    0x08002189   Thumb Code    28  tasks.o(i.vTaskPlaceOnEventList)
    vTaskPlaceOnEventListRestricted          0x080021a9   Thumb Code    36  tasks.o(i.vTaskPlaceOnEventListRestricted)
    vTaskPriorityDisinheritAfterTimeout      0x080021d1   Thumb Code   166  tasks.o(i.vTaskPriorityDisinheritAfterTimeout)
    vTaskStartScheduler                      0x08002281   Thumb Code    82  tasks.o(i.vTaskStartScheduler)
    vTaskSuspendAll                          0x080022f1   Thumb Code    12  tasks.o(i.vTaskSuspendAll)
    vTaskSwitchContext                       0x08002301   Thumb Code    76  tasks.o(i.vTaskSwitchContext)
    xPortStartScheduler                      0x08002361   Thumb Code    42  port.o(i.xPortStartScheduler)
    xPortSysTickHandler                      0x08002395   Thumb Code    56  port.o(i.xPortSysTickHandler)
    xQueueCreateMutex                        0x080023d5   Thumb Code    34  queue.o(i.xQueueCreateMutex)
    xQueueGenericCreate                      0x080023f7   Thumb Code    58  queue.o(i.xQueueGenericCreate)
    xQueueGenericReset                       0x08002431   Thumb Code   122  queue.o(i.xQueueGenericReset)
    xQueueGenericSend                        0x080024b1   Thumb Code   276  queue.o(i.xQueueGenericSend)
    xQueueGenericSendFromISR                 0x080025c9   Thumb Code   134  queue.o(i.xQueueGenericSendFromISR)
    xQueueReceive                            0x08002651   Thumb Code   256  queue.o(i.xQueueReceive)
    xQueueSemaphoreTake                      0x08002755   Thumb Code   300  queue.o(i.xQueueSemaphoreTake)
    xTaskCheckForTimeOut                     0x08002885   Thumb Code    84  tasks.o(i.xTaskCheckForTimeOut)
    xTaskCreate                              0x080028e1   Thumb Code    96  tasks.o(i.xTaskCreate)
    xTaskGetSchedulerState                   0x08002941   Thumb Code    24  tasks.o(i.xTaskGetSchedulerState)
    xTaskGetTickCount                        0x08002961   Thumb Code     6  tasks.o(i.xTaskGetTickCount)
    xTaskIncrementTick                       0x0800296d   Thumb Code   238  tasks.o(i.xTaskIncrementTick)
    xTaskPriorityDisinherit                  0x08002a89   Thumb Code   122  tasks.o(i.xTaskPriorityDisinherit)
    xTaskPriorityInherit                     0x08002b0d   Thumb Code   186  tasks.o(i.xTaskPriorityInherit)
    xTaskRemoveFromEventList                 0x08002bd5   Thumb Code   104  tasks.o(i.xTaskRemoveFromEventList)
    xTaskResumeAll                           0x08002c55   Thumb Code   196  tasks.o(i.xTaskResumeAll)
    xTimerCreate                             0x08002d3d   Thumb Code    54  timers.o(i.xTimerCreate)
    xTimerCreateTimerTask                    0x08002d75   Thumb Code    40  timers.o(i.xTimerCreateTimerTask)
    xTimerGenericCommand                     0x08002db1   Thumb Code   102  timers.o(i.xTimerGenericCommand)
    Region$$Table$$Base                      0x08002e7c   Number         0  anon$$obj.o(Region$$Table)
    Region$$Table$$Limit                     0x08002e9c   Number         0  anon$$obj.o(Region$$Table)
    data_pack_task                           0x20000000   Data           4  main.o(.data)
    data_transfer_task                       0x20000004   Data           4  main.o(.data)
    data_sema                                0x20000008   Data           4  main.o(.data)
    test1Timer_Handle                        0x2000000c   Data           4  main.o(.data)
    xSemaphore_mutex                         0x20000010   Data           4  main.o(.data)
    xSemaphore_binary1                       0x20000014   Data           4  main.o(.data)
    xSemaphore_binary2                       0x20000018   Data           4  main.o(.data)
    tom_global                               0x2000001c   Data           4  main.o(.data)
    __stdout                                 0x20000020   Data           4  retarget.o(.data)
    __stdin                                  0x20000024   Data           4  retarget.o(.data)
    pxCurrentTCB                             0x2000003c   Data           4  tasks.o(.data)
    tom_cnt                                  0x200000a8   Data           4  port.o(.data)
    __initial_sp                             0x200047a0   Data           0  startup_stm32f10x_hd.o(STACK)



==============================================================================

Memory Map of the image

  Image Entry point : 0x08000131

  Load Region LR_IROM1 (Base: 0x08000000, Size: 0x00002f48, Max: 0x00040000, ABSOLUTE)

    Execution Region ER_IROM1 (Base: 0x08000000, Size: 0x00002e9c, Max: 0x00040000, ABSOLUTE)

    Base Addr    Size         Type   Attr      Idx    E Section Name        Object

    0x08000000   0x00000130   Data   RO          429    RESET               startup_stm32f10x_hd.o
    0x08000130   0x00000000   Code   RO         4946  * .ARM.Collect$$$$00000000  mc_w.l(entry.o)
    0x08000130   0x00000004   Code   RO         5216    .ARM.Collect$$$$00000001  mc_w.l(entry2.o)
    0x08000134   0x00000004   Code   RO         5219    .ARM.Collect$$$$00000004  mc_w.l(entry5.o)
    0x08000138   0x00000000   Code   RO         5221    .ARM.Collect$$$$00000008  mc_w.l(entry7b.o)
    0x08000138   0x00000000   Code   RO         5223    .ARM.Collect$$$$0000000A  mc_w.l(entry8b.o)
    0x08000138   0x00000008   Code   RO         5224    .ARM.Collect$$$$0000000B  mc_w.l(entry9a.o)
    0x08000140   0x00000000   Code   RO         5226    .ARM.Collect$$$$0000000D  mc_w.l(entry10a.o)
    0x08000140   0x00000000   Code   RO         5228    .ARM.Collect$$$$0000000F  mc_w.l(entry11a.o)
    0x08000140   0x00000004   Code   RO         5217    .ARM.Collect$$$$00002712  mc_w.l(entry2.o)
    0x08000144   0x00000096   Code   RO         4126    .emb_text           port.o
    0x080001da   0x00000002   PAD
    0x080001dc   0x00000024   Code   RO          430    .text               startup_stm32f10x_hd.o
    0x08000200   0x00000024   Code   RO         4949    .text               mc_w.l(memcpya.o)
    0x08000224   0x00000024   Code   RO         4951    .text               mc_w.l(memseta.o)
    0x08000248   0x00000062   Code   RO         5232    .text               mc_w.l(uldiv.o)
    0x080002aa   0x00000002   PAD
    0x080002ac   0x00000024   Code   RO         5245    .text               mc_w.l(init.o)
    0x080002d0   0x0000001e   Code   RO         5247    .text               mc_w.l(llshl.o)
    0x080002ee   0x00000020   Code   RO         5249    .text               mc_w.l(llushr.o)
    0x0800030e   0x00000004   Code   RO          223    i.BusFault_Handler  stm32f10x_it.o
    0x08000312   0x00000002   PAD
    0x08000314   0x00000074   Code   RO            1    i.Data_sema1        main.o
    0x08000388   0x00000068   Code   RO            2    i.Data_sema2        main.o
    0x080003f0   0x00000040   Code   RO            3    i.Data_sema3        main.o
    0x08000430   0x00000002   Code   RO          224    i.DebugMon_Handler  stm32f10x_it.o
    0x08000432   0x00000116   Code   RO         1585    i.GPIO_Init         stm32f10x_gpio.o
    0x08000548   0x00000004   Code   RO         1592    i.GPIO_ResetBits    stm32f10x_gpio.o
    0x0800054c   0x00000004   Code   RO         1593    i.GPIO_SetBits      stm32f10x_gpio.o
    0x08000550   0x00000004   Code   RO          225    i.HardFault_Handler  stm32f10x_it.o
    0x08000554   0x00000004   Code   RO          226    i.MemManage_Handler  stm32f10x_it.o
    0x08000558   0x00000002   Code   RO          227    i.NMI_Handler       stm32f10x_it.o
    0x0800055a   0x00000002   PAD
    0x0800055c   0x00000020   Code   RO         2003    i.RCC_APB2PeriphClockCmd  stm32f10x_rcc.o
    0x0800057c   0x000000d4   Code   RO         2011    i.RCC_GetClocksFreq  stm32f10x_rcc.o
    0x08000650   0x00000018   Code   RO         2480    i.SPI_Cmd           stm32f10x_spi.o
    0x08000668   0x00000012   Code   RO         2488    i.SPI_I2S_GetFlagStatus  stm32f10x_spi.o
    0x0800067a   0x00000006   Code   RO         2491    i.SPI_I2S_ReceiveData  stm32f10x_spi.o
    0x08000680   0x00000004   Code   RO         2492    i.SPI_I2S_SendData  stm32f10x_spi.o
    0x08000684   0x0000003c   Code   RO         2493    i.SPI_Init          stm32f10x_spi.o
    0x080006c0   0x00000024   Code   RO            4    i.SendChar          main.o
    0x080006e4   0x00000008   Code   RO          374    i.SetSysClock       system_stm32f10x.o
    0x080006ec   0x000000e0   Code   RO          375    i.SetSysClockTo72   system_stm32f10x.o
    0x080007cc   0x00000060   Code   RO          377    i.SystemInit        system_stm32f10x.o
    0x0800082c   0x00000018   Code   RO         3171    i.USART_Cmd         stm32f10x_usart.o
    0x08000844   0x0000007c   Code   RO            5    i.USART_Configure   main.o
    0x080008c0   0x0000001a   Code   RO         3174    i.USART_GetFlagStatus  stm32f10x_usart.o
    0x080008da   0x00000002   PAD
    0x080008dc   0x000000d8   Code   RO         3178    i.USART_Init        stm32f10x_usart.o
    0x080009b4   0x00000008   Code   RO         3188    i.USART_SendData    stm32f10x_usart.o
    0x080009bc   0x00000004   Code   RO          231    i.UsageFault_Handler  stm32f10x_it.o
    0x080009c0   0x00000020   Code   RO         5162    i.__0printf$8       mc_w.l(printf8.o)
    0x080009e0   0x0000000e   Code   RO         5257    i.__scatterload_copy  mc_w.l(handlers.o)
    0x080009ee   0x00000002   Code   RO         5258    i.__scatterload_null  mc_w.l(handlers.o)
    0x080009f0   0x0000000e   Code   RO         5259    i.__scatterload_zeroinit  mc_w.l(handlers.o)
    0x080009fe   0x00000002   PAD
    0x08000a00   0x00000410   Code   RO         5169    i._printf_core      mc_w.l(printf8.o)
    0x08000e10   0x00000024   Code   RO         5170    i._printf_post_padding  mc_w.l(printf8.o)
    0x08000e34   0x0000002e   Code   RO         5171    i._printf_pre_padding  mc_w.l(printf8.o)
    0x08000e62   0x00000002   PAD
    0x08000e64   0x00000050   Code   RO            6    i.com_fun           main.o
    0x08000eb4   0x0000007c   Code   RO         3621    i.eTaskGetState     tasks.o
    0x08000f30   0x0000000e   Code   RO          290    i.fputc             retarget.o
    0x08000f3e   0x00000002   PAD
    0x08000f40   0x00000168   Code   RO          332    i.get_task_info     tom_common_api.o
    0x080010a8   0x000000d4   Code   RO            7    i.main              main.o
    0x0800117c   0x00000280   Code   RO            8    i.main_FreeRTos     main.o
    0x080013fc   0x0000004c   Code   RO         4904    i.main_SPI          spi_test.o
    0x08001448   0x00000018   Code   RO         3622    i.pcTaskGetName     tasks.o
    0x08001460   0x00000098   Code   RO         3623    i.prvAddCurrentTaskToDelayedList  tasks.o
    0x080014f8   0x000000b4   Code   RO         3624    i.prvAddNewTaskToReadyList  tasks.o
    0x080015ac   0x0000004c   Code   RO         3961    i.prvCheckForValidListAndQueue  timers.o
    0x080015f8   0x00000048   Code   RO         3625    i.prvCheckTasksWaitingTermination  tasks.o
    0x08001640   0x0000002a   Code   RO         3449    i.prvCopyDataFromQueue  queue.o
    0x0800166a   0x0000007e   Code   RO         3450    i.prvCopyDataToQueue  queue.o
    0x080016e8   0x00000012   Code   RO         3626    i.prvDeleteTCB      tasks.o
    0x080016fa   0x00000014   Code   RO         3451    i.prvGetDisinheritPriorityAfterTimeout  queue.o
    0x0800170e   0x00000002   PAD
    0x08001710   0x00000028   Code   RO         3962    i.prvGetNextExpireTime  timers.o
    0x08001738   0x00000038   Code   RO         4088    i.prvHeapInit       heap_2.o
    0x08001770   0x00000028   Code   RO         3627    i.prvIdleTask       tasks.o
    0x08001798   0x0000001e   Code   RO         3452    i.prvInitialiseMutex  queue.o
    0x080017b6   0x00000026   Code   RO         3453    i.prvInitialiseNewQueue  queue.o
    0x080017dc   0x0000009a   Code   RO         3628    i.prvInitialiseNewTask  tasks.o
    0x08001876   0x0000003a   Code   RO         3963    i.prvInitialiseNewTimer  timers.o
    0x080018b0   0x00000068   Code   RO         3629    i.prvInitialiseTaskLists  tasks.o
    0x08001918   0x00000058   Code   RO         3964    i.prvInsertTimerInActiveList  timers.o
    0x08001970   0x0000001a   Code   RO         3454    i.prvIsQueueEmpty   queue.o
    0x0800198a   0x0000001e   Code   RO         3455    i.prvIsQueueFull    queue.o
    0x080019a8   0x0000005c   Code   RO         3965    i.prvProcessExpiredTimer  timers.o
    0x08001a04   0x000000fc   Code   RO         3966    i.prvProcessReceivedCommands  timers.o
    0x08001b00   0x00000074   Code   RO         3967    i.prvProcessTimerOrBlockTask  timers.o
    0x08001b74   0x00000034   Code   RO         3630    i.prvResetNextTaskUnblockTime  tasks.o
    0x08001ba8   0x0000002c   Code   RO         3968    i.prvSampleTimeNow  timers.o
    0x08001bd4   0x00000088   Code   RO         3969    i.prvSwitchTimerLists  timers.o
    0x08001c5c   0x00000016   Code   RO         3631    i.prvTaskCheckFreeStackSpace  tasks.o
    0x08001c72   0x00000016   Code   RO         4127    i.prvTaskExitError  port.o
    0x08001c88   0x0000001a   Code   RO         3970    i.prvTimerTask      timers.o
    0x08001ca2   0x0000007e   Code   RO         3456    i.prvUnlockQueue    queue.o
    0x08001d20   0x000000b8   Code   RO         4089    i.pvPortMalloc      heap_2.o
    0x08001dd8   0x00000020   Code   RO         3633    i.pvTaskIncrementMutexHeldCount  tasks.o
    0x08001df8   0x00000024   Code   RO         4128    i.pxPortInitialiseStack  port.o
    0x08001e1c   0x000000a4   Code   RO         4813    i.sFLASH_Init       spi_flash.o
    0x08001ec0   0x0000006c   Code   RO         4816    i.sFLASH_ReadID     spi_flash.o
    0x08001f2c   0x00000038   Code   RO         4817    i.sFLASH_SendByte   spi_flash.o
    0x08001f64   0x00000028   Code   RO            9    i.test1Timer_HandleCallback  main.o
    0x08001f8c   0x00000028   Code   RO         3401    i.uxListRemove      list.o
    0x08001fb4   0x00000028   Code   RO         3636    i.uxTaskGetStackHighWaterMark  tasks.o
    0x08001fdc   0x0000001a   Code   RO         3402    i.vListInitialise   list.o
    0x08001ff6   0x00000006   Code   RO         3403    i.vListInitialiseItem  list.o
    0x08001ffc   0x00000034   Code   RO         3404    i.vListInsert       list.o
    0x08002030   0x00000018   Code   RO         3405    i.vListInsertEnd    list.o
    0x08002048   0x00000024   Code   RO         4130    i.vPortEnterCritical  port.o
    0x0800206c   0x00000020   Code   RO         4131    i.vPortExitCritical  port.o
    0x0800208c   0x00000040   Code   RO         4090    i.vPortFree         heap_2.o
    0x080020cc   0x00000018   Code   RO         4132    i.vPortSetupTimerInterrupt  port.o
    0x080020e4   0x0000004a   Code   RO         3461    i.vQueueWaitForMessageRestricted  queue.o
    0x0800212e   0x00000002   PAD
    0x08002130   0x00000034   Code   RO         3640    i.vTaskDelay        tasks.o
    0x08002164   0x00000018   Code   RO         3644    i.vTaskInternalSetTimeOutState  tasks.o
    0x0800217c   0x0000000c   Code   RO         3645    i.vTaskMissedYield  tasks.o
    0x08002188   0x00000020   Code   RO         3647    i.vTaskPlaceOnEventList  tasks.o
    0x080021a8   0x00000028   Code   RO         3648    i.vTaskPlaceOnEventListRestricted  tasks.o
    0x080021d0   0x000000b0   Code   RO         3650    i.vTaskPriorityDisinheritAfterTimeout  tasks.o
    0x08002280   0x00000070   Code   RO         3655    i.vTaskStartScheduler  tasks.o
    0x080022f0   0x00000010   Code   RO         3657    i.vTaskSuspendAll   tasks.o
    0x08002300   0x00000060   Code   RO         3658    i.vTaskSwitchContext  tasks.o
    0x08002360   0x00000034   Code   RO         4133    i.xPortStartScheduler  port.o
    0x08002394   0x00000040   Code   RO         4134    i.xPortSysTickHandler  port.o
    0x080023d4   0x00000022   Code   RO         3462    i.xQueueCreateMutex  queue.o
    0x080023f6   0x0000003a   Code   RO         3463    i.xQueueGenericCreate  queue.o
    0x08002430   0x00000080   Code   RO         3464    i.xQueueGenericReset  queue.o
    0x080024b0   0x00000118   Code   RO         3465    i.xQueueGenericSend  queue.o
    0x080025c8   0x00000086   Code   RO         3466    i.xQueueGenericSendFromISR  queue.o
    0x0800264e   0x00000002   PAD
    0x08002650   0x00000104   Code   RO         3472    i.xQueueReceive     queue.o
    0x08002754   0x00000130   Code   RO         3474    i.xQueueSemaphoreTake  queue.o
    0x08002884   0x0000005c   Code   RO         3659    i.xTaskCheckForTimeOut  tasks.o
    0x080028e0   0x00000060   Code   RO         3660    i.xTaskCreate       tasks.o
    0x08002940   0x00000020   Code   RO         3664    i.xTaskGetSchedulerState  tasks.o
    0x08002960   0x0000000c   Code   RO         3665    i.xTaskGetTickCount  tasks.o
    0x0800296c   0x0000011c   Code   RO         3667    i.xTaskIncrementTick  tasks.o
    0x08002a88   0x00000084   Code   RO         3670    i.xTaskPriorityDisinherit  tasks.o
    0x08002b0c   0x000000c8   Code   RO         3671    i.xTaskPriorityInherit  tasks.o
    0x08002bd4   0x00000080   Code   RO         3672    i.xTaskRemoveFromEventList  tasks.o
    0x08002c54   0x000000e8   Code   RO         3673    i.xTaskResumeAll    tasks.o
    0x08002d3c   0x00000036   Code   RO         3974    i.xTimerCreate      timers.o
    0x08002d72   0x00000002   PAD
    0x08002d74   0x0000003c   Code   RO         3975    i.xTimerCreateTimerTask  timers.o
    0x08002db0   0x0000006c   Code   RO         3976    i.xTimerGenericCommand  timers.o
    0x08002e1c   0x00000051   Data   RO           10    .constdata          main.o
    0x08002e6d   0x0000000e   Data   RO         4824    .constdata          spi_flash.o
    0x08002e7b   0x00000001   PAD
    0x08002e7c   0x00000020   Data   RO         5255    Region$$Table       anon$$obj.o


    Execution Region RW_IRAM1 (Base: 0x20000000, Size: 0x000047a0, Max: 0x00020000, ABSOLUTE)

    Base Addr    Size         Type   Attr      Idx    E Section Name        Object

    0x20000000   0x00000020   Data   RW           11    .data               main.o
    0x20000020   0x00000008   Data   RW          291    .data               retarget.o
    0x20000028   0x00000014   Data   RW         2031    .data               stm32f10x_rcc.o
    0x2000003c   0x0000003c   Data   RW         3676    .data               tasks.o
    0x20000078   0x00000014   Data   RW         3982    .data               timers.o
    0x2000008c   0x00000018   Data   RW         4094    .data               heap_2.o
    0x200000a4   0x00000008   Data   RW         4135    .data               port.o
    0x200000ac   0x000000c8   Zero   RW         3675    .bss                tasks.o
    0x20000174   0x00000028   Zero   RW         3981    .bss                timers.o
    0x2000019c   0x00004400   Zero   RW         4093    .bss                heap_2.o
    0x2000459c   0x00000004   PAD
    0x200045a0   0x00000200   Zero   RW          427    STACK               startup_stm32f10x_hd.o


==============================================================================

Image component sizes


      Code (inc. data)   RO Data    RW Data    ZI Data      Debug   Object Name

         0          0          0          0          0         32   core_cm3.o
       304         40          0         24      17408       3391   heap_2.o
       148          0          0          0          0       4342   list.o
      1416        722         81         32          0     259863   main.o
       416         50          0          8          0       8870   port.o
      1710         18          0          0          0      23401   queue.o
        14          0          0          8          0       2250   retarget.o
       328         38         14          0          0       1744   spi_flash.o
        76         40          0          0          0        491   spi_test.o
        36          8        304          0        512        872   startup_stm32f10x_hd.o
       286          0          0          0          0       3076   stm32f10x_gpio.o
        20          0          0          0          0       2377   stm32f10x_it.o
       244         26          0         20          0       3901   stm32f10x_rcc.o
       112          0          0          0          0       3902   stm32f10x_spi.o
       274          6          0          0          0       4072   stm32f10x_usart.o
       328         28          0          0          0       2109   system_stm32f10x.o
      2782        402          0         60        200      29929   tasks.o
      1150        108          0         20         40      12002   timers.o
       360        230          0          0          0        644   tom_common_api.o

    ----------------------------------------------------------------------
     10022       1716        432        172      18164     367268   Object Totals
         0          0         32          0          0          0   (incl. Generated)
        18          0          1          0          4          0   (incl. Padding)

    ----------------------------------------------------------------------

      Code (inc. data)   RO Data    RW Data    ZI Data      Debug   Library Member Name

         0          0          0          0          0          0   entry.o
         0          0          0          0          0          0   entry10a.o
         0          0          0          0          0          0   entry11a.o
         8          4          0          0          0          0   entry2.o
         4          0          0          0          0          0   entry5.o
         0          0          0          0          0          0   entry7b.o
         0          0          0          0          0          0   entry8b.o
         8          4          0          0          0          0   entry9a.o
        30          0          0          0          0          0   handlers.o
        36          8          0          0          0         68   init.o
        30          0          0          0          0         68   llshl.o
        32          0          0          0          0         68   llushr.o
        36          0          0          0          0         68   memcpya.o
        36          0          0          0          0        108   memseta.o
      1154         54          0          0          0        352   printf8.o
        98          0          0          0          0         92   uldiv.o

    ----------------------------------------------------------------------
      1478         70          0          0          0        824   Library Totals
         6          0          0          0          0          0   (incl. Padding)

    ----------------------------------------------------------------------

      Code (inc. data)   RO Data    RW Data    ZI Data      Debug   Library Name

      1472         70          0          0          0        824   mc_w.l

    ----------------------------------------------------------------------
      1478         70          0          0          0        824   Library Totals

    ----------------------------------------------------------------------

==============================================================================


      Code (inc. data)   RO Data    RW Data    ZI Data      Debug   

     11500       1786        432        172      18164     362108   Grand Totals
     11500       1786        432        172      18164     362108   ELF Image Totals
     11500       1786        432        172          0          0   ROM Totals

==============================================================================

    Total RO  Size (Code + RO Data)                11932 (  11.65kB)
    Total RW  Size (RW Data + ZI Data)             18336 (  17.91kB)
    Total ROM Size (Code + RO Data + RW Data)      12104 (  11.82kB)

==============================================================================

