<html>
<body>
<pre>
<h1>µVision Build Log</h1>
<h2>Tool Versions:</h2>
IDE-Version: ¶ÃVision V5.23.0.0
Copyright (C) 2017 ARM Ltd and ARM Germany GmbH. All rights reserved.
License Information: tom188 Microsoft, Microsoft, LIC=W9663-AEA7F-D29L7-EH88H-HXERD-RZUKW
 
Tool Versions:
Toolchain:       MDK-ARM Professional  Version: 5.23
Toolchain Path:  D:\program files (x86)\keil5\ARM\ARMCC\Bin
C Compiler:      Armcc.exe V5.06 update 4 (build 422)
Assembler:       Armasm.exe V5.06 update 4 (build 422)
Linker/Locator:  ArmLink.exe V5.06 update 4 (build 422)
Library Manager: ArmAr.exe V5.06 update 4 (build 422)
Hex Converter:   FromElf.exe V5.06 update 4 (build 422)
CPU DLL:         SARMCM3.DLL V5.23
Dialog DLL:      DCM.DLL V1.15.0.0
Target DLL:      STLink\ST-LINKIII-KEIL_SWO.dll V2.0.18.0
Dialog DLL:      TCM.DLL V1.27.0.0
 
<h2>Project:</h2>
F:\FreeRTOS_Study\tom_min_FreeRTOS_Demo\tom_min_sema.uvprojx
Project File Date:  10/07/2019

<h2>Output:</h2>
*** Using Compiler 'V5.06 update 4 (build 422)', folder: 'D:\program files (x86)\keil5\ARM\ARMCC\Bin'
Rebuild target 'Target 1'
creating preprocessor file for main.c...
creating preprocessor file for stm32f10x_it.c...
creating preprocessor file for retarget.c...
compiling main.c...
.\User\include\Tom_Common_Api.h(17): warning:  #1-D: last line of file ends without a newline
  #endif
main\main.c(39): warning:  #177-D: variable "fac_ms"  was declared but never referenced
  static u16 fac_ms=0;//ms—” ±±∂≥À ˝
main\main.c(40): warning:  #177-D: variable "count"  was declared but never referenced
  static u32 count=0;
main\main.c: 3 warnings, 0 errors
compiling stm32f10x_it.c...
compiling retarget.c...
creating preprocessor file for Tom_Common_Api.c...
compiling Tom_Common_Api.c...
.\User\include\Tom_Common_Api.h(17): warning:  #1-D: last line of file ends without a newline
  #endif
User\source\Tom_Common_Api.c(43): warning:  #1-D: last line of file ends without a newline
  }
User\source\Tom_Common_Api.c: 2 warnings, 0 errors
creating preprocessor file for core_cm3.c...
creating preprocessor file for system_stm32f10x.c...
assembling startup_stm32f10x_hd.s...
compiling core_cm3.c...
creating preprocessor file for misc.c...
compiling system_stm32f10x.c...
creating preprocessor file for stm32f10x_adc.c...
creating preprocessor file for stm32f10x_bkp.c...
compiling misc.c...
creating preprocessor file for stm32f10x_can.c...
compiling stm32f10x_adc.c...
compiling stm32f10x_bkp.c...
creating preprocessor file for stm32f10x_cec.c...
compiling stm32f10x_can.c...
creating preprocessor file for stm32f10x_crc.c...
creating preprocessor file for stm32f10x_dac.c...
compiling stm32f10x_cec.c...
compiling stm32f10x_crc.c...
creating preprocessor file for stm32f10x_dbgmcu.c...
creating preprocessor file for stm32f10x_dma.c...
compiling stm32f10x_dac.c...
compiling stm32f10x_dbgmcu.c...
creating preprocessor file for stm32f10x_exti.c...
compiling stm32f10x_dma.c...
creating preprocessor file for stm32f10x_flash.c...
creating preprocessor file for stm32f10x_fsmc.c...
compiling stm32f10x_exti.c...
compiling stm32f10x_flash.c...
creating preprocessor file for stm32f10x_gpio.c...
compiling stm32f10x_fsmc.c...
creating preprocessor file for stm32f10x_i2c.c...
compiling stm32f10x_gpio.c...
compiling stm32f10x_i2c.c...
creating preprocessor file for stm32f10x_iwdg.c...
creating preprocessor file for stm32f10x_pwr.c...
compiling stm32f10x_iwdg.c...
creating preprocessor file for stm32f10x_rcc.c...
compiling stm32f10x_pwr.c...
creating preprocessor file for stm32f10x_rtc.c...
compiling stm32f10x_rtc.c...
creating preprocessor file for stm32f10x_sdio.c...
compiling stm32f10x_rcc.c...
creating preprocessor file for stm32f10x_spi.c...
compiling stm32f10x_sdio.c...
creating preprocessor file for stm32f10x_tim.c...
compiling stm32f10x_spi.c...
creating preprocessor file for stm32f10x_usart.c...
compiling stm32f10x_tim.c...
compiling stm32f10x_usart.c...
creating preprocessor file for stm32f10x_wwdg.c...
creating preprocessor file for list.c...
compiling stm32f10x_wwdg.c...
creating preprocessor file for queue.c...
compiling list.c...
creating preprocessor file for tasks.c...
compiling queue.c...
creating preprocessor file for timers.c...
compiling tasks.c...
creating preprocessor file for heap_2.c...
compiling timers.c...
compiling heap_2.c...
creating preprocessor file for port.c...
creating preprocessor file for stm32_eval_sdio_sd.c...
compiling port.c...
creating preprocessor file for stm3210e_eval.c...
creating preprocessor file for diskio.c...
compiling stm3210e_eval.c...
compiling stm32_eval_sdio_sd.c...
creating preprocessor file for ff.c...
compiling ff.c...
compiling diskio.c...
linking...
Program Size: Code=9488 RO-data=440 RW-data=188 ZI-data=21644  
FromELF: creating hex file...
".\Objects\tom_min_sema.axf" - 0 Error(s), 5 Warning(s).

<h2>Collection of Component include folders:</h2>
  .\RTE\_Target_1
  D:\program files (x86)\keil5\ARM\PACK\Keil\STM32F1xx_DFP\2.3.0\Device\Include

<h2>Collection of Component Files used:</h2>
Build Time Elapsed:  00:01:44
</pre>
</body>
</html>
